Archive member included to satisfy reference by file (symbol)

C:/ST/STM32CubeIDE/STM32CubeIDE/plugins/com.st.stm32cube.ide.mcu.externaltools.gnu-tools-for-stm32.12.3.rel1.win32_1.1.0.202410251130/tools/bin/../lib/gcc/arm-none-eabi/12.3.1/../../../../arm-none-eabi/lib/thumb/v7e-m+fp/hard\libc_nano.a(libc_a-exit.o)
                              C:/ST/STM32CubeIDE/STM32CubeIDE/plugins/com.st.stm32cube.ide.mcu.externaltools.gnu-tools-for-stm32.12.3.rel1.win32_1.1.0.202410251130/tools/bin/../lib/gcc/arm-none-eabi/12.3.1/../../../../arm-none-eabi/lib/thumb/v7e-m+fp/hard/crt0.o (exit)
C:/ST/STM32CubeIDE/STM32CubeIDE/plugins/com.st.stm32cube.ide.mcu.externaltools.gnu-tools-for-stm32.12.3.rel1.win32_1.1.0.202410251130/tools/bin/../lib/gcc/arm-none-eabi/12.3.1/../../../../arm-none-eabi/lib/thumb/v7e-m+fp/hard\libc_nano.a(libc_a-findfp.o)
                              C:/ST/STM32CubeIDE/STM32CubeIDE/plugins/com.st.stm32cube.ide.mcu.externaltools.gnu-tools-for-stm32.12.3.rel1.win32_1.1.0.202410251130/tools/bin/../lib/gcc/arm-none-eabi/12.3.1/../../../../arm-none-eabi/lib/thumb/v7e-m+fp/hard\libc_nano.a(libc_a-exit.o) (__stdio_exit_handler)
C:/ST/STM32CubeIDE/STM32CubeIDE/plugins/com.st.stm32cube.ide.mcu.externaltools.gnu-tools-for-stm32.12.3.rel1.win32_1.1.0.202410251130/tools/bin/../lib/gcc/arm-none-eabi/12.3.1/../../../../arm-none-eabi/lib/thumb/v7e-m+fp/hard\libc_nano.a(libc_a-fwalk.o)
                              C:/ST/STM32CubeIDE/STM32CubeIDE/plugins/com.st.stm32cube.ide.mcu.externaltools.gnu-tools-for-stm32.12.3.rel1.win32_1.1.0.202410251130/tools/bin/../lib/gcc/arm-none-eabi/12.3.1/../../../../arm-none-eabi/lib/thumb/v7e-m+fp/hard\libc_nano.a(libc_a-findfp.o) (_fwalk_sglue)
C:/ST/STM32CubeIDE/STM32CubeIDE/plugins/com.st.stm32cube.ide.mcu.externaltools.gnu-tools-for-stm32.12.3.rel1.win32_1.1.0.202410251130/tools/bin/../lib/gcc/arm-none-eabi/12.3.1/../../../../arm-none-eabi/lib/thumb/v7e-m+fp/hard\libc_nano.a(libc_a-snprintf.o)
                              ./Core/Inc/ssd1306_tests.o (snprintf)
C:/ST/STM32CubeIDE/STM32CubeIDE/plugins/com.st.stm32cube.ide.mcu.externaltools.gnu-tools-for-stm32.12.3.rel1.win32_1.1.0.202410251130/tools/bin/../lib/gcc/arm-none-eabi/12.3.1/../../../../arm-none-eabi/lib/thumb/v7e-m+fp/hard\libc_nano.a(libc_a-stdio.o)
                              C:/ST/STM32CubeIDE/STM32CubeIDE/plugins/com.st.stm32cube.ide.mcu.externaltools.gnu-tools-for-stm32.12.3.rel1.win32_1.1.0.202410251130/tools/bin/../lib/gcc/arm-none-eabi/12.3.1/../../../../arm-none-eabi/lib/thumb/v7e-m+fp/hard\libc_nano.a(libc_a-findfp.o) (__sread)
C:/ST/STM32CubeIDE/STM32CubeIDE/plugins/com.st.stm32cube.ide.mcu.externaltools.gnu-tools-for-stm32.12.3.rel1.win32_1.1.0.202410251130/tools/bin/../lib/gcc/arm-none-eabi/12.3.1/../../../../arm-none-eabi/lib/thumb/v7e-m+fp/hard\libc_nano.a(libc_a-memmove.o)
                              ./Core/Inc/ssd1306_tests.o (memmove)
C:/ST/STM32CubeIDE/STM32CubeIDE/plugins/com.st.stm32cube.ide.mcu.externaltools.gnu-tools-for-stm32.12.3.rel1.win32_1.1.0.202410251130/tools/bin/../lib/gcc/arm-none-eabi/12.3.1/../../../../arm-none-eabi/lib/thumb/v7e-m+fp/hard\libc_nano.a(libc_a-memset.o)
                              C:/ST/STM32CubeIDE/STM32CubeIDE/plugins/com.st.stm32cube.ide.mcu.externaltools.gnu-tools-for-stm32.12.3.rel1.win32_1.1.0.202410251130/tools/bin/../lib/gcc/arm-none-eabi/12.3.1/../../../../arm-none-eabi/lib/thumb/v7e-m+fp/hard/crt0.o (memset)
C:/ST/STM32CubeIDE/STM32CubeIDE/plugins/com.st.stm32cube.ide.mcu.externaltools.gnu-tools-for-stm32.12.3.rel1.win32_1.1.0.202410251130/tools/bin/../lib/gcc/arm-none-eabi/12.3.1/../../../../arm-none-eabi/lib/thumb/v7e-m+fp/hard\libc_nano.a(libc_a-closer.o)
                              C:/ST/STM32CubeIDE/STM32CubeIDE/plugins/com.st.stm32cube.ide.mcu.externaltools.gnu-tools-for-stm32.12.3.rel1.win32_1.1.0.202410251130/tools/bin/../lib/gcc/arm-none-eabi/12.3.1/../../../../arm-none-eabi/lib/thumb/v7e-m+fp/hard\libc_nano.a(libc_a-stdio.o) (_close_r)
C:/ST/STM32CubeIDE/STM32CubeIDE/plugins/com.st.stm32cube.ide.mcu.externaltools.gnu-tools-for-stm32.12.3.rel1.win32_1.1.0.202410251130/tools/bin/../lib/gcc/arm-none-eabi/12.3.1/../../../../arm-none-eabi/lib/thumb/v7e-m+fp/hard\libc_nano.a(libc_a-reent.o)
                              C:/ST/STM32CubeIDE/STM32CubeIDE/plugins/com.st.stm32cube.ide.mcu.externaltools.gnu-tools-for-stm32.12.3.rel1.win32_1.1.0.202410251130/tools/bin/../lib/gcc/arm-none-eabi/12.3.1/../../../../arm-none-eabi/lib/thumb/v7e-m+fp/hard\libc_nano.a(libc_a-closer.o) (errno)
C:/ST/STM32CubeIDE/STM32CubeIDE/plugins/com.st.stm32cube.ide.mcu.externaltools.gnu-tools-for-stm32.12.3.rel1.win32_1.1.0.202410251130/tools/bin/../lib/gcc/arm-none-eabi/12.3.1/../../../../arm-none-eabi/lib/thumb/v7e-m+fp/hard\libc_nano.a(libc_a-impure.o)
[...]
Memory Configuration

Name             Origin             Length             Attributes
RAM              0x20000000         0x00020000         xrw
FLASH            0x08000000         0x00080000         xr
*default*        0x00000000         0xffffffff

Linker script and memory map

LOAD C:/ST/STM32CubeIDE/STM32CubeIDE/plugins/com.st.stm32cube.ide.mcu.externaltools.gnu-tools-for-stm32.12.3.rel1.win32_1.1.0.202410251130/tools/bin/../lib/gcc/arm-none-eabi/12.3.1/thumb/v7e-m+fp/hard/crti.o
LOAD C:/ST/STM32CubeIDE/STM32CubeIDE/plugins/com.st.stm32cube.ide.mcu.externaltools.gnu-tools-for-stm32.12.3.rel1.win32_1.1.0.202410251130/tools/bin/../lib/gcc/arm-none-eabi/12.3.1/thumb/v7e-m+fp/hard/crtbegin.o
LOAD C:/ST/STM32CubeIDE/STM32CubeIDE/plugins/com.st.stm32cube.ide.mcu.externaltools.gnu-tools-for-stm32.12.3.rel1.win32_1.1.0.202410251130/tools/bin/../lib/gcc/arm-none-eabi/12.3.1/../../../../arm-none-eabi/lib/thumb/v7e-m+fp/hard/crt0.o
LOAD ./Core/Inc/ssd1306.o
LOAD ./Core/Inc/ssd1306_fonts.o
LOAD ./Core/Inc/ssd1306_tests.o
LOAD ./Core/Src/main.o
LOAD ./Core/Src/motorDriver.o
LOAD ./Core/Src/retardos.o
LOAD ./Core/Src/stm32f4xx_hal_msp.o
LOAD ./Core/Src/stm32f4xx_it.o
LOAD ./Core/Src/syscalls.o
LOAD ./Core/Src/sysmem.o
LOAD ./Core/Src/system_stm32f4xx.o
LOAD ./Core/Startup/startup_stm32f411ceux.o
LOAD ./Drivers/STM32F4xx_HAL_Driver/Src/stm32f4xx_hal.o
LOAD ./Drivers/STM32F4xx_HAL_Driver/Src/stm32f4xx_hal_adc.o
LOAD ./Drivers/STM32F4xx_HAL_Driver/Src/stm32f4xx_hal_adc_ex.o
LOAD ./Drivers/STM32F4xx_HAL_Driver/Src/stm32f4xx_hal_cortex.o
LOAD ./Drivers/STM32F4xx_HAL_Driver/Src/stm32f4xx_hal_dma.o
LOAD ./Drivers/STM32F4xx_HAL_Driver/Src/stm32f4xx_hal_dma_ex.o
LOAD ./Drivers/STM32F4xx_HAL_Driver/Src/stm32f4xx_hal_exti.o
LOAD ./Drivers/STM32F4xx_HAL_Driver/Src/stm32f4xx_hal_flash.o
LOAD ./Drivers/STM32F4xx_HAL_Driver/Src/stm32f4xx_hal_flash_ex.o
LOAD ./Drivers/STM32F4xx_HAL_Driver/Src/stm32f4xx_hal_flash_ramfunc.o
LOAD ./Drivers/STM32F4xx_HAL_Driver/Src/stm32f4xx_hal_gpio.o
LOAD ./Drivers/STM32F4xx_HAL_Driver/Src/stm32f4xx_hal_i2c.o
LOAD ./Drivers/STM32F4xx_HAL_Driver/Src/stm32f4xx_hal_i2c_ex.o
LOAD ./Drivers/STM32F4xx_HAL_Driver/Src/stm32f4xx_hal_pcd.o
LOAD ./Drivers/STM32F4xx_HAL_Driver/Src/stm32f4xx_hal_pcd_ex.o
LOAD ./Drivers/STM32F4xx_HAL_Driver/Src/stm32f4xx_hal_pwr.o
LOAD ./Drivers/STM32F4xx_HAL_Driver/Src/stm32f4xx_hal_pwr_ex.o
LOAD ./Drivers/STM32F4xx_HAL_Driver/Src/stm32f4xx_hal_rcc.o
LOAD ./Drivers/STM32F4xx_HAL_Driver/Src/stm32f4xx_hal_rcc_ex.o
LOAD ./Drivers/STM32F4xx_HAL_Driver/Src/stm32f4xx_hal_tim.o
LOAD ./Drivers/STM32F4xx_HAL_Driver/Src/stm32f4xx_hal_tim_ex.o
LOAD ./Drivers/STM32F4xx_HAL_Driver/Src/stm32f4xx_ll_adc.o
LOAD ./Drivers/STM32F4xx_HAL_Driver/Src/stm32f4xx_ll_usb.o
LOAD ./Middlewares/ST/STM32_USB_Device_Library/Class/CDC/Src/usbd_cdc.o
LOAD ./Middlewares/ST/STM32_USB_Device_Library/Core/Src/usbd_core.o
LOAD ./Middlewares/ST/STM32_USB_Device_Library/Core/Src/usbd_ctlreq.o
LOAD ./Middlewares/ST/STM32_USB_Device_Library/Core/Src/usbd_ioreq.o
LOAD ./USB_DEVICE/App/usb_device.o
LOAD ./USB_DEVICE/App/usbd_cdc_if.o
LOAD ./USB_DEVICE/App/usbd_desc.o
LOAD ./USB_DEVICE/Target/usbd_conf.o
START GROUP
LOAD C:/ST/STM32CubeIDE/STM32CubeIDE/plugins/com.st.stm32cube.ide.mcu.externaltools.gnu-tools-for-stm32.12.3.rel1.win32_1.1.0.202410251130/tools/bin/../lib/gcc/arm-none-eabi/12.3.1/../../../../arm-none-eabi/lib/thumb/v7e-m+fp/hard\libc_nano.a
LOAD C:/ST/STM32CubeIDE/STM32CubeIDE/plugins/com.st.stm32cube.ide.mcu.externaltools.gnu-tools-for-stm32.12.3.rel1.win32_1.1.0.202410251130/tools/bin/../lib/gcc/arm-none-eabi/12.3.1/../../../../arm-none-eabi/lib/thumb/v7e-m+fp/hard\libm.a
END GROUP
START GROUP
LOAD C:/ST/STM32CubeIDE/STM32CubeIDE/plugins/com.st.stm32cube.ide.mcu.externaltools.gnu-tools-for-stm32.12.3.rel1.win32_1.1.0.202410251130/tools/bin/../lib/gcc/arm-none-eabi/12.3.1/thumb/v7e-m+fp/hard\libgcc.a
LOAD C:/ST/STM32CubeIDE/STM32CubeIDE/plugins/com.st.stm32cube.ide.mcu.externaltools.gnu-tools-for-stm32.12.3.rel1.win32_1.1.0.202410251130/tools/bin/../lib/gcc/arm-none-eabi/12.3.1/../../../../arm-none-eabi/lib/thumb/v7e-m+fp/hard\libc_nano.a
END GROUP
START GROUP
LOAD C:/ST/STM32CubeIDE/STM32CubeIDE/plugins/com.st.stm32cube.ide.mcu.externaltools.gnu-tools-for-stm32.12.3.rel1.win32_1.1.0.202410251130/tools/bin/../lib/gcc/arm-none-eabi/12.3.1/thumb/v7e-m+fp/hard\libgcc.a
LOAD C:/ST/STM32CubeIDE/STM32CubeIDE/plugins/com.st.stm32cube.ide.mcu.externaltools.gnu-tools-for-stm32.12.3.rel1.win32_1.1.0.202410251130/tools/bin/../lib/gcc/arm-none-eabi/12.3.1/../../../../arm-none-eabi/lib/thumb/v7e-m+fp/hard\libc_nano.a
LOAD C:/ST/STM32CubeIDE/STM32CubeIDE/plugins/com.st.stm32cube.ide.mcu.externaltools.gnu-tools-for-stm32.12.3.rel1.win32_1.1.0.202410251130/tools/bin/../lib/gcc/arm-none-eabi/12.3.1/../../../../arm-none-eabi/lib/thumb/v7e-m+fp/hard\libnosys.a
END GROUP
START GROUP
LOAD C:/ST/STM32CubeIDE/STM32CubeIDE/plugins/com.st.stm32cube.ide.mcu.externaltools.gnu-tools-for-stm32.12.3.rel1.win32_1.1.0.202410251130/tools/bin/../lib/gcc/arm-none-eabi/12.3.1/thumb/v7e-m+fp/hard\libgcc.a
LOAD C:/ST/STM32CubeIDE/STM32CubeIDE/plugins/com.st.stm32cube.ide.mcu.externaltools.gnu-tools-for-stm32.12.3.rel1.win32_1.1.0.202410251130/tools/bin/../lib/gcc/arm-none-eabi/12.3.1/../../../../arm-none-eabi/lib/thumb/v7e-m+fp/hard\libc_nano.a
LOAD C:/ST/STM32CubeIDE/STM32CubeIDE/plugins/com.st.stm32cube.ide.mcu.externaltools.gnu-tools-for-stm32.12.3.rel1.win32_1.1.0.202410251130/tools/bin/../lib/gcc/arm-none-eabi/12.3.1/../../../../arm-none-eabi/lib/thumb/v7e-m+fp/hard\libnosys.a
END GROUP
LOAD C:/ST/STM32CubeIDE/STM32CubeIDE/plugins/com.st.stm32cube.ide.mcu.externaltools.gnu-tools-for-stm32.12.3.rel1.win32_1.1.0.202410251130/tools/bin/../lib/gcc/arm-none-eabi/12.3.1/thumb/v7e-m+fp/hard/crtend.o
LOAD C:/ST/STM32CubeIDE/STM32CubeIDE/plugins/com.st.stm32cube.ide.mcu.externaltools.gnu-tools-for-stm32.12.3.rel1.win32_1.1.0.202410251130/tools/bin/../lib/gcc/arm-none-eabi/12.3.1/thumb/v7e-m+fp/hard/crtn.o
                0x20020000                        _estack = (ORIGIN (RAM) + LENGTH (RAM))
                0x00000200                        _Min_Heap_Size = 0x200
                0x00000400                        _Min_Stack_Size = 0x400

.isr_vector     0x08000000      0x198
                0x08000000                        . = ALIGN (0x4)
 *(.isr_vector)
 .isr_vector    0x08000000      0x198 ./Core/Startup/startup_stm32f411ceux.o
                0x08000000                g_pfnVectors
                0x08000198                        . = ALIGN (0x4)

.text           0x08000198     0x856c
                0x08000198                        . = ALIGN (0x4)
 *(.text)
 .text          0x08000198       0x40 C:/ST/STM32CubeIDE/STM32CubeIDE/plugins/com.st.stm32cube.ide.mcu.externaltools.gnu-tools-for-stm32.12.3.rel1.win32_1.1.0.202410251130/tools/bin/../lib/gcc/arm-none-eabi/12.3.1/thumb/v7e-m+fp/hard/crtbegin.o
 .text          0x080001d8       0x30 C:/ST/STM32CubeIDE/STM32CubeIDE/plugins/com.st.stm32cube.ide.mcu.externaltools.gnu-tools-for-stm32.12.3.rel1.win32_1.1.0.202410251130/tools/bin/../lib/gcc/arm-none-eabi/12.3.1/thumb/v7e-m+fp/hard\libgcc.a(_aeabi_uldivmod.o)
                0x080001d8                __aeabi_uldivmod
 .text          0x08000208      0x2bc C:/ST/STM32CubeIDE/STM32CubeIDE/plugins/com.st.stm32cube.ide.mcu.externaltools.gnu-tools-for-stm32.12.3.rel1.win32_1.1.0.202410251130/tools/bin/../lib/gcc/arm-none-eabi/12.3.1/thumb/v7e-m+fp/hard\libgcc.a(_udivmoddi4.o)
                0x08000208                __udivmoddi4
 .text          0x080004c4        0x4 C:/ST/STM32CubeIDE/STM32CubeIDE/plugins/com.st.stm32cube.ide.mcu.externaltools.gnu-tools-for-stm32.12.3.rel1.win32_1.1.0.202410251130/tools/bin/../lib/gcc/arm-none-eabi/12.3.1/thumb/v7e-m+fp/hard\libgcc.a(_dvmd_tls.o)
                0x080004c4                __aeabi_idiv0
                0x080004c4                __aeabi_ldiv0
 *(.text*)
 .text.calcularCRC
                0x080004c8       0x40 ./Core/Src/main.o
                0x080004c8                calcularCRC
 .text.serializarPaquete
                0x08000508       0xb4 ./Core/Src/main.o
                0x08000508                serializarPaquete
 .text.EnviarPaquete
                0x080005bc       0x84 ./Core/Src/main.o
                0x080005bc                EnviarPaquete
 .text.ObtenerRPM
                0x08000640       0x64 ./Core/Src/main.o
                0x08000640                ObtenerRPM
 .text.CDC_ReceiveCallBack
                0x080006a4       0x2c ./Core/Src/main.o
                0x080006a4                CDC_ReceiveCallBack
 .text.main     0x080006d0      0x124 ./Core/Src/main.o
                0x080006d0                main
 .text.SystemClock_Config
                0x080007f4       0xd0 ./Core/Src/main.o
                0x080007f4                SystemClock_Config
 .text.MX_ADC1_Init
                0x080008c4       0xa4 ./Core/Src/main.o
 .text.MX_I2C1_Init
                0x08000968       0x5c ./Core/Src/main.o
 .text.MX_TIM2_Init
                0x080009c4       0xa8 ./Core/Src/main.o
 .text.MX_TIM3_Init
                0x08000a6c       0x9c ./Core/Src/main.o
 .text.MX_TIM5_Init
                0x08000b08       0x9c ./Core/Src/main.o
 .text.MX_GPIO_Init
                0x08000ba4       0xec ./Core/Src/main.o
 .text.Error_Handler
                0x08000c90        0xc ./Core/Src/main.o
                0x08000c90                Error_Handler
 .text.motoresInit
                0x08000c9c       0x78 ./Core/Src/motorDriver.o
                0x08000c9c                motoresInit
 .text.delay_us_tim_init
                0x08000d14       0x20 ./Core/Src/retardos.o
                0x08000d14                delay_us_tim_init
 .text.delay_us_tim
                0x08000d34       0x2c ./Core/Src/retardos.o
                0x08000d34                delay_us_tim
 .text.Delay_ms
                0x08000d60       0x22 ./Core/Src/retardos.o
                0x08000d60                Delay_ms
 *fill*         0x08000d82        0x2 
 .text.HAL_MspInit
                0x08000d84       0x50 ./Core/Src/stm32f4xx_hal_msp.o
                0x08000d84                HAL_MspInit
 .text.HAL_ADC_MspInit
                0x08000dd4       0x88 ./Core/Src/stm32f4xx_hal_msp.o
                0x08000dd4                HAL_ADC_MspInit
 .text.HAL_I2C_MspInit
                0x08000e5c       0x90 ./Core/Src/stm32f4xx_hal_msp.o
                0x08000e5c                HAL_I2C_MspInit
 .text.HAL_TIM_Encoder_MspInit
                0x08000eec       0x8c ./Core/Src/stm32f4xx_hal_msp.o
                0x08000eec                HAL_TIM_Encoder_MspInit
 .text.HAL_TIM_Base_MspInit
                0x08000f78       0x70 ./Core/Src/stm32f4xx_hal_msp.o
                0x08000f78                HAL_TIM_Base_MspInit
 .text.NMI_Handler
                0x08000fe8        0x8 ./Core/Src/stm32f4xx_it.o
                0x08000fe8                NMI_Handler
 .text.HardFault_Handler
                0x08000ff0        0x8 ./Core/Src/stm32f4xx_it.o
                0x08000ff0                HardFault_Handler
 .text.MemManage_Handler
                0x08000ff8        0x8 ./Core/Src/stm32f4xx_it.o
                0x08000ff8                MemManage_Handler
 .text.BusFault_Handler
                0x08001000        0x8 ./Core/Src/stm32f4xx_it.o
                0x08001000                BusFault_Handler
 .text.UsageFault_Handler
                0x08001008        0x8 ./Core/Src/stm32f4xx_it.o
                0x08001008                UsageFault_Handler
 .text.SVC_Handler
                0x08001010        0xe ./Core/Src/stm32f4xx_it.o
                0x08001010                SVC_Handler
 .text.DebugMon_Handler
                0x0800101e        0xe ./Core/Src/stm32f4xx_it.o
                0x0800101e                DebugMon_Handler
 .text.PendSV_Handler
                0x0800102c        0xe ./Core/Src/stm32f4xx_it.o
                0x0800102c                PendSV_Handler
 .text.SysTick_Handler
                0x0800103a        0xc ./Core/Src/stm32f4xx_it.o
                0x0800103a                SysTick_Handler
 *fill*         0x08001046        0x2 
 .text.OTG_FS_IRQHandler
                0x08001048       0x14 ./Core/Src/stm32f4xx_it.o
                0x08001048                OTG_FS_IRQHandler
 .text.SystemInit
                0x0800105c       0x24 ./Core/Src/system_stm32f4xx.o
                0x0800105c                SystemInit
 .text.Reset_Handler
                0x08001080       0x50 ./Core/Startup/startup_stm32f411ceux.o
                0x08001080                Reset_Handler
 .text.Default_Handler
                0x080010d0        0x2 ./Core/Startup/startup_stm32f411ceux.o
                0x080010d0                RTC_Alarm_IRQHandler
                0x080010d0                EXTI2_IRQHandler
                0x080010d0                SPI4_IRQHandler
                0x080010d0                TIM1_CC_IRQHandler
                0x080010d0                DMA2_Stream5_IRQHandler
                0x080010d0                DMA1_Stream5_IRQHandler
                0x080010d0                PVD_IRQHandler
                0x080010d0                SDIO_IRQHandler
                0x080010d0                TAMP_STAMP_IRQHandler
                0x080010d0                EXTI3_IRQHandler
                0x080010d0                TIM1_UP_TIM10_IRQHandler
                0x080010d0                I2C3_ER_IRQHandler
                0x080010d0                EXTI0_IRQHandler
                0x080010d0                I2C2_EV_IRQHandler
                0x080010d0                DMA1_Stream2_IRQHandler
                0x080010d0                FPU_IRQHandler
                0x080010d0                DMA2_Stream2_IRQHandler
                0x080010d0                SPI1_IRQHandler
                0x080010d0                TIM1_BRK_TIM9_IRQHandler
                0x080010d0                DMA2_Stream3_IRQHandler
                0x080010d0                USART6_IRQHandler
                0x080010d0                DMA2_Stream0_IRQHandler
                0x080010d0                TIM4_IRQHandler
                0x080010d0                I2C1_EV_IRQHandler
                0x080010d0                DMA1_Stream6_IRQHandler
                0x080010d0                DMA1_Stream1_IRQHandler
                0x080010d0                TIM3_IRQHandler
                0x080010d0                RCC_IRQHandler
                0x080010d0                Default_Handler
                0x080010d0                EXTI15_10_IRQHandler
                0x080010d0                ADC_IRQHandler
                0x080010d0                DMA1_Stream7_IRQHandler
                0x080010d0                SPI5_IRQHandler
                0x080010d0                TIM5_IRQHandler
                0x080010d0                DMA2_Stream7_IRQHandler
                0x080010d0                I2C3_EV_IRQHandler
                0x080010d0                EXTI9_5_IRQHandler
                0x080010d0                RTC_WKUP_IRQHandler
                0x080010d0                SPI2_IRQHandler
                0x080010d0                DMA1_Stream0_IRQHandler
                0x080010d0                EXTI4_IRQHandler
                0x080010d0                WWDG_IRQHandler
                0x080010d0                TIM2_IRQHandler
                0x080010d0                OTG_FS_WKUP_IRQHandler
                0x080010d0                TIM1_TRG_COM_TIM11_IRQHandler
                0x080010d0                EXTI1_IRQHandler
                0x080010d0                USART2_IRQHandler
                0x080010d0                I2C2_ER_IRQHandler
                0x080010d0                DMA2_Stream1_IRQHandler
                0x080010d0                FLASH_IRQHandler
                0x080010d0                DMA2_Stream4_IRQHandler
                0x080010d0                USART1_IRQHandler
                0x080010d0                SPI3_IRQHandler
                0x080010d0                DMA1_Stream4_IRQHandler
                0x080010d0                I2C1_ER_IRQHandler
                0x080010d0                DMA2_Stream6_IRQHandler
                0x080010d0                DMA1_Stream3_IRQHandler
 *fill*         0x080010d2        0x2 
 .text.HAL_Init
                0x080010d4       0x44 ./Drivers/STM32F4xx_HAL_Driver/Src/stm32f4xx_hal.o
                0x080010d4                HAL_Init
 .text.HAL_InitTick
                0x08001118       0x60 ./Drivers/STM32F4xx_HAL_Driver/Src/stm32f4xx_hal.o
                0x08001118                HAL_InitTick
 .text.HAL_IncTick
                0x08001178       0x28 ./Drivers/STM32F4xx_HAL_Driver/Src/stm32f4xx_hal.o
                0x08001178                HAL_IncTick
 .text.HAL_GetTick
                0x080011a0       0x18 ./Drivers/STM32F4xx_HAL_Driver/Src/stm32f4xx_hal.o
                0x080011a0                HAL_GetTick
 .text.HAL_Delay
                0x080011b8       0x48 ./Drivers/STM32F4xx_HAL_Driver/Src/stm32f4xx_hal.o
                0x080011b8                HAL_Delay
 .text.HAL_ADC_Init
                0x08001200       0x86 ./Drivers/STM32F4xx_HAL_Driver/Src/stm32f4xx_hal_adc.o
                0x08001200                HAL_ADC_Init
 *fill*         0x08001286        0x2 
 .text.HAL_ADC_ConfigChannel
                0x08001288      0x264 ./Drivers/STM32F4xx_HAL_Driver/Src/stm32f4xx_hal_adc.o
                0x08001288                HAL_ADC_ConfigChannel
 .text.ADC_Init
                0x080014ec      0x1f8 ./Drivers/STM32F4xx_HAL_Driver/Src/stm32f4xx_hal_adc.o
 .text.__NVIC_SetPriorityGrouping
                0x080016e4       0x48 ./Drivers/STM32F4xx_HAL_Driver/Src/stm32f4xx_hal_cortex.o
 .text.__NVIC_GetPriorityGrouping
                0x0800172c       0x1c ./Drivers/STM32F4xx_HAL_Driver/Src/stm32f4xx_hal_cortex.o
 .text.__NVIC_EnableIRQ
                0x08001748       0x3c ./Drivers/STM32F4xx_HAL_Driver/Src/stm32f4xx_hal_cortex.o
 .text.__NVIC_SetPriority
                0x08001784       0x54 ./Drivers/STM32F4xx_HAL_Driver/Src/stm32f4xx_hal_cortex.o
 .text.NVIC_EncodePriority
                0x080017d8       0x66 ./Drivers/STM32F4xx_HAL_Driver/Src/stm32f4xx_hal_cortex.o
 *fill*         0x0800183e        0x2 
 .text.SysTick_Config
                0x08001840       0x44 ./Drivers/STM32F4xx_HAL_Driver/Src/stm32f4xx_hal_cortex.o
 .text.HAL_NVIC_SetPriorityGrouping
                0x08001884       0x16 ./Drivers/STM32F4xx_HAL_Driver/Src/stm32f4xx_hal_cortex.o
                0x08001884                HAL_NVIC_SetPriorityGrouping
 .text.HAL_NVIC_SetPriority
                0x0800189a       0x38 ./Drivers/STM32F4xx_HAL_Driver/Src/stm32f4xx_hal_cortex.o
                0x0800189a                HAL_NVIC_SetPriority
 .text.HAL_NVIC_EnableIRQ
                0x080018d2       0x1c ./Drivers/STM32F4xx_HAL_Driver/Src/stm32f4xx_hal_cortex.o
                0x080018d2                HAL_NVIC_EnableIRQ
 .text.HAL_SYSTICK_Config
                0x080018ee       0x18 ./Drivers/STM32F4xx_HAL_Driver/Src/stm32f4xx_hal_cortex.o
                0x080018ee                HAL_SYSTICK_Config
 *fill*         0x08001906        0x2 
 .text.HAL_GPIO_Init
                0x08001908      0x308 ./Drivers/STM32F4xx_HAL_Driver/Src/stm32f4xx_hal_gpio.o
                0x08001908                HAL_GPIO_Init
 .text.HAL_GPIO_WritePin
                0x08001c10       0x32 ./Drivers/STM32F4xx_HAL_Driver/Src/stm32f4xx_hal_gpio.o
                0x08001c10                HAL_GPIO_WritePin
 *fill*         0x08001c42        0x2 
 .text.HAL_I2C_Init
                0x08001c44      0x288 ./Drivers/STM32F4xx_HAL_Driver/Src/stm32f4xx_hal_i2c.o
                0x08001c44                HAL_I2C_Init
 .text.HAL_PCD_Init
                0x08001ecc      0x21e ./Drivers/STM32F4xx_HAL_Driver/Src/stm32f4xx_hal_pcd.o
                0x08001ecc                HAL_PCD_Init
 .text.HAL_PCD_Start
                0x080020ea       0x6a ./Drivers/STM32F4xx_HAL_Driver/Src/stm32f4xx_hal_pcd.o
                0x080020ea                HAL_PCD_Start
 .text.HAL_PCD_IRQHandler
                0x08002154      0x942 ./Drivers/STM32F4xx_HAL_Driver/Src/stm32f4xx_hal_pcd.o
                0x08002154                HAL_PCD_IRQHandler
 .text.HAL_PCD_SetAddress
                0x08002a96       0x48 ./Drivers/STM32F4xx_HAL_Driver/Src/stm32f4xx_hal_pcd.o
                0x08002a96                HAL_PCD_SetAddress
 .text.HAL_PCD_EP_Open
                0x08002ade       0xd4 ./Drivers/STM32F4xx_HAL_Driver/Src/stm32f4xx_hal_pcd.o
                0x08002ade                HAL_PCD_EP_Open
 .text.HAL_PCD_EP_Close
                0x08002bb2       0x94 ./Drivers/STM32F4xx_HAL_Driver/Src/stm32f4xx_hal_pcd.o
                0x08002bb2                HAL_PCD_EP_Close
 .text.HAL_PCD_EP_Receive
                0x08002c46       0x76 ./Drivers/STM32F4xx_HAL_Driver/Src/stm32f4xx_hal_pcd.o
                0x08002c46                HAL_PCD_EP_Receive
 .text.HAL_PCD_EP_GetRxCount
                0x08002cbc       0x30 ./Drivers/STM32F4xx_HAL_Driver/Src/stm32f4xx_hal_pcd.o
                0x08002cbc                HAL_PCD_EP_GetRxCount
 .text.HAL_PCD_EP_Transmit
                0x08002cec       0x74 ./Drivers/STM32F4xx_HAL_Driver/Src/stm32f4xx_hal_pcd.o
                0x08002cec                HAL_PCD_EP_Transmit
 .text.HAL_PCD_EP_SetStall
                0x08002d60       0xc6 ./Drivers/STM32F4xx_HAL_Driver/Src/stm32f4xx_hal_pcd.o
                0x08002d60                HAL_PCD_EP_SetStall
 .text.HAL_PCD_EP_ClrStall
                0x08002e26       0xac ./Drivers/STM32F4xx_HAL_Driver/Src/stm32f4xx_hal_pcd.o
                0x08002e26                HAL_PCD_EP_ClrStall
 .text.HAL_PCD_EP_Abort
                0x08002ed2       0x62 ./Drivers/STM32F4xx_HAL_Driver/Src/stm32f4xx_hal_pcd.o
                0x08002ed2                HAL_PCD_EP_Abort
 .text.PCD_WriteEmptyTxFifo
                0x08002f34      0x118 ./Drivers/STM32F4xx_HAL_Driver/Src/stm32f4xx_hal_pcd.o
 .text.PCD_EP_OutXfrComplete_int
                0x0800304c      0x1d0 ./Drivers/STM32F4xx_HAL_Driver/Src/stm32f4xx_hal_pcd.o
 .text.PCD_EP_OutSetupPacket_int
                0x0800321c       0x8c ./Drivers/STM32F4xx_HAL_Driver/Src/stm32f4xx_hal_pcd.o
 .text.HAL_PCDEx_SetTxFiFo
                0x080032a8       0x8e ./Drivers/STM32F4xx_HAL_Driver/Src/stm32f4xx_hal_pcd_ex.o
                0x080032a8                HAL_PCDEx_SetTxFiFo
 .text.HAL_PCDEx_SetRxFiFo
                0x08003336       0x22 ./Drivers/STM32F4xx_HAL_Driver/Src/stm32f4xx_hal_pcd_ex.o
                0x08003336                HAL_PCDEx_SetRxFiFo
 .text.HAL_PCDEx_LPM_Callback
                0x08003358       0x18 ./Drivers/STM32F4xx_HAL_Driver/Src/stm32f4xx_hal_pcd_ex.o
                0x08003358                HAL_PCDEx_LPM_Callback
 .text.HAL_RCC_OscConfig
                0x08003370      0x4f0 ./Drivers/STM32F4xx_HAL_Driver/Src/stm32f4xx_hal_rcc.o
                0x08003370                HAL_RCC_OscConfig
 .text.HAL_RCC_ClockConfig
                0x08003860      0x1cc ./Drivers/STM32F4xx_HAL_Driver/Src/stm32f4xx_hal_rcc.o
                0x08003860                HAL_RCC_ClockConfig
 .text.HAL_RCC_GetSysClockFreq
                0x08003a2c      0x18c ./Drivers/STM32F4xx_HAL_Driver/Src/stm32f4xx_hal_rcc.o
                0x08003a2c                HAL_RCC_GetSysClockFreq
 .text.HAL_RCC_GetHCLKFreq
                0x08003bb8       0x18 ./Drivers/STM32F4xx_HAL_Driver/Src/stm32f4xx_hal_rcc.o
                0x08003bb8                HAL_RCC_GetHCLKFreq
 .text.HAL_RCC_GetPCLK1Freq
                0x08003bd0       0x28 ./Drivers/STM32F4xx_HAL_Driver/Src/stm32f4xx_hal_rcc.o
                0x08003bd0                HAL_RCC_GetPCLK1Freq
 .text.HAL_TIM_Base_Init
                0x08003bf8       0x9e ./Drivers/STM32F4xx_HAL_Driver/Src/stm32f4xx_hal_tim.o
                0x08003bf8                HAL_TIM_Base_Init
 *fill*         0x08003c96        0x2 
 .text.HAL_TIM_Base_Start
                0x08003c98       0xb4 ./Drivers/STM32F4xx_HAL_Driver/Src/stm32f4xx_hal_tim.o
                0x08003c98                HAL_TIM_Base_Start
 .text.HAL_TIM_PWM_Start
                0x08003d4c      0x160 ./Drivers/STM32F4xx_HAL_Driver/Src/stm32f4xx_hal_tim.o
                0x08003d4c                HAL_TIM_PWM_Start
 .text.HAL_TIM_Encoder_Init
                0x08003eac      0x14c ./Drivers/STM32F4xx_HAL_Driver/Src/stm32f4xx_hal_tim.o
                0x08003eac                HAL_TIM_Encoder_Init
 .text.HAL_TIM_Encoder_Start
                0x08003ff8      0x11c ./Drivers/STM32F4xx_HAL_Driver/Src/stm32f4xx_hal_tim.o
                0x08003ff8                HAL_TIM_Encoder_Start
 .text.HAL_TIM_ConfigClockSource
                0x08004114      0x18e ./Drivers/STM32F4xx_HAL_Driver/Src/stm32f4xx_hal_tim.o
                0x08004114                HAL_TIM_ConfigClockSource
 *fill*         0x080042a2        0x2 
 .text.TIM_Base_SetConfig
                0x080042a4      0x118 ./Drivers/STM32F4xx_HAL_Driver/Src/stm32f4xx_hal_tim.o
                0x080042a4                TIM_Base_SetConfig
 .text.TIM_TI1_ConfigInputStage
                0x080043bc       0x5e ./Drivers/STM32F4xx_HAL_Driver/Src/stm32f4xx_hal_tim.o
 .text.TIM_TI2_ConfigInputStage
                0x0800441a       0x60 ./Drivers/STM32F4xx_HAL_Driver/Src/stm32f4xx_hal_tim.o
 .text.TIM_ITRx_SetConfig
                0x0800447a       0x36 ./Drivers/STM32F4xx_HAL_Driver/Src/stm32f4xx_hal_tim.o
 .text.TIM_ETR_SetConfig
                0x080044b0       0x40 ./Drivers/STM32F4xx_HAL_Driver/Src/stm32f4xx_hal_tim.o
                0x080044b0                TIM_ETR_SetConfig
 .text.TIM_CCxChannelCmd
                0x080044f0       0x4a ./Drivers/STM32F4xx_HAL_Driver/Src/stm32f4xx_hal_tim.o
                0x080044f0                TIM_CCxChannelCmd
 *fill*         0x0800453a        0x2 
 .text.HAL_TIMEx_MasterConfigSynchronization
                0x0800453c       0xdc ./Drivers/STM32F4xx_HAL_Driver/Src/stm32f4xx_hal_tim_ex.o
                0x0800453c                HAL_TIMEx_MasterConfigSynchronization
 .text.USB_CoreInit
                0x08004618       0xc8 ./Drivers/STM32F4xx_HAL_Driver/Src/stm32f4xx_ll_usb.o
                0x08004618                USB_CoreInit
 .text.USB_SetTurnaroundTime
                0x080046e0      0x144 ./Drivers/STM32F4xx_HAL_Driver/Src/stm32f4xx_ll_usb.o
                0x080046e0                USB_SetTurnaroundTime
 .text.USB_EnableGlobalInt
                0x08004824       0x22 ./Drivers/STM32F4xx_HAL_Driver/Src/stm32f4xx_ll_usb.o
                0x08004824                USB_EnableGlobalInt
 .text.USB_DisableGlobalInt
                0x08004846       0x22 ./Drivers/STM32F4xx_HAL_Driver/Src/stm32f4xx_ll_usb.o
                0x08004846                USB_DisableGlobalInt
 .text.USB_SetCurrentMode
                0x08004868       0x98 ./Drivers/STM32F4xx_HAL_Driver/Src/stm32f4xx_ll_usb.o
                0x08004868                USB_SetCurrentMode
 .text.USB_DevInit
                0x08004900      0x2c8 ./Drivers/STM32F4xx_HAL_Driver/Src/stm32f4xx_ll_usb.o
                0x08004900                USB_DevInit
 .text.USB_FlushTxFifo
                0x08004bc8       0x64 ./Drivers/STM32F4xx_HAL_Driver/Src/stm32f4xx_ll_usb.o
                0x08004bc8                USB_FlushTxFifo
 .text.USB_FlushRxFifo
                0x08004c2c       0x5c ./Drivers/STM32F4xx_HAL_Driver/Src/stm32f4xx_ll_usb.o
                0x08004c2c                USB_FlushRxFifo
 .text.USB_SetDevSpeed
                0x08004c88       0x32 ./Drivers/STM32F4xx_HAL_Driver/Src/stm32f4xx_ll_usb.o
                0x08004c88                USB_SetDevSpeed
 .text.USB_GetDevSpeed
                0x08004cba       0x4a ./Drivers/STM32F4xx_HAL_Driver/Src/stm32f4xx_ll_usb.o
                0x08004cba                USB_GetDevSpeed
 .text.USB_ActivateEndpoint
                0x08004d04      0x10e ./Drivers/STM32F4xx_HAL_Driver/Src/stm32f4xx_ll_usb.o
                0x08004d04                USB_ActivateEndpoint
 *fill*         0x08004e12        0x2 
 .text.USB_DeactivateEndpoint
                0x08004e14      0x1b8 ./Drivers/STM32F4xx_HAL_Driver/Src/stm32f4xx_ll_usb.o
                0x08004e14                USB_DeactivateEndpoint
 .text.USB_EPStartXfer
                0x08004fcc      0x53c ./Drivers/STM32F4xx_HAL_Driver/Src/stm32f4xx_ll_usb.o
                0x08004fcc                USB_EPStartXfer
 .text.USB_EPStopXfer
                0x08005508      0x154 ./Drivers/STM32F4xx_HAL_Driver/Src/stm32f4xx_ll_usb.o
                0x08005508                USB_EPStopXfer
 .text.USB_WritePacket
                0x0800565c       0x7c ./Drivers/STM32F4xx_HAL_Driver/Src/stm32f4xx_ll_usb.o
                0x0800565c                USB_WritePacket
 .text.USB_ReadPacket
                0x080056d8       0xb0 ./Drivers/STM32F4xx_HAL_Driver/Src/stm32f4xx_ll_usb.o
                0x080056d8                USB_ReadPacket
 .text.USB_EPSetStall
                0x08005788       0xdc ./Drivers/STM32F4xx_HAL_Driver/Src/stm32f4xx_ll_usb.o
                0x08005788                USB_EPSetStall
 .text.USB_EPClearStall
                0x08005864       0xcc ./Drivers/STM32F4xx_HAL_Driver/Src/stm32f4xx_ll_usb.o
                0x08005864                USB_EPClearStall
 .text.USB_SetDevAddress
                0x08005930       0x4c ./Drivers/STM32F4xx_HAL_Driver/Src/stm32f4xx_ll_usb.o
                0x08005930                USB_SetDevAddress
 .text.USB_DevConnect
                0x0800597c       0x42 ./Drivers/STM32F4xx_HAL_Driver/Src/stm32f4xx_ll_usb.o
                0x0800597c                USB_DevConnect
 .text.USB_DevDisconnect
                0x080059be       0x42 ./Drivers/STM32F4xx_HAL_Driver/Src/stm32f4xx_ll_usb.o
                0x080059be                USB_DevDisconnect
 .text.USB_ReadInterrupts
                0x08005a00       0x26 ./Drivers/STM32F4xx_HAL_Driver/Src/stm32f4xx_ll_usb.o
                0x08005a00                USB_ReadInterrupts
 .text.USB_ReadDevAllOutEpInterrupt
                0x08005a26       0x34 ./Drivers/STM32F4xx_HAL_Driver/Src/stm32f4xx_ll_usb.o
                0x08005a26                USB_ReadDevAllOutEpInterrupt
 .text.USB_ReadDevAllInEpInterrupt
                0x08005a5a       0x34 ./Drivers/STM32F4xx_HAL_Driver/Src/stm32f4xx_ll_usb.o
                0x08005a5a                USB_ReadDevAllInEpInterrupt
 .text.USB_ReadDevOutEPInterrupt
                0x08005a8e       0x3c ./Drivers/STM32F4xx_HAL_Driver/Src/stm32f4xx_ll_usb.o
                0x08005a8e                USB_ReadDevOutEPInterrupt
 .text.USB_ReadDevInEPInterrupt
                0x08005aca       0x5c ./Drivers/STM32F4xx_HAL_Driver/Src/stm32f4xx_ll_usb.o
                0x08005aca                USB_ReadDevInEPInterrupt
 .text.USB_GetMode
                0x08005b26       0x1c ./Drivers/STM32F4xx_HAL_Driver/Src/stm32f4xx_ll_usb.o
                0x08005b26                USB_GetMode
 .text.USB_ActivateSetup
                0x08005b42       0x46 ./Drivers/STM32F4xx_HAL_Driver/Src/stm32f4xx_ll_usb.o
                0x08005b42                USB_ActivateSetup
 .text.USB_EP0_OutStart
                0x08005b88       0xbc ./Drivers/STM32F4xx_HAL_Driver/Src/stm32f4xx_ll_usb.o
                0x08005b88                USB_EP0_OutStart
 .text.USB_CoreReset
                0x08005c44       0x62 ./Drivers/STM32F4xx_HAL_Driver/Src/stm32f4xx_ll_usb.o
 *fill*         0x08005ca6        0x2 
 .text.USBD_CDC_Init
                0x08005ca8      0x1f0 ./Middlewares/ST/STM32_USB_Device_Library/Class/CDC/Src/usbd_cdc.o
 .text.USBD_CDC_DeInit
                0x08005e98      0x104 ./Middlewares/ST/STM32_USB_Device_Library/Class/CDC/Src/usbd_cdc.o
 .text.USBD_CDC_Setup
                0x08005f9c      0x1b8 ./Middlewares/ST/STM32_USB_Device_Library/Class/CDC/Src/usbd_cdc.o
 .text.USBD_CDC_DataIn
                0x08006154       0xfe ./Middlewares/ST/STM32_USB_Device_Library/Class/CDC/Src/usbd_cdc.o
 .text.USBD_CDC_DataOut
                0x08006252       0x70 ./Middlewares/ST/STM32_USB_Device_Library/Class/CDC/Src/usbd_cdc.o
 .text.USBD_CDC_EP0_RxReady
                0x080062c2       0x74 ./Middlewares/ST/STM32_USB_Device_Library/Class/CDC/Src/usbd_cdc.o
 *fill*         0x08006336        0x2 
 .text.USBD_CDC_GetFSCfgDesc
                0x08006338       0x70 ./Middlewares/ST/STM32_USB_Device_Library/Class/CDC/Src/usbd_cdc.o
 .text.USBD_CDC_GetHSCfgDesc
                0x080063a8       0x70 ./Middlewares/ST/STM32_USB_Device_Library/Class/CDC/Src/usbd_cdc.o
 .text.USBD_CDC_GetOtherSpeedCfgDesc
                0x08006418       0x70 ./Middlewares/ST/STM32_USB_Device_Library/Class/CDC/Src/usbd_cdc.o
 .text.USBD_CDC_GetDeviceQualifierDescriptor
                0x08006488       0x20 ./Middlewares/ST/STM32_USB_Device_Library/Class/CDC/Src/usbd_cdc.o
                0x08006488                USBD_CDC_GetDeviceQualifierDescriptor
 .text.USBD_CDC_RegisterInterface
                0x080064a8       0x34 ./Middlewares/ST/STM32_USB_Device_Library/Class/CDC/Src/usbd_cdc.o
                0x080064a8                USBD_CDC_RegisterInterface
 .text.USBD_CDC_SetTxBuffer
                0x080064dc       0x44 ./Middlewares/ST/STM32_USB_Device_Library/Class/CDC/Src/usbd_cdc.o
                0x080064dc                USBD_CDC_SetTxBuffer
 .text.USBD_CDC_SetRxBuffer
                0x08006520       0x3a ./Middlewares/ST/STM32_USB_Device_Library/Class/CDC/Src/usbd_cdc.o
                0x08006520                USBD_CDC_SetRxBuffer
 *fill*         0x0800655a        0x2 
 .text.USBD_CDC_TransmitPacket
                0x0800655c       0x80 ./Middlewares/ST/STM32_USB_Device_Library/Class/CDC/Src/usbd_cdc.o
                0x0800655c                USBD_CDC_TransmitPacket
 .text.USBD_CDC_ReceivePacket
                0x080065dc       0x6c ./Middlewares/ST/STM32_USB_Device_Library/Class/CDC/Src/usbd_cdc.o
                0x080065dc                USBD_CDC_ReceivePacket
 .text.USBD_Init
                0x08006648       0x60 ./Middlewares/ST/STM32_USB_Device_Library/Core/Src/usbd_core.o
                0x08006648                USBD_Init
 .text.USBD_RegisterClass
                0x080066a8       0x6c ./Middlewares/ST/STM32_USB_Device_Library/Core/Src/usbd_core.o
                0x080066a8                USBD_RegisterClass
 .text.USBD_Start
                0x08006714       0x18 ./Middlewares/ST/STM32_USB_Device_Library/Core/Src/usbd_core.o
                0x08006714                USBD_Start
 .text.USBD_RunTestMode
                0x0800672c       0x16 ./Middlewares/ST/STM32_USB_Device_Library/Core/Src/usbd_core.o
                0x0800672c                USBD_RunTestMode
 .text.USBD_SetClassConfig
                0x08006742       0x38 ./Middlewares/ST/STM32_USB_Device_Library/Core/Src/usbd_core.o
                0x08006742                USBD_SetClassConfig
 .text.USBD_ClrClassConfig
                0x0800677a       0x34 ./Middlewares/ST/STM32_USB_Device_Library/Core/Src/usbd_core.o
                0x0800677a                USBD_ClrClassConfig
 .text.USBD_LL_SetupStage
                0x080067ae       0xaa ./Middlewares/ST/STM32_USB_Device_Library/Core/Src/usbd_core.o
                0x080067ae                USBD_LL_SetupStage
 .text.USBD_LL_DataOutStage
                0x08006858      0x166 ./Middlewares/ST/STM32_USB_Device_Library/Core/Src/usbd_core.o
                0x08006858                USBD_LL_DataOutStage
 .text.USBD_LL_DataInStage
                0x080069be      0x164 ./Middlewares/ST/STM32_USB_Device_Library/Core/Src/usbd_core.o
                0x080069be                USBD_LL_DataInStage
 .text.USBD_LL_Reset
                0x08006b22       0xa4 ./Middlewares/ST/STM32_USB_Device_Library/Core/Src/usbd_core.o
                0x08006b22                USBD_LL_Reset
 .text.USBD_LL_SetSpeed
                0x08006bc6       0x20 ./Middlewares/ST/STM32_USB_Device_Library/Core/Src/usbd_core.o
                0x08006bc6                USBD_LL_SetSpeed
 .text.USBD_LL_Suspend
                0x08006be6       0x38 ./Middlewares/ST/STM32_USB_Device_Library/Core/Src/usbd_core.o
                0x08006be6                USBD_LL_Suspend
 .text.USBD_LL_Resume
                0x08006c1e       0x30 ./Middlewares/ST/STM32_USB_Device_Library/Core/Src/usbd_core.o
                0x08006c1e                USBD_LL_Resume
 .text.USBD_LL_SOF
                0x08006c4e       0x40 ./Middlewares/ST/STM32_USB_Device_Library/Core/Src/usbd_core.o
                0x08006c4e                USBD_LL_SOF
 .text.USBD_LL_IsoINIncomplete
                0x08006c8e       0x64 ./Middlewares/ST/STM32_USB_Device_Library/Core/Src/usbd_core.o
                0x08006c8e                USBD_LL_IsoINIncomplete
 .text.USBD_LL_IsoOUTIncomplete
                0x08006cf2       0x64 ./Middlewares/ST/STM32_USB_Device_Library/Core/Src/usbd_core.o
                0x08006cf2                USBD_LL_IsoOUTIncomplete
 .text.USBD_LL_DevConnected
                0x08006d56       0x16 ./Middlewares/ST/STM32_USB_Device_Library/Core/Src/usbd_core.o
                0x08006d56                USBD_LL_DevConnected
 .text.USBD_LL_DevDisconnected
                0x08006d6c       0x46 ./Middlewares/ST/STM32_USB_Device_Library/Core/Src/usbd_core.o
                0x08006d6c                USBD_LL_DevDisconnected
 .text.USBD_CoreFindIF
                0x08006db2       0x1a ./Middlewares/ST/STM32_USB_Device_Library/Core/Src/usbd_core.o
                0x08006db2                USBD_CoreFindIF
 .text.USBD_CoreFindEP
                0x08006dcc       0x1a ./Middlewares/ST/STM32_USB_Device_Library/Core/Src/usbd_core.o
                0x08006dcc                USBD_CoreFindEP
 .text.USBD_GetEpDesc
                0x08006de6       0x70 ./Middlewares/ST/STM32_USB_Device_Library/Core/Src/usbd_core.o
                0x08006de6                USBD_GetEpDesc
 .text.USBD_GetNextDesc
                0x08006e56       0x38 ./Middlewares/ST/STM32_USB_Device_Library/Core/Src/usbd_core.o
                0x08006e56                USBD_GetNextDesc
 .text.SWAPBYTE
                0x08006e8e       0x3c ./Middlewares/ST/STM32_USB_Device_Library/Core/Src/usbd_ctlreq.o
 *fill*         0x08006eca        0x2 
 .text.USBD_StdDevReq
                0x08006ecc       0xe4 ./Middlewares/ST/STM32_USB_Device_Library/Core/Src/usbd_ctlreq.o
                0x08006ecc                USBD_StdDevReq
 .text.USBD_StdItfReq
                0x08006fb0       0xd8 ./Middlewares/ST/STM32_USB_Device_Library/Core/Src/usbd_ctlreq.o
                0x08006fb0                USBD_StdItfReq
 .text.USBD_StdEPReq
                0x08007088      0x33a ./Middlewares/ST/STM32_USB_Device_Library/Core/Src/usbd_ctlreq.o
                0x08007088                USBD_StdEPReq
 *fill*         0x080073c2        0x2 
 .text.USBD_GetDescriptor
                0x080073c4      0x2d4 ./Middlewares/ST/STM32_USB_Device_Library/Core/Src/usbd_ctlreq.o
 .text.USBD_SetAddress
                0x08007698       0x88 ./Middlewares/ST/STM32_USB_Device_Library/Core/Src/usbd_ctlreq.o
 .text.USBD_SetConfig
                0x08007720      0x154 ./Middlewares/ST/STM32_USB_Device_Library/Core/Src/usbd_ctlreq.o
 .text.USBD_GetConfig
                0x08007874       0x6c ./Middlewares/ST/STM32_USB_Device_Library/Core/Src/usbd_ctlreq.o
 .text.USBD_GetStatus
                0x080078e0       0x68 ./Middlewares/ST/STM32_USB_Device_Library/Core/Src/usbd_ctlreq.o
 .text.USBD_SetFeature
                0x08007948       0x52 ./Middlewares/ST/STM32_USB_Device_Library/Core/Src/usbd_ctlreq.o
 .text.USBD_ClrFeature
                0x0800799a       0x44 ./Middlewares/ST/STM32_USB_Device_Library/Core/Src/usbd_ctlreq.o
 .text.USBD_ParseSetupRequest
                0x080079de       0x74 ./Middlewares/ST/STM32_USB_Device_Library/Core/Src/usbd_ctlreq.o
                0x080079de                USBD_ParseSetupRequest
 .text.USBD_CtlError
                0x08007a52       0x22 ./Middlewares/ST/STM32_USB_Device_Library/Core/Src/usbd_ctlreq.o
                0x08007a52                USBD_CtlError
 .text.USBD_GetString
                0x08007a74       0xa4 ./Middlewares/ST/STM32_USB_Device_Library/Core/Src/usbd_ctlreq.o
                0x08007a74                USBD_GetString
 .text.USBD_GetLen
                0x08007b18       0x34 ./Middlewares/ST/STM32_USB_Device_Library/Core/Src/usbd_ctlreq.o
 .text.USBD_CtlSendData
                0x08007b4c       0x36 ./Middlewares/ST/STM32_USB_Device_Library/Core/Src/usbd_ioreq.o
                0x08007b4c                USBD_CtlSendData
 .text.USBD_CtlContinueSendData
                0x08007b82       0x22 ./Middlewares/ST/STM32_USB_Device_Library/Core/Src/usbd_ioreq.o
                0x08007b82                USBD_CtlContinueSendData
 .text.USBD_CtlPrepareRx
                0x08007ba4       0x3a ./Middlewares/ST/STM32_USB_Device_Library/Core/Src/usbd_ioreq.o
                0x08007ba4                USBD_CtlPrepareRx
 .text.USBD_CtlContinueRx
                0x08007bde       0x22 ./Middlewares/ST/STM32_USB_Device_Library/Core/Src/usbd_ioreq.o
                0x08007bde                USBD_CtlContinueRx
 .text.USBD_CtlSendStatus
                0x08007c00       0x26 ./Middlewares/ST/STM32_USB_Device_Library/Core/Src/usbd_ioreq.o
                0x08007c00                USBD_CtlSendStatus
 .text.USBD_CtlReceiveStatus
                0x08007c26       0x26 ./Middlewares/ST/STM32_USB_Device_Library/Core/Src/usbd_ioreq.o
                0x08007c26                USBD_CtlReceiveStatus
 .text.MX_USB_DEVICE_Init
                0x08007c4c       0x60 ./USB_DEVICE/App/usb_device.o
                0x08007c4c                MX_USB_DEVICE_Init
 .text.CDC_Init_FS
                0x08007cac       0x28 ./USB_DEVICE/App/usbd_cdc_if.o
 .text.CDC_DeInit_FS
                0x08007cd4       0x10 ./USB_DEVICE/App/usbd_cdc_if.o
 .text.CDC_Control_FS
                0x08007ce4       0xbc ./USB_DEVICE/App/usbd_cdc_if.o
 .text.CDC_Receive_FS
                0x08007da0       0x34 ./USB_DEVICE/App/usbd_cdc_if.o
 .text.CDC_Transmit_FS
                0x08007dd4       0x4c ./USB_DEVICE/App/usbd_cdc_if.o
                0x08007dd4                CDC_Transmit_FS
 .text.CDC_TransmitCplt_FS
                0x08007e20       0x22 ./USB_DEVICE/App/usbd_cdc_if.o
 *fill*         0x08007e42        0x2 
 .text.USBD_FS_DeviceDescriptor
                0x08007e44       0x24 ./USB_DEVICE/App/usbd_desc.o
                0x08007e44                USBD_FS_DeviceDescriptor
 .text.USBD_FS_LangIDStrDescriptor
                0x08007e68       0x24 ./USB_DEVICE/App/usbd_desc.o
                0x08007e68                USBD_FS_LangIDStrDescriptor
 .text.USBD_FS_ProductStrDescriptor
                0x08007e8c       0x3c ./USB_DEVICE/App/usbd_desc.o
                0x08007e8c                USBD_FS_ProductStrDescriptor
 .text.USBD_FS_ManufacturerStrDescriptor
                0x08007ec8       0x28 ./USB_DEVICE/App/usbd_desc.o
                0x08007ec8                USBD_FS_ManufacturerStrDescriptor
 .text.USBD_FS_SerialStrDescriptor
                0x08007ef0       0x24 ./USB_DEVICE/App/usbd_desc.o
                0x08007ef0                USBD_FS_SerialStrDescriptor
 .text.USBD_FS_ConfigStrDescriptor
                0x08007f14       0x3c ./USB_DEVICE/App/usbd_desc.o
                0x08007f14                USBD_FS_ConfigStrDescriptor
 .text.USBD_FS_InterfaceStrDescriptor
                0x08007f50       0x3c ./USB_DEVICE/App/usbd_desc.o
                0x08007f50                USBD_FS_InterfaceStrDescriptor
 .text.Get_SerialNum
                0x08007f8c       0x58 ./USB_DEVICE/App/usbd_desc.o
 .text.IntToUnicode
                0x08007fe4       0x7e ./USB_DEVICE/App/usbd_desc.o
 *fill*         0x08008062        0x2 
 .text.HAL_PCD_MspInit
                0x08008064       0xa8 ./USB_DEVICE/Target/usbd_conf.o
                0x08008064                HAL_PCD_MspInit
 .text.HAL_PCD_SetupStageCallback
                0x0800810c       0x24 ./USB_DEVICE/Target/usbd_conf.o
                0x0800810c                HAL_PCD_SetupStageCallback
 .text.HAL_PCD_DataOutStageCallback
                0x08008130       0x36 ./USB_DEVICE/Target/usbd_conf.o
                0x08008130                HAL_PCD_DataOutStageCallback
 .text.HAL_PCD_DataInStageCallback
                0x08008166       0x34 ./USB_DEVICE/Target/usbd_conf.o
                0x08008166                HAL_PCD_DataInStageCallback
 .text.HAL_PCD_SOFCallback
                0x0800819a       0x1c ./USB_DEVICE/Target/usbd_conf.o
                0x0800819a                HAL_PCD_SOFCallback
 .text.HAL_PCD_ResetCallback
                0x080081b6       0x3c ./USB_DEVICE/Target/usbd_conf.o
                0x080081b6                HAL_PCD_ResetCallback
 *fill*         0x080081f2        0x2 
 .text.HAL_PCD_SuspendCallback
                0x080081f4       0x4c ./USB_DEVICE/Target/usbd_conf.o
                0x080081f4                HAL_PCD_SuspendCallback
 .text.HAL_PCD_ResumeCallback
                0x08008240       0x1c ./USB_DEVICE/Target/usbd_conf.o
                0x08008240                HAL_PCD_ResumeCallback
 .text.HAL_PCD_ISOOUTIncompleteCallback
                0x0800825c       0x24 ./USB_DEVICE/Target/usbd_conf.o
                0x0800825c                HAL_PCD_ISOOUTIncompleteCallback
 .text.HAL_PCD_ISOINIncompleteCallback
                0x08008280       0x24 ./USB_DEVICE/Target/usbd_conf.o
                0x08008280                HAL_PCD_ISOINIncompleteCallback
 .text.HAL_PCD_ConnectCallback
                0x080082a4       0x1c ./USB_DEVICE/Target/usbd_conf.o
                0x080082a4                HAL_PCD_ConnectCallback
 .text.HAL_PCD_DisconnectCallback
                0x080082c0       0x1c ./USB_DEVICE/Target/usbd_conf.o
                0x080082c0                HAL_PCD_DisconnectCallback
 .text.USBD_LL_Init
                0x080082dc       0x98 ./USB_DEVICE/Target/usbd_conf.o
                0x080082dc                USBD_LL_Init
 .text.USBD_LL_Start
                0x08008374       0x36 ./USB_DEVICE/Target/usbd_conf.o
                0x08008374                USBD_LL_Start
 .text.USBD_LL_OpenEP
                0x080083aa       0x4c ./USB_DEVICE/Target/usbd_conf.o
                0x080083aa                USBD_LL_OpenEP
 .text.USBD_LL_CloseEP
                0x080083f6       0x3e ./USB_DEVICE/Target/usbd_conf.o
                0x080083f6                USBD_LL_CloseEP
 .text.USBD_LL_StallEP
                0x08008434       0x3e ./USB_DEVICE/Target/usbd_conf.o
                0x08008434                USBD_LL_StallEP
 .text.USBD_LL_ClearStallEP
                0x08008472       0x3e ./USB_DEVICE/Target/usbd_conf.o
                0x08008472                USBD_LL_ClearStallEP
 .text.USBD_LL_IsStallEP
                0x080084b0       0x58 ./USB_DEVICE/Target/usbd_conf.o
                0x080084b0                USBD_LL_IsStallEP
 .text.USBD_LL_SetUSBAddress
                0x08008508       0x3e ./USB_DEVICE/Target/usbd_conf.o
                0x08008508                USBD_LL_SetUSBAddress
 .text.USBD_LL_Transmit
                0x08008546       0x42 ./USB_DEVICE/Target/usbd_conf.o
                0x08008546                USBD_LL_Transmit
 .text.USBD_LL_PrepareReceive
                0x08008588       0x42 ./USB_DEVICE/Target/usbd_conf.o
                0x08008588                USBD_LL_PrepareReceive
 .text.USBD_LL_GetRxDataSize
                0x080085ca       0x26 ./USB_DEVICE/Target/usbd_conf.o
                0x080085ca                USBD_LL_GetRxDataSize
 .text.USBD_static_malloc
                0x080085f0       0x1c ./USB_DEVICE/Target/usbd_conf.o
                0x080085f0                USBD_static_malloc
 .text.USBD_static_free
                0x0800860c       0x14 ./USB_DEVICE/Target/usbd_conf.o
                0x0800860c                USBD_static_free
 .text.USBD_Get_USB_Status
                0x08008620       0x58 ./USB_DEVICE/Target/usbd_conf.o
                0x08008620                USBD_Get_USB_Status
 .text.memset   0x08008678       0x10 C:/ST/STM32CubeIDE/STM32CubeIDE/plugins/com.st.stm32cube.ide.mcu.externaltools.gnu-tools-for-stm32.12.3.rel1.win32_1.1.0.202410251130/tools/bin/../lib/gcc/arm-none-eabi/12.3.1/../../../../arm-none-eabi/lib/thumb/v7e-m+fp/hard\libc_nano.a(libc_a-memset.o)
                0x08008678                memset
 .text.__libc_init_array
                0x08008688       0x48 C:/ST/STM32CubeIDE/STM32CubeIDE/plugins/com.st.stm32cube.ide.mcu.externaltools.gnu-tools-for-stm32.12.3.rel1.win32_1.1.0.202410251130/tools/bin/../lib/gcc/arm-none-eabi/12.3.1/../../../../arm-none-eabi/lib/thumb/v7e-m+fp/hard\libc_nano.a(libc_a-init.o)
                0x08008688                __libc_init_array
 .text.memcpy   0x080086d0       0x1c C:/ST/STM32CubeIDE/STM32CubeIDE/plugins/com.st.stm32cube.ide.mcu.externaltools.gnu-tools-for-stm32.12.3.rel1.win32_1.1.0.202410251130/tools/bin/../lib/gcc/arm-none-eabi/12.3.1/../../../../arm-none-eabi/lib/thumb/v7e-m+fp/hard\libc_nano.a(libc_a-memcpy-stub.o)
                0x080086d0                memcpy
 *(.glue_7)
 .glue_7        0x080086ec        0x0 linker stubs
 *(.glue_7t)
 .glue_7t       0x080086ec        0x0 linker stubs
 *(.eh_frame)
 .eh_frame      0x080086ec        0x0 C:/ST/STM32CubeIDE/STM32CubeIDE/plugins/com.st.stm32cube.ide.mcu.externaltools.gnu-tools-for-stm32.12.3.rel1.win32_1.1.0.202410251130/tools/bin/../lib/gcc/arm-none-eabi/12.3.1/thumb/v7e-m+fp/hard/crtbegin.o
 *(.init)
 .init          0x080086ec        0x4 C:/ST/STM32CubeIDE/STM32CubeIDE/plugins/com.st.stm32cube.ide.mcu.externaltools.gnu-tools-for-stm32.12.3.rel1.win32_1.1.0.202410251130/tools/bin/../lib/gcc/arm-none-eabi/12.3.1/thumb/v7e-m+fp/hard/crti.o
                0x080086ec                _init
 .init          0x080086f0        0x8 C:/ST/STM32CubeIDE/STM32CubeIDE/plugins/com.st.stm32cube.ide.mcu.externaltools.gnu-tools-for-stm32.12.3.rel1.win32_1.1.0.202410251130/tools/bin/../lib/gcc/arm-none-eabi/12.3.1/thumb/v7e-m+fp/hard/crtn.o
 *(.fini)
 .fini          0x080086f8        0x4 C:/ST/STM32CubeIDE/STM32CubeIDE/plugins/com.st.stm32cube.ide.mcu.externaltools.gnu-tools-for-stm32.12.3.rel1.win32_1.1.0.202410251130/tools/bin/../lib/gcc/arm-none-eabi/12.3.1/thumb/v7e-m+fp/hard/crti.o
                0x080086f8                _fini
 .fini          0x080086fc        0x8 C:/ST/STM32CubeIDE/STM32CubeIDE/plugins/com.st.stm32cube.ide.mcu.externaltools.gnu-tools-for-stm32.12.3.rel1.win32_1.1.0.202410251130/tools/bin/../lib/gcc/arm-none-eabi/12.3.1/thumb/v7e-m+fp/hard/crtn.o
                0x08008704                        . = ALIGN (0x4)
                0x08008704                        _etext = .

.vfp11_veneer   0x08008704        0x0
 .vfp11_veneer  0x08008704        0x0 linker stubs

.v4_bx          0x08008704        0x0
 .v4_bx         0x08008704        0x0 linker stubs

.iplt           0x08008704        0x0
 .iplt          0x08008704        0x0 C:/ST/STM32CubeIDE/STM32CubeIDE/plugins/com.st.stm32cube.ide.mcu.externaltools.gnu-tools-for-stm32.12.3.rel1.win32_1.1.0.202410251130/tools/bin/../lib/gcc/arm-none-eabi/12.3.1/thumb/v7e-m+fp/hard/crtbegin.o

.rodata         0x08008704       0x60
                0x08008704                        . = ALIGN (0x4)
 *(.rodata)
 .rodata        0x08008704       0x46 ./USB_DEVICE/App/usbd_desc.o
 *(.rodata*)
 *fill*         0x0800874a        0x2 
 .rodata.AHBPrescTable
                0x0800874c       0x10 ./Core/Src/system_stm32f4xx.o
                0x0800874c                AHBPrescTable
 .rodata.APBPrescTable
                0x0800875c        0x8 ./Core/Src/system_stm32f4xx.o
                0x0800875c                APBPrescTable
                0x08008764                        . = ALIGN (0x4)

.ARM.extab      0x08008764        0x0
                0x08008764                        . = ALIGN (0x4)
 *(.ARM.extab* .gnu.linkonce.armextab.*)
                0x08008764                        . = ALIGN (0x4)

.ARM            0x08008764        0x8
                0x08008764                        . = ALIGN (0x4)
                0x08008764                        __exidx_start = .
 *(.ARM.exidx*)
 .ARM.exidx     0x08008764        0x8 C:/ST/STM32CubeIDE/STM32CubeIDE/plugins/com.st.stm32cube.ide.mcu.externaltools.gnu-tools-for-stm32.12.3.rel1.win32_1.1.0.202410251130/tools/bin/../lib/gcc/arm-none-eabi/12.3.1/thumb/v7e-m+fp/hard\libgcc.a(_udivmoddi4.o)
                0x0800876c                        __exidx_end = .
                0x0800876c                        . = ALIGN (0x4)

.preinit_array  0x0800876c        0x0
                0x0800876c                        . = ALIGN (0x4)
                0x0800876c                        PROVIDE (__preinit_array_start = .)
 *(.preinit_array*)
                0x0800876c                        PROVIDE (__preinit_array_end = .)
                0x0800876c                        . = ALIGN (0x4)

.init_array     0x0800876c        0x4
                0x0800876c                        . = ALIGN (0x4)
                0x0800876c                        PROVIDE (__init_array_start = .)
 *(SORT_BY_NAME(.init_array.*))
 *(.init_array*)
 .init_array    0x0800876c        0x4 C:/ST/STM32CubeIDE/STM32CubeIDE/plugins/com.st.stm32cube.ide.mcu.externaltools.gnu-tools-for-stm32.12.3.rel1.win32_1.1.0.202410251130/tools/bin/../lib/gcc/arm-none-eabi/12.3.1/thumb/v7e-m+fp/hard/crtbegin.o
                0x08008770                        PROVIDE (__init_array_end = .)
                0x08008770                        . = ALIGN (0x4)

.fini_array     0x08008770        0x4
                0x08008770                        . = ALIGN (0x4)
                [!provide]                        PROVIDE (__fini_array_start = .)
 *(SORT_BY_NAME(.fini_array.*))
 *(.fini_array*)
 .fini_array    0x08008770        0x4 C:/ST/STM32CubeIDE/STM32CubeIDE/plugins/com.st.stm32cube.ide.mcu.externaltools.gnu-tools-for-stm32.12.3.rel1.win32_1.1.0.202410251130/tools/bin/../lib/gcc/arm-none-eabi/12.3.1/thumb/v7e-m+fp/hard/crtbegin.o
                [!provide]                        PROVIDE (__fini_array_end = .)
                0x08008774                        . = ALIGN (0x4)
                0x08008774                        _sidata = LOADADDR (.data)

.rel.dyn        0x08008774        0x0
 .rel.iplt      0x08008774        0x0 C:/ST/STM32CubeIDE/STM32CubeIDE/plugins/com.st.stm32cube.ide.mcu.externaltools.gnu-tools-for-stm32.12.3.rel1.win32_1.1.0.202410251130/tools/bin/../lib/gcc/arm-none-eabi/12.3.1/thumb/v7e-m+fp/hard/crtbegin.o

.data           0x20000000      0x10c load address 0x08008774
                0x20000000                        . = ALIGN (0x4)
                0x20000000                        _sdata = .
 *(.data)
 *(.data*)
 .data.datos4   0x20000000        0xc ./Core/Src/main.o
                0x20000000                datos4
 .data.hola     0x2000000c        0x2 ./Core/Src/main.o
                0x2000000c                hola
 *fill*         0x2000000e        0x2 
 .data.SystemCoreClock
                0x20000010        0x4 ./Core/Src/system_stm32f4xx.o
                0x20000010                SystemCoreClock
 .data.uwTickPrio
                0x20000014        0x4 ./Drivers/STM32F4xx_HAL_Driver/Src/stm32f4xx_hal.o
                0x20000014                uwTickPrio
 .data.uwTickFreq
                0x20000018        0x1 ./Drivers/STM32F4xx_HAL_Driver/Src/stm32f4xx_hal.o
                0x20000018                uwTickFreq
 *fill*         0x20000019        0x3 
 .data.USBD_CDC_DeviceQualifierDesc
                0x2000001c        0xa ./Middlewares/ST/STM32_USB_Device_Library/Class/CDC/Src/usbd_cdc.o
 *fill*         0x20000026        0x2 
 .data.USBD_CDC
                0x20000028       0x38 ./Middlewares/ST/STM32_USB_Device_Library/Class/CDC/Src/usbd_cdc.o
                0x20000028                USBD_CDC
 .data.USBD_CDC_CfgDesc
                0x20000060       0x43 ./Middlewares/ST/STM32_USB_Device_Library/Class/CDC/Src/usbd_cdc.o
 .data.CDCInEpAdd
                0x200000a3        0x1 ./Middlewares/ST/STM32_USB_Device_Library/Class/CDC/Src/usbd_cdc.o
 .data.CDCOutEpAdd
                0x200000a4        0x1 ./Middlewares/ST/STM32_USB_Device_Library/Class/CDC/Src/usbd_cdc.o
 .data.CDCCmdEpAdd
                0x200000a5        0x1 ./Middlewares/ST/STM32_USB_Device_Library/Class/CDC/Src/usbd_cdc.o
 *fill*         0x200000a6        0x2 
 .data.USBD_Interface_fops_FS
                0x200000a8       0x14 ./USB_DEVICE/App/usbd_cdc_if.o
                0x200000a8                USBD_Interface_fops_FS
 .data.FS_Desc  0x200000bc       0x1c ./USB_DEVICE/App/usbd_desc.o
                0x200000bc                FS_Desc
 .data.USBD_FS_DeviceDesc
                0x200000d8       0x12 ./USB_DEVICE/App/usbd_desc.o
                0x200000d8                USBD_FS_DeviceDesc
 *fill*         0x200000ea        0x2 
 .data.USBD_LangIDDesc
                0x200000ec        0x4 ./USB_DEVICE/App/usbd_desc.o
                0x200000ec                USBD_LangIDDesc
 .data.USBD_StringSerial
                0x200000f0       0x1a ./USB_DEVICE/App/usbd_desc.o
                0x200000f0                USBD_StringSerial
 *(.RamFunc)
 *(.RamFunc*)
                0x2000010c                        . = ALIGN (0x4)
 *fill*         0x2000010a        0x2 
                0x2000010c                        _edata = .

.igot.plt       0x2000010c        0x0 load address 0x08008880
 .igot.plt      0x2000010c        0x0 C:/ST/STM32CubeIDE/STM32CubeIDE/plugins/com.st.stm32cube.ide.mcu.externaltools.gnu-tools-for-stm32.12.3.rel1.win32_1.1.0.202410251130/tools/bin/../lib/gcc/arm-none-eabi/12.3.1/thumb/v7e-m+fp/hard/crtbegin.o
                0x2000010c                        . = ALIGN (0x4)

.bss            0x2000010c     0x1e8c load address 0x08008880
                0x2000010c                        _sbss = .
                0x2000010c                        __bss_start__ = _sbss
 *(.bss)
 .bss           0x2000010c       0x1c C:/ST/STM32CubeIDE/STM32CubeIDE/plugins/com.st.stm32cube.ide.mcu.externaltools.gnu-tools-for-stm32.12.3.rel1.win32_1.1.0.202410251130/tools/bin/../lib/gcc/arm-none-eabi/12.3.1/thumb/v7e-m+fp/hard/crtbegin.o
 *(.bss*)
 .bss.hadc1     0x20000128       0x48 ./Core/Src/main.o
                0x20000128                hadc1
 .bss.hi2c1     0x20000170       0x54 ./Core/Src/main.o
                0x20000170                hi2c1
 .bss.htim2     0x200001c4       0x48 ./Core/Src/main.o
                0x200001c4                htim2
 .bss.htim3     0x2000020c       0x48 ./Core/Src/main.o
                0x2000020c                htim3
 .bss.htim5     0x20000254       0x48 ./Core/Src/main.o
                0x20000254                htim5
 .bss.tiempo    0x2000029c        0x4 ./Core/Src/main.o
                0x2000029c                tiempo
 .bss.numDatos  0x200002a0        0x1 ./Core/Src/main.o
                0x200002a0                numDatos
 .bss.RPM       0x200002a1        0x1 ./Core/Src/main.o
                0x200002a1                RPM
 *fill*         0x200002a2        0x2 
 .bss.datosRX   0x200002a4       0x63 ./Core/Src/main.o
                0x200002a4                datosRX
 .bss.indexRX   0x20000307        0x1 ./Core/Src/main.o
                0x20000307                indexRX
 .bss.datosTX   0x20000308       0x63 ./Core/Src/main.o
                0x20000308                datosTX
 *fill*         0x2000036b        0x1 
 .bss.posicionMotor
                0x2000036c        0x4 ./Core/Src/main.o
                0x2000036c                posicionMotor
 .bss.datosx    0x20000370       0x28 ./Core/Src/main.o
                0x20000370                datosx
 .bss.bandera   0x20000398        0x1 ./Core/Src/main.o
                0x20000398                bandera
 *fill*         0x20000399        0x3 
 .bss.pk1       0x2000039c        0xc ./Core/Src/main.o
                0x2000039c                pk1
 .bss.pos_anterior.0
                0x200003a8        0x4 ./Core/Src/main.o
 .bss.timmotorGlobal
                0x200003ac        0x4 ./Core/Src/motorDriver.o
                0x200003ac                timmotorGlobal
 .bss.uwTick    0x200003b0        0x4 ./Drivers/STM32F4xx_HAL_Driver/Src/stm32f4xx_hal.o
                0x200003b0                uwTick
 .bss.cfgidx.0  0x200003b4        0x1 ./Middlewares/ST/STM32_USB_Device_Library/Core/Src/usbd_ctlreq.o
 *fill*         0x200003b5        0x3 
 .bss.hUsbDeviceFS
                0x200003b8      0x2dc ./USB_DEVICE/App/usb_device.o
                0x200003b8                hUsbDeviceFS
 .bss.UserRxBufferFS
                0x20000694      0x800 ./USB_DEVICE/App/usbd_cdc_if.o
                0x20000694                UserRxBufferFS
 .bss.UserTxBufferFS
                0x20000e94      0x800 ./USB_DEVICE/App/usbd_cdc_if.o
                0x20000e94                UserTxBufferFS
 .bss.USBD_StrDesc
                0x20001694      0x200 ./USB_DEVICE/App/usbd_desc.o
                0x20001694                USBD_StrDesc
 .bss.hpcd_USB_OTG_FS
                0x20001894      0x4e4 ./USB_DEVICE/Target/usbd_conf.o
                0x20001894                hpcd_USB_OTG_FS
 .bss.mem.0     0x20001d78      0x220 ./USB_DEVICE/Target/usbd_conf.o
 *(COMMON)
                0x20001f98                        . = ALIGN (0x4)
                0x20001f98                        _ebss = .
                0x20001f98                        __bss_end__ = _ebss

._user_heap_stack
                0x20001f98      0x600 load address 0x08008880
                0x20001f98                        . = ALIGN (0x8)
                [!provide]                        PROVIDE (end = .)
                0x20001f98                        PROVIDE (_end = .)
                0x20002198                        . = (. + _Min_Heap_Size)
 *fill*         0x20001f98      0x200 
                0x20002598                        . = (. + _Min_Stack_Size)
 *fill*         0x20002198      0x400 
                0x20002598                        . = ALIGN (0x8)

/DISCARD/
 libc.a(*)
 libm.a(*)
 libgcc.a(*)

.ARM.attributes
                0x00000000       0x30
 *(.ARM.attributes)
 .ARM.attributes
                0x00000000       0x22 C:/ST/STM32CubeIDE/STM32CubeIDE/plugins/com.st.stm32cube.ide.mcu.externaltools.gnu-tools-for-stm32.12.3.rel1.win32_1.1.0.202410251130/tools/bin/../lib/gcc/arm-none-eabi/12.3.1/thumb/v7e-m+fp/hard/crti.o
 .ARM.attributes
                0x00000022       0x34 C:/ST/STM32CubeIDE/STM32CubeIDE/plugins/com.st.stm32cube.ide.mcu.externaltools.gnu-tools-for-stm32.12.3.rel1.win32_1.1.0.202410251130/tools/bin/../lib/gcc/arm-none-eabi/12.3.1/thumb/v7e-m+fp/hard/crtbegin.o
 .ARM.attributes
                0x00000056       0x34 ./Core/Src/main.o
 .ARM.attributes
                0x0000008a       0x34 ./Core/Src/motorDriver.o
 .ARM.attributes
                0x000000be       0x34 ./Core/Src/retardos.o
 .ARM.attributes
                0x000000f2       0x34 ./Core/Src/stm32f4xx_hal_msp.o
 .ARM.attributes
                0x00000126       0x34 ./Core/Src/stm32f4xx_it.o
 .ARM.attributes
                0x0000015a       0x34 ./Core/Src/system_stm32f4xx.o
 .ARM.attributes
                0x0000018e       0x21 ./Core/Startup/startup_stm32f411ceux.o
 .ARM.attributes
                0x000001af       0x34 ./Drivers/STM32F4xx_HAL_Driver/Src/stm32f4xx_hal.o
 .ARM.attributes
                0x000001e3       0x34 ./Drivers/STM32F4xx_HAL_Driver/Src/stm32f4xx_hal_adc.o
 .ARM.attributes
                0x00000217       0x34 ./Drivers/STM32F4xx_HAL_Driver/Src/stm32f4xx_hal_cortex.o
 .ARM.attributes
                0x0000024b       0x34 ./Drivers/STM32F4xx_HAL_Driver/Src/stm32f4xx_hal_gpio.o
 .ARM.attributes
                0x0000027f       0x34 ./Drivers/STM32F4xx_HAL_Driver/Src/stm32f4xx_hal_i2c.o
 .ARM.attributes
                0x000002b3       0x34 ./Drivers/STM32F4xx_HAL_Driver/Src/stm32f4xx_hal_pcd.o
 .ARM.attributes
                0x000002e7       0x34 ./Drivers/STM32F4xx_HAL_Driver/Src/stm32f4xx_hal_pcd_ex.o
 .ARM.attributes
                0x0000031b       0x34 ./Drivers/STM32F4xx_HAL_Driver/Src/stm32f4xx_hal_rcc.o
 .ARM.attributes
                0x0000034f       0x34 ./Drivers/STM32F4xx_HAL_Driver/Src/stm32f4xx_hal_tim.o
 .ARM.attributes
                0x00000383       0x34 ./Drivers/STM32F4xx_HAL_Driver/Src/stm32f4xx_hal_tim_ex.o
 .ARM.attributes
                0x000003b7       0x34 ./Drivers/STM32F4xx_HAL_Driver/Src/stm32f4xx_ll_usb.o
 .ARM.attributes
                0x000003eb       0x34 ./Middlewares/ST/STM32_USB_Device_Library/Class/CDC/Src/usbd_cdc.o
 .ARM.attributes
                0x0000041f       0x34 ./Middlewares/ST/STM32_USB_Device_Library/Core/Src/usbd_core.o
 .ARM.attributes
                0x00000453       0x34 ./Middlewares/ST/STM32_USB_Device_Library/Core/Src/usbd_ctlreq.o
 .ARM.attributes
                0x00000487       0x34 ./Middlewares/ST/STM32_USB_Device_Library/Core/Src/usbd_ioreq.o
 .ARM.attributes
                0x000004bb       0x34 ./USB_DEVICE/App/usb_device.o
 .ARM.attributes
                0x000004ef       0x34 ./USB_DEVICE/App/usbd_cdc_if.o
 .ARM.attributes
                0x00000523       0x34 ./USB_DEVICE/App/usbd_desc.o
 .ARM.attributes
                0x00000557       0x34 ./USB_DEVICE/Target/usbd_conf.o
 .ARM.attributes
                0x0000058b       0x34 C:/ST/STM32CubeIDE/STM32CubeIDE/plugins/com.st.stm32cube.ide.mcu.externaltools.gnu-tools-for-stm32.12.3.rel1.win32_1.1.0.202410251130/tools/bin/../lib/gcc/arm-none-eabi/12.3.1/../../../../arm-none-eabi/lib/thumb/v7e-m+fp/hard\libc_nano.a(libc_a-memset.o)
 .ARM.attributes
                0x000005bf       0x34 C:/ST/STM32CubeIDE/STM32CubeIDE/plugins/com.st.stm32cube.ide.mcu.externaltools.gnu-tools-for-stm32.12.3.rel1.win32_1.1.0.202410251130/tools/bin/../lib/gcc/arm-none-eabi/12.3.1/../../../../arm-none-eabi/lib/thumb/v7e-m+fp/hard\libc_nano.a(libc_a-init.o)
 .ARM.attributes
                0x000005f3       0x34 C:/ST/STM32CubeIDE/STM32CubeIDE/plugins/com.st.stm32cube.ide.mcu.externaltools.gnu-tools-for-stm32.12.3.rel1.win32_1.1.0.202410251130/tools/bin/../lib/gcc/arm-none-eabi/12.3.1/../../../../arm-none-eabi/lib/thumb/v7e-m+fp/hard\libc_nano.a(libc_a-memcpy-stub.o)
 .ARM.attributes
                0x00000627       0x22 C:/ST/STM32CubeIDE/STM32CubeIDE/plugins/com.st.stm32cube.ide.mcu.externaltools.gnu-tools-for-stm32.12.3.rel1.win32_1.1.0.202410251130/tools/bin/../lib/gcc/arm-none-eabi/12.3.1/thumb/v7e-m+fp/hard\libgcc.a(_aeabi_uldivmod.o)
 .ARM.attributes
                0x00000649       0x34 C:/ST/STM32CubeIDE/STM32CubeIDE/plugins/com.st.stm32cube.ide.mcu.externaltools.gnu-tools-for-stm32.12.3.rel1.win32_1.1.0.202410251130/tools/bin/../lib/gcc/arm-none-eabi/12.3.1/thumb/v7e-m+fp/hard\libgcc.a(_udivmoddi4.o)
 .ARM.attributes
                0x0000067d       0x22 C:/ST/STM32CubeIDE/STM32CubeIDE/plugins/com.st.stm32cube.ide.mcu.externaltools.gnu-tools-for-stm32.12.3.rel1.win32_1.1.0.202410251130/tools/bin/../lib/gcc/arm-none-eabi/12.3.1/thumb/v7e-m+fp/hard\libgcc.a(_dvmd_tls.o)
 .ARM.attributes
                0x0000069f       0x22 C:/ST/STM32CubeIDE/STM32CubeIDE/plugins/com.st.stm32cube.ide.mcu.externaltools.gnu-tools-for-stm32.12.3.rel1.win32_1.1.0.202410251130/tools/bin/../lib/gcc/arm-none-eabi/12.3.1/thumb/v7e-m+fp/hard/crtn.o
OUTPUT(L5_MotorReductor_Qt.elf elf32-littlearm)
LOAD linker stubs
LOAD C:/ST/STM32CubeIDE/STM32CubeIDE/plugins/com.st.stm32cube.ide.mcu.externaltools.gnu-tools-for-stm32.12.3.rel1.win32_1.1.0.202410251130/tools/bin/../lib/gcc/arm-none-eabi/12.3.1/../../../../arm-none-eabi/lib/thumb/v7e-m+fp/hard\libc.a
LOAD C:/ST/STM32CubeIDE/STM32CubeIDE/plugins/com.st.stm32cube.ide.mcu.externaltools.gnu-tools-for-stm32.12.3.rel1.win32_1.1.0.202410251130/tools/bin/../lib/gcc/arm-none-eabi/12.3.1/../../../../arm-none-eabi/lib/thumb/v7e-m+fp/hard\libm.a
LOAD C:/ST/STM32CubeIDE/STM32CubeIDE/plugins/com.st.stm32cube.ide.mcu.externaltools.gnu-tools-for-stm32.12.3.rel1.win32_1.1.0.202410251130/tools/bin/../lib/gcc/arm-none-eabi/12.3.1/thumb/v7e-m+fp/hard\libgcc.a

.debug_info     0x00000000    0x17127
 .debug_info    0x00000000     0x19ac ./Core/Src/main.o
 .debug_info    0x000019ac      0x7f2 ./Core/Src/motorDriver.o
 .debug_info    0x0000219e      0x4a4 ./Core/Src/retardos.o
 .debug_info    0x00002642     0x10da ./Core/Src/stm32f4xx_hal_msp.o
 .debug_info    0x0000371c      0x627 ./Core/Src/stm32f4xx_it.o
 .debug_info    0x00003d43      0x53e ./Core/Src/system_stm32f4xx.o
 .debug_info    0x00004281       0x30 ./Core/Startup/startup_stm32f411ceux.o
 .debug_info    0x000042b1      0x8c4 ./Drivers/STM32F4xx_HAL_Driver/Src/stm32f4xx_hal.o
 .debug_info    0x00004b75      0xcd1 ./Drivers/STM32F4xx_HAL_Driver/Src/stm32f4xx_hal_adc.o
 .debug_info    0x00005846      0xcfc ./Drivers/STM32F4xx_HAL_Driver/Src/stm32f4xx_hal_cortex.o
 .debug_info    0x00006542      0x6f9 ./Drivers/STM32F4xx_HAL_Driver/Src/stm32f4xx_hal_gpio.o
 .debug_info    0x00006c3b     0x2426 ./Drivers/STM32F4xx_HAL_Driver/Src/stm32f4xx_hal_i2c.o
 .debug_info    0x00009061     0x1577 ./Drivers/STM32F4xx_HAL_Driver/Src/stm32f4xx_hal_pcd.o
 .debug_info    0x0000a5d8      0x6ea ./Drivers/STM32F4xx_HAL_Driver/Src/stm32f4xx_hal_pcd_ex.o
 .debug_info    0x0000acc2      0x8f0 ./Drivers/STM32F4xx_HAL_Driver/Src/stm32f4xx_hal_rcc.o
 .debug_info    0x0000b5b2     0x2996 ./Drivers/STM32F4xx_HAL_Driver/Src/stm32f4xx_hal_tim.o
 .debug_info    0x0000df48     0x14d4 ./Drivers/STM32F4xx_HAL_Driver/Src/stm32f4xx_hal_tim_ex.o
 .debug_info    0x0000f41c     0x1993 ./Drivers/STM32F4xx_HAL_Driver/Src/stm32f4xx_ll_usb.o
 .debug_info    0x00010daf     0x12a3 ./Middlewares/ST/STM32_USB_Device_Library/Class/CDC/Src/usbd_cdc.o
 .debug_info    0x00012052      0xe05 ./Middlewares/ST/STM32_USB_Device_Library/Core/Src/usbd_core.o
 .debug_info    0x00012e57      0xade ./Middlewares/ST/STM32_USB_Device_Library/Core/Src/usbd_ctlreq.o
 .debug_info    0x00013935      0x755 ./Middlewares/ST/STM32_USB_Device_Library/Core/Src/usbd_ioreq.o
 .debug_info    0x0001408a      0x701 ./USB_DEVICE/App/usb_device.o
 .debug_info    0x0001478b      0x93f ./USB_DEVICE/App/usbd_cdc_if.o
 .debug_info    0x000150ca      0x458 ./USB_DEVICE/App/usbd_desc.o
 .debug_info    0x00015522     0x1c05 ./USB_DEVICE/Target/usbd_conf.o

.debug_abbrev   0x00000000     0x3a0d
 .debug_abbrev  0x00000000      0x3aa ./Core/Src/main.o
 .debug_abbrev  0x000003aa      0x1cd ./Core/Src/motorDriver.o
 .debug_abbrev  0x00000577      0x18c ./Core/Src/retardos.o
 .debug_abbrev  0x00000703      0x22d ./Core/Src/stm32f4xx_hal_msp.o
 .debug_abbrev  0x00000930      0x1a4 ./Core/Src/stm32f4xx_it.o
 .debug_abbrev  0x00000ad4      0x11a ./Core/Src/system_stm32f4xx.o
 .debug_abbrev  0x00000bee       0x24 ./Core/Startup/startup_stm32f411ceux.o
 .debug_abbrev  0x00000c12      0x24b ./Drivers/STM32F4xx_HAL_Driver/Src/stm32f4xx_hal.o
 .debug_abbrev  0x00000e5d      0x20e ./Drivers/STM32F4xx_HAL_Driver/Src/stm32f4xx_hal_adc.o
 .debug_abbrev  0x0000106b      0x31d ./Drivers/STM32F4xx_HAL_Driver/Src/stm32f4xx_hal_cortex.o
 .debug_abbrev  0x00001388      0x1d3 ./Drivers/STM32F4xx_HAL_Driver/Src/stm32f4xx_hal_gpio.o
 .debug_abbrev  0x0000155b      0x2bc ./Drivers/STM32F4xx_HAL_Driver/Src/stm32f4xx_hal_i2c.o
 .debug_abbrev  0x00001817      0x2b6 ./Drivers/STM32F4xx_HAL_Driver/Src/stm32f4xx_hal_pcd.o
 .debug_abbrev  0x00001acd      0x1da ./Drivers/STM32F4xx_HAL_Driver/Src/stm32f4xx_hal_pcd_ex.o
 .debug_abbrev  0x00001ca7      0x2b6 ./Drivers/STM32F4xx_HAL_Driver/Src/stm32f4xx_hal_rcc.o
 .debug_abbrev  0x00001f5d      0x28b ./Drivers/STM32F4xx_HAL_Driver/Src/stm32f4xx_hal_tim.o
 .debug_abbrev  0x000021e8      0x296 ./Drivers/STM32F4xx_HAL_Driver/Src/stm32f4xx_hal_tim_ex.o
 .debug_abbrev  0x0000247e      0x2b3 ./Drivers/STM32F4xx_HAL_Driver/Src/stm32f4xx_ll_usb.o
 .debug_abbrev  0x00002731      0x2d2 ./Middlewares/ST/STM32_USB_Device_Library/Class/CDC/Src/usbd_cdc.o
 .debug_abbrev  0x00002a03      0x27c ./Middlewares/ST/STM32_USB_Device_Library/Core/Src/usbd_core.o
 .debug_abbrev  0x00002c7f      0x26f ./Middlewares/ST/STM32_USB_Device_Library/Core/Src/usbd_ctlreq.o
 .debug_abbrev  0x00002eee      0x19a ./Middlewares/ST/STM32_USB_Device_Library/Core/Src/usbd_ioreq.o
 .debug_abbrev  0x00003088      0x195 ./USB_DEVICE/App/usb_device.o
 .debug_abbrev  0x0000321d      0x2d0 ./USB_DEVICE/App/usbd_cdc_if.o
 .debug_abbrev  0x000034ed      0x1e1 ./USB_DEVICE/App/usbd_desc.o
 .debug_abbrev  0x000036ce      0x33f ./USB_DEVICE/Target/usbd_conf.o

.debug_aranges  0x00000000     0x1538
 .debug_aranges
                0x00000000       0x90 ./Core/Src/main.o
 .debug_aranges
                0x00000090       0x28 ./Core/Src/motorDriver.o
 .debug_aranges
                0x000000b8       0x58 ./Core/Src/retardos.o
 .debug_aranges
                0x00000110       0x60 ./Core/Src/stm32f4xx_hal_msp.o
 .debug_aranges
                0x00000170       0x68 ./Core/Src/stm32f4xx_it.o
 .debug_aranges
                0x000001d8       0x28 ./Core/Src/system_stm32f4xx.o
 .debug_aranges
                0x00000200       0x28 ./Core/Startup/startup_stm32f411ceux.o
 .debug_aranges
                0x00000228       0xf0 ./Drivers/STM32F4xx_HAL_Driver/Src/stm32f4xx_hal.o
 .debug_aranges
                0x00000318       0xe8 ./Drivers/STM32F4xx_HAL_Driver/Src/stm32f4xx_hal_adc.o
 .debug_aranges
                0x00000400      0x130 ./Drivers/STM32F4xx_HAL_Driver/Src/stm32f4xx_hal_cortex.o
 .debug_aranges
                0x00000530       0x58 ./Drivers/STM32F4xx_HAL_Driver/Src/stm32f4xx_hal_gpio.o
 .debug_aranges
                0x00000588      0x2a8 ./Drivers/STM32F4xx_HAL_Driver/Src/stm32f4xx_hal_i2c.o
 .debug_aranges
                0x00000830      0x148 ./Drivers/STM32F4xx_HAL_Driver/Src/stm32f4xx_hal_pcd.o
 .debug_aranges
                0x00000978       0x38 ./Drivers/STM32F4xx_HAL_Driver/Src/stm32f4xx_hal_pcd_ex.o
 .debug_aranges
                0x000009b0       0x88 ./Drivers/STM32F4xx_HAL_Driver/Src/stm32f4xx_hal_rcc.o
 .debug_aranges
                0x00000a38      0x3d0 ./Drivers/STM32F4xx_HAL_Driver/Src/stm32f4xx_hal_tim.o
 .debug_aranges
                0x00000e08      0x168 ./Drivers/STM32F4xx_HAL_Driver/Src/stm32f4xx_hal_tim_ex.o
 .debug_aranges
                0x00000f70      0x1a0 ./Drivers/STM32F4xx_HAL_Driver/Src/stm32f4xx_ll_usb.o
 .debug_aranges
                0x00001110       0x90 ./Middlewares/ST/STM32_USB_Device_Library/Class/CDC/Src/usbd_cdc.o
 .debug_aranges
                0x000011a0       0xd8 ./Middlewares/ST/STM32_USB_Device_Library/Core/Src/usbd_core.o
 .debug_aranges
                0x00001278       0x90 ./Middlewares/ST/STM32_USB_Device_Library/Core/Src/usbd_ctlreq.o
 .debug_aranges
                0x00001308       0x50 ./Middlewares/ST/STM32_USB_Device_Library/Core/Src/usbd_ioreq.o
 .debug_aranges
                0x00001358       0x20 ./USB_DEVICE/App/usb_device.o
 .debug_aranges
                0x00001378       0x50 ./USB_DEVICE/App/usbd_cdc_if.o
 .debug_aranges
                0x000013c8       0x60 ./USB_DEVICE/App/usbd_desc.o
 .debug_aranges
                0x00001428      0x110 ./USB_DEVICE/Target/usbd_conf.o

.debug_rnglists
                0x00000000     0x105d
 .debug_rnglists
                0x00000000       0x70 ./Core/Src/main.o
 .debug_rnglists
                0x00000070       0x1a ./Core/Src/motorDriver.o
 .debug_rnglists
                0x0000008a       0x3d ./Core/Src/retardos.o
 .debug_rnglists
                0x000000c7       0x46 ./Core/Src/stm32f4xx_hal_msp.o
 .debug_rnglists
                0x0000010d       0x49 ./Core/Src/stm32f4xx_it.o
 .debug_rnglists
                0x00000156       0x1a ./Core/Src/system_stm32f4xx.o
 .debug_rnglists
                0x00000170       0x19 ./Core/Startup/startup_stm32f411ceux.o
 .debug_rnglists
                0x00000189       0xaf ./Drivers/STM32F4xx_HAL_Driver/Src/stm32f4xx_hal.o
 .debug_rnglists
                0x00000238       0xb5 ./Drivers/STM32F4xx_HAL_Driver/Src/stm32f4xx_hal_adc.o
 .debug_rnglists
                0x000002ed       0xe0 ./Drivers/STM32F4xx_HAL_Driver/Src/stm32f4xx_hal_cortex.o
 .debug_rnglists
                0x000003cd       0x3f ./Drivers/STM32F4xx_HAL_Driver/Src/stm32f4xx_hal_gpio.o
 .debug_rnglists
                0x0000040c      0x23c ./Drivers/STM32F4xx_HAL_Driver/Src/stm32f4xx_hal_i2c.o
 .debug_rnglists
                0x00000648       0xfa ./Drivers/STM32F4xx_HAL_Driver/Src/stm32f4xx_hal_pcd.o
 .debug_rnglists
                0x00000742       0x26 ./Drivers/STM32F4xx_HAL_Driver/Src/stm32f4xx_hal_pcd_ex.o
 .debug_rnglists
                0x00000768       0x66 ./Drivers/STM32F4xx_HAL_Driver/Src/stm32f4xx_hal_rcc.o
 .debug_rnglists
                0x000007ce      0x31a ./Drivers/STM32F4xx_HAL_Driver/Src/stm32f4xx_hal_tim.o
 .debug_rnglists
                0x00000ae8      0x125 ./Drivers/STM32F4xx_HAL_Driver/Src/stm32f4xx_hal_tim_ex.o
 .debug_rnglists
                0x00000c0d      0x147 ./Drivers/STM32F4xx_HAL_Driver/Src/stm32f4xx_ll_usb.o
 .debug_rnglists
                0x00000d54       0x6c ./Middlewares/ST/STM32_USB_Device_Library/Class/CDC/Src/usbd_cdc.o
 .debug_rnglists
                0x00000dc0       0xa1 ./Middlewares/ST/STM32_USB_Device_Library/Core/Src/usbd_core.o
 .debug_rnglists
                0x00000e61       0x6e ./Middlewares/ST/STM32_USB_Device_Library/Core/Src/usbd_ctlreq.o
 .debug_rnglists
                0x00000ecf       0x37 ./Middlewares/ST/STM32_USB_Device_Library/Core/Src/usbd_ioreq.o
 .debug_rnglists
                0x00000f06       0x13 ./USB_DEVICE/App/usb_device.o
 .debug_rnglists
                0x00000f19       0x38 ./USB_DEVICE/App/usbd_cdc_if.o
 .debug_rnglists
                0x00000f51       0x43 ./USB_DEVICE/App/usbd_desc.o
 .debug_rnglists
                0x00000f94       0xc9 ./USB_DEVICE/Target/usbd_conf.o

.debug_macro    0x00000000     0x4ddb
 .debug_macro   0x00000000      0x3bd ./Core/Src/main.o
 .debug_macro   0x000003bd       0x2e ./Core/Src/main.o
 .debug_macro   0x000003eb       0x16 ./Core/Src/main.o
 .debug_macro   0x00000401       0x16 ./Core/Src/main.o
 .debug_macro   0x00000417       0x65 ./Core/Src/main.o
 .debug_macro   0x0000047c      0x20f ./Core/Src/main.o
 .debug_macro   0x0000068b       0x1c ./Core/Src/main.o
 .debug_macro   0x000006a7       0x22 ./Core/Src/main.o
 .debug_macro   0x000006c9      0x243 ./Core/Src/motorDriver.o
 .debug_macro   0x0000090c      0x248 ./Core/Src/retardos.o
 .debug_macro   0x00000b54       0x16 ./Core/Src/retardos.o
 .debug_macro   0x00000b6a      0x239 ./Core/Src/stm32f4xx_hal_msp.o
 .debug_macro   0x00000da3      0x243 ./Core/Src/stm32f4xx_it.o
 .debug_macro   0x00000fe6      0x229 ./Core/Src/system_stm32f4xx.o
 .debug_macro   0x0000120f      0x289 ./Drivers/STM32F4xx_HAL_Driver/Src/stm32f4xx_hal.o
 .debug_macro   0x00001498      0x22a ./Drivers/STM32F4xx_HAL_Driver/Src/stm32f4xx_hal_adc.o
 .debug_macro   0x000016c2      0x229 ./Drivers/STM32F4xx_HAL_Driver/Src/stm32f4xx_hal_cortex.o
 .debug_macro   0x000018eb      0x22f ./Drivers/STM32F4xx_HAL_Driver/Src/stm32f4xx_hal_gpio.o
 .debug_macro   0x00001b1a      0x277 ./Drivers/STM32F4xx_HAL_Driver/Src/stm32f4xx_hal_i2c.o
 .debug_macro   0x00001d91      0x235 ./Drivers/STM32F4xx_HAL_Driver/Src/stm32f4xx_hal_pcd.o
 .debug_macro   0x00001fc6      0x229 ./Drivers/STM32F4xx_HAL_Driver/Src/stm32f4xx_hal_pcd_ex.o
 .debug_macro   0x000021ef      0x24d ./Drivers/STM32F4xx_HAL_Driver/Src/stm32f4xx_hal_rcc.o
 .debug_macro   0x0000243c      0x22a ./Drivers/STM32F4xx_HAL_Driver/Src/stm32f4xx_hal_tim.o
 .debug_macro   0x00002666      0x229 ./Drivers/STM32F4xx_HAL_Driver/Src/stm32f4xx_hal_tim_ex.o
 .debug_macro   0x0000288f      0x229 ./Drivers/STM32F4xx_HAL_Driver/Src/stm32f4xx_ll_usb.o
 .debug_macro   0x00002ab8      0x3c8 ./Middlewares/ST/STM32_USB_Device_Library/Class/CDC/Src/usbd_cdc.o
 .debug_macro   0x00002e80       0x9e ./Middlewares/ST/STM32_USB_Device_Library/Class/CDC/Src/usbd_cdc.o
 .debug_macro   0x00002f1e      0x10b ./Middlewares/ST/STM32_USB_Device_Library/Class/CDC/Src/usbd_cdc.o
 .debug_macro   0x00003029       0x95 ./Middlewares/ST/STM32_USB_Device_Library/Class/CDC/Src/usbd_cdc.o
 .debug_macro   0x000030be      0x3af ./Middlewares/ST/STM32_USB_Device_Library/Core/Src/usbd_core.o
 .debug_macro   0x0000346d      0x215 ./Middlewares/ST/STM32_USB_Device_Library/Core/Src/usbd_core.o
 .debug_macro   0x00003682      0x3b9 ./Middlewares/ST/STM32_USB_Device_Library/Core/Src/usbd_ctlreq.o
 .debug_macro   0x00003a3b      0x3b5 ./Middlewares/ST/STM32_USB_Device_Library/Core/Src/usbd_ioreq.o
 .debug_macro   0x00003df0      0x3e7 ./USB_DEVICE/App/usb_device.o
 .debug_macro   0x000041d7       0x10 ./USB_DEVICE/App/usb_device.o
 .debug_macro   0x000041e7       0x22 ./USB_DEVICE/App/usb_device.o
 .debug_macro   0x00004209       0x16 ./USB_DEVICE/App/usb_device.o
 .debug_macro   0x0000421f      0x3d3 ./USB_DEVICE/App/usbd_cdc_if.o
 .debug_macro   0x000045f2       0x10 ./USB_DEVICE/App/usbd_cdc_if.o
 .debug_macro   0x00004602      0x3f2 ./USB_DEVICE/App/usbd_desc.o
 .debug_macro   0x000049f4       0x1c ./USB_DEVICE/App/usbd_desc.o
 .debug_macro   0x00004a10      0x3cb ./USB_DEVICE/Target/usbd_conf.o

.debug_line     0x00000000    0x1b3c6
 .debug_line    0x00000000      0xe15 ./Core/Src/main.o
 .debug_line    0x00000e15      0x885 ./Core/Src/motorDriver.o
 .debug_line    0x0000169a      0x8da ./Core/Src/retardos.o
 .debug_line    0x00001f74      0x90b ./Core/Src/stm32f4xx_hal_msp.o
 .debug_line    0x0000287f      0x8ac ./Core/Src/stm32f4xx_it.o
 .debug_line    0x0000312b      0x856 ./Core/Src/system_stm32f4xx.o
 .debug_line    0x00003981       0x7a ./Core/Startup/startup_stm32f411ceux.o
 .debug_line    0x000039fb      0xabf ./Drivers/STM32F4xx_HAL_Driver/Src/stm32f4xx_hal.o
 .debug_line    0x000044ba     0x1287 ./Drivers/STM32F4xx_HAL_Driver/Src/stm32f4xx_hal_adc.o
 .debug_line    0x00005741      0xdb1 ./Drivers/STM32F4xx_HAL_Driver/Src/stm32f4xx_hal_cortex.o
 .debug_line    0x000064f2      0xc0f ./Drivers/STM32F4xx_HAL_Driver/Src/stm32f4xx_hal_gpio.o
 .debug_line    0x00007101     0x3c05 ./Drivers/STM32F4xx_HAL_Driver/Src/stm32f4xx_hal_i2c.o
 .debug_line    0x0000ad06     0x15a8 ./Drivers/STM32F4xx_HAL_Driver/Src/stm32f4xx_hal_pcd.o
 .debug_line    0x0000c2ae      0x89c ./Drivers/STM32F4xx_HAL_Driver/Src/stm32f4xx_hal_pcd_ex.o
 .debug_line    0x0000cb4a      0xe48 ./Drivers/STM32F4xx_HAL_Driver/Src/stm32f4xx_hal_rcc.o
 .debug_line    0x0000d992     0x363d ./Drivers/STM32F4xx_HAL_Driver/Src/stm32f4xx_hal_tim.o
 .debug_line    0x00010fcf     0x1a50 ./Drivers/STM32F4xx_HAL_Driver/Src/stm32f4xx_hal_tim_ex.o
 .debug_line    0x00012a1f     0x1e3e ./Drivers/STM32F4xx_HAL_Driver/Src/stm32f4xx_ll_usb.o
 .debug_line    0x0001485d      0xf4e ./Middlewares/ST/STM32_USB_Device_Library/Class/CDC/Src/usbd_cdc.o
 .debug_line    0x000157ab      0xfc8 ./Middlewares/ST/STM32_USB_Device_Library/Core/Src/usbd_core.o
 .debug_line    0x00016773     0x11d8 ./Middlewares/ST/STM32_USB_Device_Library/Core/Src/usbd_ctlreq.o
 .debug_line    0x0001794b      0xae2 ./Middlewares/ST/STM32_USB_Device_Library/Core/Src/usbd_ioreq.o
 .debug_line    0x0001842d      0xa9e ./USB_DEVICE/App/usb_device.o
 .debug_line    0x00018ecb      0xb17 ./USB_DEVICE/App/usbd_cdc_if.o
 .debug_line    0x000199e2      0xb67 ./USB_DEVICE/App/usbd_desc.o
 .debug_line    0x0001a549      0xe7d ./USB_DEVICE/Target/usbd_conf.o

.debug_str      0x00000000    0x9e03b
 .debug_str     0x00000000    0x986ed ./Core/Src/main.o
                              0x98b0f (size before relaxing)
 .debug_str     0x000986ed       0x5a ./Core/Src/motorDriver.o
                              0x93d10 (size before relaxing)
 .debug_str     0x00098747      0x132 ./Core/Src/retardos.o
                              0x938cb (size before relaxing)
 .debug_str     0x00098879       0xff ./Core/Src/stm32f4xx_hal_msp.o
                              0x94286 (size before relaxing)
 .debug_str     0x00098978      0x460 ./Core/Src/stm32f4xx_it.o
                              0x93b93 (size before relaxing)
 .debug_str     0x00098dd8       0xdb ./Core/Src/system_stm32f4xx.o
                              0x93892 (size before relaxing)
 .debug_str     0x00098eb3       0x77 ./Core/Startup/startup_stm32f411ceux.o
 .debug_str     0x00098f2a      0x9b3 ./Drivers/STM32F4xx_HAL_Driver/Src/stm32f4xx_hal.o
                              0x942be (size before relaxing)
 .debug_str     0x000998dd      0x2c5 ./Drivers/STM32F4xx_HAL_Driver/Src/stm32f4xx_hal_adc.o
                              0x93e6d (size before relaxing)
 .debug_str     0x00099ba2      0x388 ./Drivers/STM32F4xx_HAL_Driver/Src/stm32f4xx_hal_cortex.o
                              0x94028 (size before relaxing)
 .debug_str     0x00099f2a      0x121 ./Drivers/STM32F4xx_HAL_Driver/Src/stm32f4xx_hal_gpio.o
                              0x93a0d (size before relaxing)
 .debug_str     0x0009a04b      0xb25 ./Drivers/STM32F4xx_HAL_Driver/Src/stm32f4xx_hal_i2c.o
                              0x948a3 (size before relaxing)
 .debug_str     0x0009ab70      0x81d ./Drivers/STM32F4xx_HAL_Driver/Src/stm32f4xx_hal_pcd.o
                              0x9435e (size before relaxing)
 .debug_str     0x0009b38d      0x115 ./Drivers/STM32F4xx_HAL_Driver/Src/stm32f4xx_hal_pcd_ex.o
                              0x93c4e (size before relaxing)
 .debug_str     0x0009b4a2      0x1ff ./Drivers/STM32F4xx_HAL_Driver/Src/stm32f4xx_hal_rcc.o
                              0x93cc6 (size before relaxing)
 .debug_str     0x0009b6a1      0xcd3 ./Drivers/STM32F4xx_HAL_Driver/Src/stm32f4xx_hal_tim.o
                              0x94c0a (size before relaxing)
 .debug_str     0x0009c374      0x493 ./Drivers/STM32F4xx_HAL_Driver/Src/stm32f4xx_hal_tim_ex.o
                              0x94416 (size before relaxing)
 .debug_str     0x0009c807      0x4b0 ./Drivers/STM32F4xx_HAL_Driver/Src/stm32f4xx_ll_usb.o
                              0x94239 (size before relaxing)
 .debug_str     0x0009ccb7      0xa32 ./Middlewares/ST/STM32_USB_Device_Library/Class/CDC/Src/usbd_cdc.o
                              0x9885b (size before relaxing)
 .debug_str     0x0009d6e9      0x35c ./Middlewares/ST/STM32_USB_Device_Library/Core/Src/usbd_core.o
                              0x981b4 (size before relaxing)
 .debug_str     0x0009da45      0x139 ./Middlewares/ST/STM32_USB_Device_Library/Core/Src/usbd_ctlreq.o
                              0x97fdf (size before relaxing)
 .debug_str     0x0009db7e       0x51 ./Middlewares/ST/STM32_USB_Device_Library/Core/Src/usbd_ioreq.o
                              0x97eb4 (size before relaxing)
 .debug_str     0x0009dbcf      0x105 ./USB_DEVICE/App/usb_device.o
                              0x98267 (size before relaxing)
 .debug_str     0x0009dcd4       0x91 ./USB_DEVICE/App/usbd_cdc_if.o
                              0x982bb (size before relaxing)
 .debug_str     0x0009dd65      0x26e ./USB_DEVICE/App/usbd_desc.o
                              0x97db4 (size before relaxing)
 .debug_str     0x0009dfd3       0x68 ./USB_DEVICE/Target/usbd_conf.o
                              0x98f63 (size before relaxing)

.comment        0x00000000       0x43
 .comment       0x00000000       0x43 ./Core/Src/main.o
                                 0x44 (size before relaxing)
 .comment       0x00000043       0x44 ./Core/Src/motorDriver.o
 .comment       0x00000043       0x44 ./Core/Src/retardos.o
 .comment       0x00000043       0x44 ./Core/Src/stm32f4xx_hal_msp.o
 .comment       0x00000043       0x44 ./Core/Src/stm32f4xx_it.o
 .comment       0x00000043       0x44 ./Core/Src/system_stm32f4xx.o
 .comment       0x00000043       0x44 ./Drivers/STM32F4xx_HAL_Driver/Src/stm32f4xx_hal.o
 .comment       0x00000043       0x44 ./Drivers/STM32F4xx_HAL_Driver/Src/stm32f4xx_hal_adc.o
 .comment       0x00000043       0x44 ./Drivers/STM32F4xx_HAL_Driver/Src/stm32f4xx_hal_cortex.o
 .comment       0x00000043       0x44 ./Drivers/STM32F4xx_HAL_Driver/Src/stm32f4xx_hal_gpio.o
 .comment       0x00000043       0x44 ./Drivers/STM32F4xx_HAL_Driver/Src/stm32f4xx_hal_i2c.o
 .comment       0x00000043       0x44 ./Drivers/STM32F4xx_HAL_Driver/Src/stm32f4xx_hal_pcd.o
 .comment       0x00000043       0x44 ./Drivers/STM32F4xx_HAL_Driver/Src/stm32f4xx_hal_pcd_ex.o
 .comment       0x00000043       0x44 ./Drivers/STM32F4xx_HAL_Driver/Src/stm32f4xx_hal_rcc.o
 .comment       0x00000043       0x44 ./Drivers/STM32F4xx_HAL_Driver/Src/stm32f4xx_hal_tim.o
 .comment       0x00000043       0x44 ./Drivers/STM32F4xx_HAL_Driver/Src/stm32f4xx_hal_tim_ex.o
 .comment       0x00000043       0x44 ./Drivers/STM32F4xx_HAL_Driver/Src/stm32f4xx_ll_usb.o
 .comment       0x00000043       0x44 ./Middlewares/ST/STM32_USB_Device_Library/Class/CDC/Src/usbd_cdc.o
 .comment       0x00000043       0x44 ./Middlewares/ST/STM32_USB_Device_Library/Core/Src/usbd_core.o
 .comment       0x00000043       0x44 ./Middlewares/ST/STM32_USB_Device_Library/Core/Src/usbd_ctlreq.o
 .comment       0x00000043       0x44 ./Middlewares/ST/STM32_USB_Device_Library/Core/Src/usbd_ioreq.o
 .comment       0x00000043       0x44 ./USB_DEVICE/App/usb_device.o
 .comment       0x00000043       0x44 ./USB_DEVICE/App/usbd_cdc_if.o
 .comment       0x00000043       0x44 ./USB_DEVICE/App/usbd_desc.o
 .comment       0x00000043       0x44 ./USB_DEVICE/Target/usbd_conf.o

.debug_frame    0x00000000     0x59d8
 .debug_frame   0x00000000      0x220 ./Core/Src/main.o
 .debug_frame   0x00000220       0x58 ./Core/Src/motorDriver.o
 .debug_frame   0x00000278      0x138 ./Core/Src/retardos.o
 .debug_frame   0x000003b0      0x160 ./Core/Src/stm32f4xx_hal_msp.o
 .debug_frame   0x00000510      0x120 ./Core/Src/stm32f4xx_it.o
 .debug_frame   0x00000630       0x58 ./Core/Src/system_stm32f4xx.o
 .debug_frame   0x00000688      0x374 ./Drivers/STM32F4xx_HAL_Driver/Src/stm32f4xx_hal.o
 .debug_frame   0x000009fc      0x3fc ./Drivers/STM32F4xx_HAL_Driver/Src/stm32f4xx_hal_adc.o
 .debug_frame   0x00000df8      0x508 ./Drivers/STM32F4xx_HAL_Driver/Src/stm32f4xx_hal_cortex.o
 .debug_frame   0x00001300      0x14c ./Drivers/STM32F4xx_HAL_Driver/Src/stm32f4xx_hal_gpio.o
 .debug_frame   0x0000144c      0xc84 ./Drivers/STM32F4xx_HAL_Driver/Src/stm32f4xx_hal_i2c.o
 .debug_frame   0x000020d0      0x5b8 ./Drivers/STM32F4xx_HAL_Driver/Src/stm32f4xx_hal_pcd.o
 .debug_frame   0x00002688       0xb0 ./Drivers/STM32F4xx_HAL_Driver/Src/stm32f4xx_hal_pcd_ex.o
 .debug_frame   0x00002738      0x1f4 ./Drivers/STM32F4xx_HAL_Driver/Src/stm32f4xx_hal_rcc.o
 .debug_frame   0x0000292c     0x11b8 ./Drivers/STM32F4xx_HAL_Driver/Src/stm32f4xx_hal_tim.o
 .debug_frame   0x00003ae4      0x638 ./Drivers/STM32F4xx_HAL_Driver/Src/stm32f4xx_hal_tim_ex.o
 .debug_frame   0x0000411c      0x7c0 ./Drivers/STM32F4xx_HAL_Driver/Src/stm32f4xx_ll_usb.o
 .debug_frame   0x000048dc      0x23c ./Middlewares/ST/STM32_USB_Device_Library/Class/CDC/Src/usbd_cdc.o
 .debug_frame   0x00004b18      0x390 ./Middlewares/ST/STM32_USB_Device_Library/Core/Src/usbd_core.o
 .debug_frame   0x00004ea8      0x23c ./Middlewares/ST/STM32_USB_Device_Library/Core/Src/usbd_ctlreq.o
 .debug_frame   0x000050e4      0x10c ./Middlewares/ST/STM32_USB_Device_Library/Core/Src/usbd_ioreq.o
 .debug_frame   0x000051f0       0x2c ./USB_DEVICE/App/usb_device.o
 .debug_frame   0x0000521c      0x10c ./USB_DEVICE/App/usbd_cdc_if.o
 .debug_frame   0x00005328      0x160 ./USB_DEVICE/App/usbd_desc.o
 .debug_frame   0x00005488      0x47c ./USB_DEVICE/Target/usbd_conf.o
 .debug_frame   0x00005904       0x20 C:/ST/STM32CubeIDE/STM32CubeIDE/plugins/com.st.stm32cube.ide.mcu.externaltools.gnu-tools-for-stm32.12.3.rel1.win32_1.1.0.202410251130/tools/bin/../lib/gcc/arm-none-eabi/12.3.1/../../../../arm-none-eabi/lib/thumb/v7e-m+fp/hard\libc_nano.a(libc_a-memset.o)
 .debug_frame   0x00005924       0x2c C:/ST/STM32CubeIDE/STM32CubeIDE/plugins/com.st.stm32cube.ide.mcu.externaltools.gnu-tools-for-stm32.12.3.rel1.win32_1.1.0.202410251130/tools/bin/../lib/gcc/arm-none-eabi/12.3.1/../../../../arm-none-eabi/lib/thumb/v7e-m+fp/hard\libc_nano.a(libc_a-init.o)
 .debug_frame   0x00005950       0x28 C:/ST/STM32CubeIDE/STM32CubeIDE/plugins/com.st.stm32cube.ide.mcu.externaltools.gnu-tools-for-stm32.12.3.rel1.win32_1.1.0.202410251130/tools/bin/../lib/gcc/arm-none-eabi/12.3.1/../../../../arm-none-eabi/lib/thumb/v7e-m+fp/hard\libc_nano.a(libc_a-memcpy-stub.o)
 .debug_frame   0x00005978       0x2c C:/ST/STM32CubeIDE/STM32CubeIDE/plugins/com.st.stm32cube.ide.mcu.externaltools.gnu-tools-for-stm32.12.3.rel1.win32_1.1.0.202410251130/tools/bin/../lib/gcc/arm-none-eabi/12.3.1/thumb/v7e-m+fp/hard\libgcc.a(_aeabi_uldivmod.o)
 .debug_frame   0x000059a4       0x34 C:/ST/STM32CubeIDE/STM32CubeIDE/plugins/com.st.stm32cube.ide.mcu.externaltools.gnu-tools-for-stm32.12.3.rel1.win32_1.1.0.202410251130/tools/bin/../lib/gcc/arm-none-eabi/12.3.1/thumb/v7e-m+fp/hard\libgcc.a(_udivmoddi4.o)

.debug_line_str
                0x00000000       0x5b
 .debug_line_str
                0x00000000       0x5b ./Core/Startup/startup_stm32f411ceux.o
