../Core/Src/stm32f4xx_it.c:73:6:NMI_Handler	0	static
../Core/Src/stm32f4xx_it.c:88:6:HardFault_Handler	0	static
../Core/Src/stm32f4xx_it.c:103:6:MemManage_Handler	0	static
../Core/Src/stm32f4xx_it.c:118:6:BusFault_Handler	0	static
../Core/Src/stm32f4xx_it.c:133:6:UsageFault_Handler	0	static
../Core/Src/stm32f4xx_it.c:148:6:SVC_Handler	0	static
../Core/Src/stm32f4xx_it.c:161:6:DebugMon_Handler	0	static
../Core/Src/stm32f4xx_it.c:174:6:PendSV_Handler	0	static
../Core/Src/stm32f4xx_it.c:187:6:SysTick_Handler	0	static
../Core/Src/stm32f4xx_it.c:208:6:TIM1_UP_TIM10_IRQHandler	8	static
../Core/Src/stm32f4xx_it.c:223:6:TIM1_TRG_COM_TIM11_IRQHandler	8	static
../Core/Src/stm32f4xx_it.c:238:6:DMA2_Stream0_IRQHandler	0	static
../Core/Src/stm32f4xx_it.c:252:6:OTG_FS_IRQHandler	0	static
