Archive member included to satisfy reference by file (symbol)

C:/ST/STM32CubeIDE/STM32CubeIDE/plugins/com.st.stm32cube.ide.mcu.externaltools.gnu-tools-for-stm32.12.3.rel1.win32_1.1.0.202410251130/tools/bin/../lib/gcc/arm-none-eabi/12.3.1/../../../../arm-none-eabi/lib/thumb/v7e-m+fp/hard\libc_nano.a(libc_a-exit.o)
                              C:/ST/STM32CubeIDE/STM32CubeIDE/plugins/com.st.stm32cube.ide.mcu.externaltools.gnu-tools-for-stm32.12.3.rel1.win32_1.1.0.202410251130/tools/bin/../lib/gcc/arm-none-eabi/12.3.1/../../../../arm-none-eabi/lib/thumb/v7e-m+fp/hard/crt0.o (exit)
C:/ST/STM32CubeIDE/STM32CubeIDE/plugins/com.st.stm32cube.ide.mcu.externaltools.gnu-tools-for-stm32.12.3.rel1.win32_1.1.0.202410251130/tools/bin/../lib/gcc/arm-none-eabi/12.3.1/../../../../arm-none-eabi/lib/thumb/v7e-m+fp/hard\libc_nano.a(libc_a-findfp.o)
                              C:/ST/STM32CubeIDE/STM32CubeIDE/plugins/com.st.stm32cube.ide.mcu.externaltools.gnu-tools-for-stm32.12.3.rel1.win32_1.1.0.202410251130/tools/bin/../lib/gcc/arm-none-eabi/12.3.1/../../../../arm-none-eabi/lib/thumb/v7e-m+fp/hard\libc_nano.a(libc_a-exit.o) (__stdio_exit_handler)
C:/ST/STM32CubeIDE/STM32CubeIDE/plugins/com.st.stm32cube.ide.mcu.externaltools.gnu-tools-for-stm32.12.3.rel1.win32_1.1.0.202410251130/tools/bin/../lib/gcc/arm-none-eabi/12.3.1/../../../../arm-none-eabi/lib/thumb/v7e-m+fp/hard\libc_nano.a(libc_a-fwalk.o)
                              C:/ST/STM32CubeIDE/STM32CubeIDE/plugins/com.st.stm32cube.ide.mcu.externaltools.gnu-tools-for-stm32.12.3.rel1.win32_1.1.0.202410251130/tools/bin/../lib/gcc/arm-none-eabi/12.3.1/../../../../arm-none-eabi/lib/thumb/v7e-m+fp/hard\libc_nano.a(libc_a-findfp.o) (_fwalk_sglue)
C:/ST/STM32CubeIDE/STM32CubeIDE/plugins/com.st.stm32cube.ide.mcu.externaltools.gnu-tools-for-stm32.12.3.rel1.win32_1.1.0.202410251130/tools/bin/../lib/gcc/arm-none-eabi/12.3.1/../../../../arm-none-eabi/lib/thumb/v7e-m+fp/hard\libc_nano.a(libc_a-snprintf.o)
                              ./Core/Inc/ssd1306_tests.o (snprintf)
C:/ST/STM32CubeIDE/STM32CubeIDE/plugins/com.st.stm32cube.ide.mcu.externaltools.gnu-tools-for-stm32.12.3.rel1.win32_1.1.0.202410251130/tools/bin/../lib/gcc/arm-none-eabi/12.3.1/../../../../arm-none-eabi/lib/thumb/v7e-m+fp/hard\libc_nano.a(libc_a-stdio.o)
                              C:/ST/STM32CubeIDE/STM32CubeIDE/plugins/com.st.stm32cube.ide.mcu.externaltools.gnu-tools-for-stm32.12.3.rel1.win32_1.1.0.202410251130/tools/bin/../lib/gcc/arm-none-eabi/12.3.1/../../../../arm-none-eabi/lib/thumb/v7e-m+fp/hard\libc_nano.a(libc_a-findfp.o) (__sread)
C:/ST/STM32CubeIDE/STM32CubeIDE/plugins/com.st.stm32cube.ide.mcu.externaltools.gnu-tools-for-stm32.12.3.rel1.win32_1.1.0.202410251130/tools/bin/../lib/gcc/arm-none-eabi/12.3.1/../../../../arm-none-eabi/lib/thumb/v7e-m+fp/hard\libc_nano.a(libc_a-memmove.o)
                              ./Core/Inc/ssd1306_tests.o (memmove)
C:/ST/STM32CubeIDE/STM32CubeIDE/plugins/com.st.stm32cube.ide.mcu.externaltools.gnu-tools-for-stm32.12.3.rel1.win32_1.1.0.202410251130/tools/bin/../lib/gcc/arm-none-eabi/12.3.1/../../../../arm-none-eabi/lib/thumb/v7e-m+fp/hard\libc_nano.a(libc_a-memset.o)
                              C:/ST/STM32CubeIDE/STM32CubeIDE/plugins/com.st.stm32cube.ide.mcu.externaltools.gnu-tools-for-stm32.12.3.rel1.win32_1.1.0.202410251130/tools/bin/../lib/gcc/arm-none-eabi/12.3.1/../../../../arm-none-eabi/lib/thumb/v7e-m+fp/hard/crt0.o (memset)
C:/ST/STM32CubeIDE/STM32CubeIDE/plugins/com.st.stm32cube.ide.mcu.externaltools.gnu-tools-for-stm32.12.3.rel1.win32_1.1.0.202410251130/tools/bin/../lib/gcc/arm-none-eabi/12.3.1/../../../../arm-none-eabi/lib/thumb/v7e-m+fp/hard\libc_nano.a(libc_a-closer.o)
                              C:/ST/STM32CubeIDE/STM32CubeIDE/plugins/com.st.stm32cube.ide.mcu.externaltools.gnu-tools-for-stm32.12.3.rel1.win32_1.1.0.202410251130/tools/bin/../lib/gcc/arm-none-eabi/12.3.1/../../../../arm-none-eabi/lib/thumb/v7e-m+fp/hard\libc_nano.a(libc_a-stdio.o) (_close_r)
C:/ST/STM32CubeIDE/STM32CubeIDE/plugins/com.st.stm32cube.ide.mcu.externaltools.gnu-tools-for-stm32.12.3.rel1.win32_1.1.0.202410251130/tools/bin/../lib/gcc/arm-none-eabi/12.3.1/../../../../arm-none-eabi/lib/thumb/v7e-m+fp/hard\libc_nano.a(libc_a-reent.o)
                              C:/ST/STM32CubeIDE/STM32CubeIDE/plugins/com.st.stm32cube.ide.mcu.externaltools.gnu-tools-for-stm32.12.3.rel1.win32_1.1.0.202410251130/tools/bin/../lib/gcc/arm-none-eabi/12.3.1/../../../../arm-none-eabi/lib/thumb/v7e-m+fp/hard\libc_nano.a(libc_a-closer.o) (errno)
C:/ST/STM32CubeIDE/STM32CubeIDE/plugins/com.st.stm32cube.ide.mcu.externaltools.gnu-tools-for-stm32.12.3.rel1.win32_1.1.0.202410251130/tools/bin/../lib/gcc/arm-none-eabi/12.3.1/../../../../arm-none-eabi/lib/thumb/v7e-m+fp/hard\libc_nano.a(libc_a-impure.o)
[...]
Memory Configuration

Name             Origin             Length             Attributes
RAM              0x20000000         0x00020000         xrw
FLASH            0x08000000         0x00080000         xr
*default*        0x00000000         0xffffffff

Linker script and memory map

LOAD C:/ST/STM32CubeIDE/STM32CubeIDE/plugins/com.st.stm32cube.ide.mcu.externaltools.gnu-tools-for-stm32.12.3.rel1.win32_1.1.0.202410251130/tools/bin/../lib/gcc/arm-none-eabi/12.3.1/thumb/v7e-m+fp/hard/crti.o
LOAD C:/ST/STM32CubeIDE/STM32CubeIDE/plugins/com.st.stm32cube.ide.mcu.externaltools.gnu-tools-for-stm32.12.3.rel1.win32_1.1.0.202410251130/tools/bin/../lib/gcc/arm-none-eabi/12.3.1/thumb/v7e-m+fp/hard/crtbegin.o
LOAD C:/ST/STM32CubeIDE/STM32CubeIDE/plugins/com.st.stm32cube.ide.mcu.externaltools.gnu-tools-for-stm32.12.3.rel1.win32_1.1.0.202410251130/tools/bin/../lib/gcc/arm-none-eabi/12.3.1/../../../../arm-none-eabi/lib/thumb/v7e-m+fp/hard/crt0.o
LOAD ./Core/Inc/ssd1306.o
LOAD ./Core/Inc/ssd1306_fonts.o
LOAD ./Core/Inc/ssd1306_tests.o
LOAD ./Core/Src/ADC_IR_SENSOR.o
LOAD ./Core/Src/ADC_IR_SENSOR2.o
LOAD ./Core/Src/TRAPECIO.o
LOAD ./Core/Src/main.o
LOAD ./Core/Src/mms_odometria.o
LOAD ./Core/Src/motorDriver.o
LOAD ./Core/Src/retardos.o
LOAD ./Core/Src/stm32f4xx_hal_msp.o
LOAD ./Core/Src/stm32f4xx_it.o
LOAD ./Core/Src/syscalls.o
LOAD ./Core/Src/sysmem.o
LOAD ./Core/Src/system_stm32f4xx.o
LOAD ./Core/Startup/startup_stm32f411ceux.o
LOAD ./Drivers/STM32F4xx_HAL_Driver/Src/stm32f4xx_hal.o
LOAD ./Drivers/STM32F4xx_HAL_Driver/Src/stm32f4xx_hal_adc.o
LOAD ./Drivers/STM32F4xx_HAL_Driver/Src/stm32f4xx_hal_adc_ex.o
LOAD ./Drivers/STM32F4xx_HAL_Driver/Src/stm32f4xx_hal_cortex.o
LOAD ./Drivers/STM32F4xx_HAL_Driver/Src/stm32f4xx_hal_dma.o
LOAD ./Drivers/STM32F4xx_HAL_Driver/Src/stm32f4xx_hal_dma_ex.o
LOAD ./Drivers/STM32F4xx_HAL_Driver/Src/stm32f4xx_hal_exti.o
LOAD ./Drivers/STM32F4xx_HAL_Driver/Src/stm32f4xx_hal_flash.o
LOAD ./Drivers/STM32F4xx_HAL_Driver/Src/stm32f4xx_hal_flash_ex.o
LOAD ./Drivers/STM32F4xx_HAL_Driver/Src/stm32f4xx_hal_flash_ramfunc.o
LOAD ./Drivers/STM32F4xx_HAL_Driver/Src/stm32f4xx_hal_gpio.o
LOAD ./Drivers/STM32F4xx_HAL_Driver/Src/stm32f4xx_hal_i2c.o
LOAD ./Drivers/STM32F4xx_HAL_Driver/Src/stm32f4xx_hal_i2c_ex.o
LOAD ./Drivers/STM32F4xx_HAL_Driver/Src/stm32f4xx_hal_pcd.o
LOAD ./Drivers/STM32F4xx_HAL_Driver/Src/stm32f4xx_hal_pcd_ex.o
LOAD ./Drivers/STM32F4xx_HAL_Driver/Src/stm32f4xx_hal_pwr.o
LOAD ./Drivers/STM32F4xx_HAL_Driver/Src/stm32f4xx_hal_pwr_ex.o
LOAD ./Drivers/STM32F4xx_HAL_Driver/Src/stm32f4xx_hal_rcc.o
LOAD ./Drivers/STM32F4xx_HAL_Driver/Src/stm32f4xx_hal_rcc_ex.o
LOAD ./Drivers/STM32F4xx_HAL_Driver/Src/stm32f4xx_hal_tim.o
LOAD ./Drivers/STM32F4xx_HAL_Driver/Src/stm32f4xx_hal_tim_ex.o
LOAD ./Drivers/STM32F4xx_HAL_Driver/Src/stm32f4xx_ll_adc.o
LOAD ./Drivers/STM32F4xx_HAL_Driver/Src/stm32f4xx_ll_usb.o
LOAD ./Middlewares/ST/STM32_USB_Device_Library/Class/CDC/Src/usbd_cdc.o
LOAD ./Middlewares/ST/STM32_USB_Device_Library/Core/Src/usbd_core.o
LOAD ./Middlewares/ST/STM32_USB_Device_Library/Core/Src/usbd_ctlreq.o
LOAD ./Middlewares/ST/STM32_USB_Device_Library/Core/Src/usbd_ioreq.o
LOAD ./USB_DEVICE/App/usb_device.o
LOAD ./USB_DEVICE/App/usbd_cdc_if.o
LOAD ./USB_DEVICE/App/usbd_desc.o
LOAD ./USB_DEVICE/Target/usbd_conf.o
START GROUP
LOAD C:/ST/STM32CubeIDE/STM32CubeIDE/plugins/com.st.stm32cube.ide.mcu.externaltools.gnu-tools-for-stm32.12.3.rel1.win32_1.1.0.202410251130/tools/bin/../lib/gcc/arm-none-eabi/12.3.1/../../../../arm-none-eabi/lib/thumb/v7e-m+fp/hard\libc_nano.a
LOAD C:/ST/STM32CubeIDE/STM32CubeIDE/plugins/com.st.stm32cube.ide.mcu.externaltools.gnu-tools-for-stm32.12.3.rel1.win32_1.1.0.202410251130/tools/bin/../lib/gcc/arm-none-eabi/12.3.1/../../../../arm-none-eabi/lib/thumb/v7e-m+fp/hard\libm.a
END GROUP
START GROUP
LOAD C:/ST/STM32CubeIDE/STM32CubeIDE/plugins/com.st.stm32cube.ide.mcu.externaltools.gnu-tools-for-stm32.12.3.rel1.win32_1.1.0.202410251130/tools/bin/../lib/gcc/arm-none-eabi/12.3.1/thumb/v7e-m+fp/hard\libgcc.a
LOAD C:/ST/STM32CubeIDE/STM32CubeIDE/plugins/com.st.stm32cube.ide.mcu.externaltools.gnu-tools-for-stm32.12.3.rel1.win32_1.1.0.202410251130/tools/bin/../lib/gcc/arm-none-eabi/12.3.1/../../../../arm-none-eabi/lib/thumb/v7e-m+fp/hard\libc_nano.a
END GROUP
START GROUP
LOAD C:/ST/STM32CubeIDE/STM32CubeIDE/plugins/com.st.stm32cube.ide.mcu.externaltools.gnu-tools-for-stm32.12.3.rel1.win32_1.1.0.202410251130/tools/bin/../lib/gcc/arm-none-eabi/12.3.1/thumb/v7e-m+fp/hard\libgcc.a
LOAD C:/ST/STM32CubeIDE/STM32CubeIDE/plugins/com.st.stm32cube.ide.mcu.externaltools.gnu-tools-for-stm32.12.3.rel1.win32_1.1.0.202410251130/tools/bin/../lib/gcc/arm-none-eabi/12.3.1/../../../../arm-none-eabi/lib/thumb/v7e-m+fp/hard\libc_nano.a
LOAD C:/ST/STM32CubeIDE/STM32CubeIDE/plugins/com.st.stm32cube.ide.mcu.externaltools.gnu-tools-for-stm32.12.3.rel1.win32_1.1.0.202410251130/tools/bin/../lib/gcc/arm-none-eabi/12.3.1/../../../../arm-none-eabi/lib/thumb/v7e-m+fp/hard\libnosys.a
END GROUP
START GROUP
LOAD C:/ST/STM32CubeIDE/STM32CubeIDE/plugins/com.st.stm32cube.ide.mcu.externaltools.gnu-tools-for-stm32.12.3.rel1.win32_1.1.0.202410251130/tools/bin/../lib/gcc/arm-none-eabi/12.3.1/thumb/v7e-m+fp/hard\libgcc.a
LOAD C:/ST/STM32CubeIDE/STM32CubeIDE/plugins/com.st.stm32cube.ide.mcu.externaltools.gnu-tools-for-stm32.12.3.rel1.win32_1.1.0.202410251130/tools/bin/../lib/gcc/arm-none-eabi/12.3.1/../../../../arm-none-eabi/lib/thumb/v7e-m+fp/hard\libc_nano.a
LOAD C:/ST/STM32CubeIDE/STM32CubeIDE/plugins/com.st.stm32cube.ide.mcu.externaltools.gnu-tools-for-stm32.12.3.rel1.win32_1.1.0.202410251130/tools/bin/../lib/gcc/arm-none-eabi/12.3.1/../../../../arm-none-eabi/lib/thumb/v7e-m+fp/hard\libnosys.a
END GROUP
LOAD C:/ST/STM32CubeIDE/STM32CubeIDE/plugins/com.st.stm32cube.ide.mcu.externaltools.gnu-tools-for-stm32.12.3.rel1.win32_1.1.0.202410251130/tools/bin/../lib/gcc/arm-none-eabi/12.3.1/thumb/v7e-m+fp/hard/crtend.o
LOAD C:/ST/STM32CubeIDE/STM32CubeIDE/plugins/com.st.stm32cube.ide.mcu.externaltools.gnu-tools-for-stm32.12.3.rel1.win32_1.1.0.202410251130/tools/bin/../lib/gcc/arm-none-eabi/12.3.1/thumb/v7e-m+fp/hard/crtn.o
                0x20020000                        _estack = (ORIGIN (RAM) + LENGTH (RAM))
                0x00000200                        _Min_Heap_Size = 0x200
                0x00000400                        _Min_Stack_Size = 0x400

.isr_vector     0x08000000      0x198
                0x08000000                        . = ALIGN (0x4)
 *(.isr_vector)
 .isr_vector    0x08000000      0x198 ./Core/Startup/startup_stm32f411ceux.o
                0x08000000                g_pfnVectors
                0x08000198                        . = ALIGN (0x4)

.text           0x08000198     0xcabc
                0x08000198                        . = ALIGN (0x4)
 *(.text)
 .text          0x08000198       0x40 C:/ST/STM32CubeIDE/STM32CubeIDE/plugins/com.st.stm32cube.ide.mcu.externaltools.gnu-tools-for-stm32.12.3.rel1.win32_1.1.0.202410251130/tools/bin/../lib/gcc/arm-none-eabi/12.3.1/thumb/v7e-m+fp/hard/crtbegin.o
 .text          0x080001d8      0x378 C:/ST/STM32CubeIDE/STM32CubeIDE/plugins/com.st.stm32cube.ide.mcu.externaltools.gnu-tools-for-stm32.12.3.rel1.win32_1.1.0.202410251130/tools/bin/../lib/gcc/arm-none-eabi/12.3.1/thumb/v7e-m+fp/hard\libgcc.a(_arm_addsubdf3.o)
                0x080001d8                __aeabi_drsub
                0x080001e0                __aeabi_dsub
                0x080001e0                __subdf3
                0x080001e4                __aeabi_dadd
                0x080001e4                __adddf3
                0x0800045c                __floatunsidf
                0x0800045c                __aeabi_ui2d
                0x0800047c                __floatsidf
                0x0800047c                __aeabi_i2d
                0x080004a0                __aeabi_f2d
                0x080004a0                __extendsfdf2
                0x080004e4                __floatundidf
                0x080004e4                __aeabi_ul2d
                0x080004f4                __floatdidf
                0x080004f4                __aeabi_l2d
 .text          0x08000550      0x424 C:/ST/STM32CubeIDE/STM32CubeIDE/plugins/com.st.stm32cube.ide.mcu.externaltools.gnu-tools-for-stm32.12.3.rel1.win32_1.1.0.202410251130/tools/bin/../lib/gcc/arm-none-eabi/12.3.1/thumb/v7e-m+fp/hard\libgcc.a(_arm_muldivdf3.o)
                0x08000550                __aeabi_dmul
                0x08000550                __muldf3
                0x080007a4                __divdf3
                0x080007a4                __aeabi_ddiv
 .text          0x08000974      0x110 C:/ST/STM32CubeIDE/STM32CubeIDE/plugins/com.st.stm32cube.ide.mcu.externaltools.gnu-tools-for-stm32.12.3.rel1.win32_1.1.0.202410251130/tools/bin/../lib/gcc/arm-none-eabi/12.3.1/thumb/v7e-m+fp/hard\libgcc.a(_arm_cmpdf2.o)
                0x08000974                __gtdf2
                0x08000974                __gedf2
                0x0800097c                __ltdf2
                0x0800097c                __ledf2
                0x08000984                __nedf2
                0x08000984                __eqdf2
                0x08000984                __cmpdf2
                0x08000a00                __aeabi_cdrcmple
                0x08000a10                __aeabi_cdcmpeq
                0x08000a10                __aeabi_cdcmple
                0x08000a20                __aeabi_dcmpeq
                0x08000a34                __aeabi_dcmplt
                0x08000a48                __aeabi_dcmple
                0x08000a5c                __aeabi_dcmpge
                0x08000a70                __aeabi_dcmpgt
 .text          0x08000a84       0x2c C:/ST/STM32CubeIDE/STM32CubeIDE/plugins/com.st.stm32cube.ide.mcu.externaltools.gnu-tools-for-stm32.12.3.rel1.win32_1.1.0.202410251130/tools/bin/../lib/gcc/arm-none-eabi/12.3.1/thumb/v7e-m+fp/hard\libgcc.a(_arm_unorddf2.o)
                0x08000a84                __unorddf2
                0x08000a84                __aeabi_dcmpun
 .text          0x08000ab0       0xa0 C:/ST/STM32CubeIDE/STM32CubeIDE/plugins/com.st.stm32cube.ide.mcu.externaltools.gnu-tools-for-stm32.12.3.rel1.win32_1.1.0.202410251130/tools/bin/../lib/gcc/arm-none-eabi/12.3.1/thumb/v7e-m+fp/hard\libgcc.a(_arm_truncdfsf2.o)
                0x08000ab0                __truncdfsf2
                0x08000ab0                __aeabi_d2f
 .text          0x08000b50       0x30 C:/ST/STM32CubeIDE/STM32CubeIDE/plugins/com.st.stm32cube.ide.mcu.externaltools.gnu-tools-for-stm32.12.3.rel1.win32_1.1.0.202410251130/tools/bin/../lib/gcc/arm-none-eabi/12.3.1/thumb/v7e-m+fp/hard\libgcc.a(_aeabi_uldivmod.o)
                0x08000b50                __aeabi_uldivmod
 .text          0x08000b80      0x2bc C:/ST/STM32CubeIDE/STM32CubeIDE/plugins/com.st.stm32cube.ide.mcu.externaltools.gnu-tools-for-stm32.12.3.rel1.win32_1.1.0.202410251130/tools/bin/../lib/gcc/arm-none-eabi/12.3.1/thumb/v7e-m+fp/hard\libgcc.a(_udivmoddi4.o)
                0x08000b80                __udivmoddi4
 .text          0x08000e3c        0x4 C:/ST/STM32CubeIDE/STM32CubeIDE/plugins/com.st.stm32cube.ide.mcu.externaltools.gnu-tools-for-stm32.12.3.rel1.win32_1.1.0.202410251130/tools/bin/../lib/gcc/arm-none-eabi/12.3.1/thumb/v7e-m+fp/hard\libgcc.a(_dvmd_tls.o)
                0x08000e3c                __aeabi_idiv0
                0x08000e3c                __aeabi_ldiv0
 *(.text*)
 .text.CONVERTER_INIT
                0x08000e40       0x84 ./Core/Src/ADC_IR_SENSOR2.o
                0x08000e40                CONVERTER_INIT
 .text.ReadAndAverageSensors
                0x08000ec4      0x160 ./Core/Src/ADC_IR_SENSOR2.o
                0x08000ec4                ReadAndAverageSensors
 *fill*         0x08001024        0x4 
 .text.CONV_Y_TRANS
                0x08001028      0x2b8 ./Core/Src/ADC_IR_SENSOR2.o
                0x08001028                CONV_Y_TRANS
 .text.calcularCRC
                0x080012e0       0x40 ./Core/Src/main.o
                0x080012e0                calcularCRC
 .text.serializarPaquete
                0x08001320       0xb4 ./Core/Src/main.o
                0x08001320                serializarPaquete
 .text.EnviarPaquete
                0x080013d4       0x88 ./Core/Src/main.o
                0x080013d4                EnviarPaquete
 .text.trapecio_VD_simple
                0x0800145c      0x14c ./Core/Src/main.o
                0x0800145c                trapecio_VD_simple
 .text.trapecio_VD_simple_angulo
                0x080015a8      0x18c ./Core/Src/main.o
                0x080015a8                trapecio_VD_simple_angulo
 .text.Pwm_By_Speed_normal
                0x08001734       0xb4 ./Core/Src/main.o
                0x08001734                Pwm_By_Speed_normal
 .text.fragmentacion
                0x080017e8       0x5e ./Core/Src/main.o
                0x080017e8                fragmentacion
 .text.VSPEED_QT
                0x08001846       0x4c ./Core/Src/main.o
                0x08001846                VSPEED_QT
 *fill*         0x08001892        0x2 
 .text.main     0x08001894      0x5a4 ./Core/Src/main.o
                0x08001894                main
 .text.SystemClock_Config
                0x08001e38       0xd0 ./Core/Src/main.o
                0x08001e38                SystemClock_Config
 .text.MX_ADC1_Init
                0x08001f08       0xf8 ./Core/Src/main.o
 .text.MX_I2C1_Init
                0x08002000       0x5c ./Core/Src/main.o
 .text.MX_TIM1_Init
                0x0800205c       0xa4 ./Core/Src/main.o
 .text.MX_TIM2_Init
                0x08002100       0xa8 ./Core/Src/main.o
 .text.MX_TIM3_Init
                0x080021a8       0xa8 ./Core/Src/main.o
 .text.MX_TIM4_Init
                0x08002250      0x100 ./Core/Src/main.o
 .text.MX_TIM9_Init
                0x08002350       0x74 ./Core/Src/main.o
 .text.MX_TIM10_Init
                0x080023c4       0x48 ./Core/Src/main.o
 .text.MX_TIM11_Init
                0x0800240c       0x48 ./Core/Src/main.o
 .text.MX_DMA_Init
                0x08002454       0x40 ./Core/Src/main.o
 .text.MX_GPIO_Init
                0x08002494      0x138 ./Core/Src/main.o
 .text.HAL_ADC_ConvCpltCallback
                0x080025cc       0x24 ./Core/Src/main.o
                0x080025cc                HAL_ADC_ConvCpltCallback
 .text.HAL_TIM_PeriodElapsedCallback
                0x080025f0       0x54 ./Core/Src/main.o
                0x080025f0                HAL_TIM_PeriodElapsedCallback
 .text.CDC_ReceiveCallBack
                0x08002644       0x2c ./Core/Src/main.o
                0x08002644                CDC_ReceiveCallBack
 .text.Error_Handler
                0x08002670        0xc ./Core/Src/main.o
                0x08002670                Error_Handler
 .text.odo_init_reset
                0x0800267c       0x74 ./Core/Src/mms_odometria.o
                0x0800267c                odo_init_reset
 .text.actualizar_odometria
                0x080026f0      0x220 ./Core/Src/mms_odometria.o
                0x080026f0                actualizar_odometria
 .text.motoresInit
                0x08002910       0x78 ./Core/Src/motorDriver.o
                0x08002910                motoresInit
 .text.motores  0x08002988      0x150 ./Core/Src/motorDriver.o
                0x08002988                motores
 .text.delay_us_tim_init
                0x08002ad8       0x20 ./Core/Src/retardos.o
                0x08002ad8                delay_us_tim_init
 .text.HAL_MspInit
                0x08002af8       0x50 ./Core/Src/stm32f4xx_hal_msp.o
                0x08002af8                HAL_MspInit
 .text.HAL_ADC_MspInit
                0x08002b48       0xf0 ./Core/Src/stm32f4xx_hal_msp.o
                0x08002b48                HAL_ADC_MspInit
 .text.HAL_I2C_MspInit
                0x08002c38       0x90 ./Core/Src/stm32f4xx_hal_msp.o
                0x08002c38                HAL_I2C_MspInit
 .text.HAL_TIM_Base_MspInit
                0x08002cc8      0x130 ./Core/Src/stm32f4xx_hal_msp.o
                0x08002cc8                HAL_TIM_Base_MspInit
 .text.HAL_TIM_Encoder_MspInit
                0x08002df8      0x134 ./Core/Src/stm32f4xx_hal_msp.o
                0x08002df8                HAL_TIM_Encoder_MspInit
 .text.HAL_TIM_MspPostInit
                0x08002f2c       0x74 ./Core/Src/stm32f4xx_hal_msp.o
                0x08002f2c                HAL_TIM_MspPostInit
 .text.NMI_Handler
                0x08002fa0        0x8 ./Core/Src/stm32f4xx_it.o
                0x08002fa0                NMI_Handler
 .text.HardFault_Handler
                0x08002fa8        0x8 ./Core/Src/stm32f4xx_it.o
                0x08002fa8                HardFault_Handler
 .text.MemManage_Handler
                0x08002fb0        0x8 ./Core/Src/stm32f4xx_it.o
                0x08002fb0                MemManage_Handler
 .text.BusFault_Handler
                0x08002fb8        0x8 ./Core/Src/stm32f4xx_it.o
                0x08002fb8                BusFault_Handler
 .text.UsageFault_Handler
                0x08002fc0        0x8 ./Core/Src/stm32f4xx_it.o
                0x08002fc0                UsageFault_Handler
 .text.SVC_Handler
                0x08002fc8        0xe ./Core/Src/stm32f4xx_it.o
                0x08002fc8                SVC_Handler
 .text.DebugMon_Handler
                0x08002fd6        0xe ./Core/Src/stm32f4xx_it.o
                0x08002fd6                DebugMon_Handler
 .text.PendSV_Handler
                0x08002fe4        0xe ./Core/Src/stm32f4xx_it.o
                0x08002fe4                PendSV_Handler
 .text.SysTick_Handler
                0x08002ff2        0xc ./Core/Src/stm32f4xx_it.o
                0x08002ff2                SysTick_Handler
 *fill*         0x08002ffe        0x2 
 .text.TIM1_UP_TIM10_IRQHandler
                0x08003000       0x1c ./Core/Src/stm32f4xx_it.o
                0x08003000                TIM1_UP_TIM10_IRQHandler
 .text.TIM1_TRG_COM_TIM11_IRQHandler
                0x0800301c       0x1c ./Core/Src/stm32f4xx_it.o
                0x0800301c                TIM1_TRG_COM_TIM11_IRQHandler
 .text.DMA2_Stream0_IRQHandler
                0x08003038       0x14 ./Core/Src/stm32f4xx_it.o
                0x08003038                DMA2_Stream0_IRQHandler
 .text.OTG_FS_IRQHandler
                0x0800304c       0x14 ./Core/Src/stm32f4xx_it.o
                0x0800304c                OTG_FS_IRQHandler
 .text.SystemInit
                0x08003060       0x24 ./Core/Src/system_stm32f4xx.o
                0x08003060                SystemInit
 .text.Reset_Handler
                0x08003084       0x50 ./Core/Startup/startup_stm32f411ceux.o
                0x08003084                Reset_Handler
 .text.Default_Handler
                0x080030d4        0x2 ./Core/Startup/startup_stm32f411ceux.o
                0x080030d4                RTC_Alarm_IRQHandler
                0x080030d4                EXTI2_IRQHandler
                0x080030d4                SPI4_IRQHandler
                0x080030d4                TIM1_CC_IRQHandler
                0x080030d4                DMA2_Stream5_IRQHandler
                0x080030d4                DMA1_Stream5_IRQHandler
                0x080030d4                PVD_IRQHandler
                0x080030d4                SDIO_IRQHandler
                0x080030d4                TAMP_STAMP_IRQHandler
                0x080030d4                EXTI3_IRQHandler
                0x080030d4                I2C3_ER_IRQHandler
                0x080030d4                EXTI0_IRQHandler
                0x080030d4                I2C2_EV_IRQHandler
                0x080030d4                DMA1_Stream2_IRQHandler
                0x080030d4                FPU_IRQHandler
                0x080030d4                DMA2_Stream2_IRQHandler
                0x080030d4                SPI1_IRQHandler
                0x080030d4                TIM1_BRK_TIM9_IRQHandler
                0x080030d4                DMA2_Stream3_IRQHandler
                0x080030d4                USART6_IRQHandler
                0x080030d4                TIM4_IRQHandler
                0x080030d4                I2C1_EV_IRQHandler
                0x080030d4                DMA1_Stream6_IRQHandler
                0x080030d4                DMA1_Stream1_IRQHandler
                0x080030d4                TIM3_IRQHandler
                0x080030d4                RCC_IRQHandler
                0x080030d4                Default_Handler
                0x080030d4                EXTI15_10_IRQHandler
                0x080030d4                ADC_IRQHandler
                0x080030d4                DMA1_Stream7_IRQHandler
                0x080030d4                SPI5_IRQHandler
                0x080030d4                TIM5_IRQHandler
                0x080030d4                DMA2_Stream7_IRQHandler
                0x080030d4                I2C3_EV_IRQHandler
                0x080030d4                EXTI9_5_IRQHandler
                0x080030d4                RTC_WKUP_IRQHandler
                0x080030d4                SPI2_IRQHandler
                0x080030d4                DMA1_Stream0_IRQHandler
                0x080030d4                EXTI4_IRQHandler
                0x080030d4                WWDG_IRQHandler
                0x080030d4                TIM2_IRQHandler
                0x080030d4                OTG_FS_WKUP_IRQHandler
                0x080030d4                EXTI1_IRQHandler
                0x080030d4                USART2_IRQHandler
                0x080030d4                I2C2_ER_IRQHandler
                0x080030d4                DMA2_Stream1_IRQHandler
                0x080030d4                FLASH_IRQHandler
                0x080030d4                DMA2_Stream4_IRQHandler
                0x080030d4                USART1_IRQHandler
                0x080030d4                SPI3_IRQHandler
                0x080030d4                DMA1_Stream4_IRQHandler
                0x080030d4                I2C1_ER_IRQHandler
                0x080030d4                DMA2_Stream6_IRQHandler
                0x080030d4                DMA1_Stream3_IRQHandler
 *fill*         0x080030d6        0x2 
 .text.HAL_Init
                0x080030d8       0x44 ./Drivers/STM32F4xx_HAL_Driver/Src/stm32f4xx_hal.o
                0x080030d8                HAL_Init
 .text.HAL_InitTick
                0x0800311c       0x60 ./Drivers/STM32F4xx_HAL_Driver/Src/stm32f4xx_hal.o
                0x0800311c                HAL_InitTick
 .text.HAL_IncTick
                0x0800317c       0x28 ./Drivers/STM32F4xx_HAL_Driver/Src/stm32f4xx_hal.o
                0x0800317c                HAL_IncTick
 .text.HAL_GetTick
                0x080031a4       0x18 ./Drivers/STM32F4xx_HAL_Driver/Src/stm32f4xx_hal.o
                0x080031a4                HAL_GetTick
 .text.HAL_Delay
                0x080031bc       0x48 ./Drivers/STM32F4xx_HAL_Driver/Src/stm32f4xx_hal.o
                0x080031bc                HAL_Delay
 .text.HAL_ADC_Init
                0x08003204       0x86 ./Drivers/STM32F4xx_HAL_Driver/Src/stm32f4xx_hal_adc.o
                0x08003204                HAL_ADC_Init
 *fill*         0x0800328a        0x2 
 .text.HAL_ADC_Start
                0x0800328c      0x168 ./Drivers/STM32F4xx_HAL_Driver/Src/stm32f4xx_hal_adc.o
                0x0800328c                HAL_ADC_Start
 .text.HAL_ADC_Stop
                0x080033f4       0x66 ./Drivers/STM32F4xx_HAL_Driver/Src/stm32f4xx_hal_adc.o
                0x080033f4                HAL_ADC_Stop
 .text.HAL_ADC_PollForConversion
                0x0800345a      0x116 ./Drivers/STM32F4xx_HAL_Driver/Src/stm32f4xx_hal_adc.o
                0x0800345a                HAL_ADC_PollForConversion
 .text.HAL_ADC_Start_DMA
                0x08003570      0x1e0 ./Drivers/STM32F4xx_HAL_Driver/Src/stm32f4xx_hal_adc.o
                0x08003570                HAL_ADC_Start_DMA
 .text.HAL_ADC_GetValue
                0x08003750       0x1a ./Drivers/STM32F4xx_HAL_Driver/Src/stm32f4xx_hal_adc.o
                0x08003750                HAL_ADC_GetValue
 .text.HAL_ADC_ConvHalfCpltCallback
                0x0800376a       0x14 ./Drivers/STM32F4xx_HAL_Driver/Src/stm32f4xx_hal_adc.o
                0x0800376a                HAL_ADC_ConvHalfCpltCallback
 .text.HAL_ADC_ErrorCallback
                0x0800377e       0x14 ./Drivers/STM32F4xx_HAL_Driver/Src/stm32f4xx_hal_adc.o
                0x0800377e                HAL_ADC_ErrorCallback
 *fill*         0x08003792        0x2 
 .text.HAL_ADC_ConfigChannel
                0x08003794      0x264 ./Drivers/STM32F4xx_HAL_Driver/Src/stm32f4xx_hal_adc.o
                0x08003794                HAL_ADC_ConfigChannel
 .text.ADC_Init
                0x080039f8      0x1f8 ./Drivers/STM32F4xx_HAL_Driver/Src/stm32f4xx_hal_adc.o
 .text.ADC_DMAConvCplt
                0x08003bf0       0xba ./Drivers/STM32F4xx_HAL_Driver/Src/stm32f4xx_hal_adc.o
 .text.ADC_DMAHalfConvCplt
                0x08003caa       0x1c ./Drivers/STM32F4xx_HAL_Driver/Src/stm32f4xx_hal_adc.o
 .text.ADC_DMAError
                0x08003cc6       0x2e ./Drivers/STM32F4xx_HAL_Driver/Src/stm32f4xx_hal_adc.o
 .text.__NVIC_SetPriorityGrouping
                0x08003cf4       0x48 ./Drivers/STM32F4xx_HAL_Driver/Src/stm32f4xx_hal_cortex.o
 .text.__NVIC_GetPriorityGrouping
                0x08003d3c       0x1c ./Drivers/STM32F4xx_HAL_Driver/Src/stm32f4xx_hal_cortex.o
 .text.__NVIC_EnableIRQ
                0x08003d58       0x3c ./Drivers/STM32F4xx_HAL_Driver/Src/stm32f4xx_hal_cortex.o
 .text.__NVIC_SetPriority
                0x08003d94       0x54 ./Drivers/STM32F4xx_HAL_Driver/Src/stm32f4xx_hal_cortex.o
 .text.NVIC_EncodePriority
                0x08003de8       0x66 ./Drivers/STM32F4xx_HAL_Driver/Src/stm32f4xx_hal_cortex.o
 *fill*         0x08003e4e        0x2 
 .text.SysTick_Config
                0x08003e50       0x44 ./Drivers/STM32F4xx_HAL_Driver/Src/stm32f4xx_hal_cortex.o
 .text.HAL_NVIC_SetPriorityGrouping
                0x08003e94       0x16 ./Drivers/STM32F4xx_HAL_Driver/Src/stm32f4xx_hal_cortex.o
                0x08003e94                HAL_NVIC_SetPriorityGrouping
 .text.HAL_NVIC_SetPriority
                0x08003eaa       0x38 ./Drivers/STM32F4xx_HAL_Driver/Src/stm32f4xx_hal_cortex.o
                0x08003eaa                HAL_NVIC_SetPriority
 .text.HAL_NVIC_EnableIRQ
                0x08003ee2       0x1c ./Drivers/STM32F4xx_HAL_Driver/Src/stm32f4xx_hal_cortex.o
                0x08003ee2                HAL_NVIC_EnableIRQ
 .text.HAL_SYSTICK_Config
                0x08003efe       0x18 ./Drivers/STM32F4xx_HAL_Driver/Src/stm32f4xx_hal_cortex.o
                0x08003efe                HAL_SYSTICK_Config
 *fill*         0x08003f16        0x2 
 .text.HAL_DMA_Init
                0x08003f18      0x15c ./Drivers/STM32F4xx_HAL_Driver/Src/stm32f4xx_hal_dma.o
                0x08003f18                HAL_DMA_Init
 .text.HAL_DMA_Start_IT
                0x08004074       0xb0 ./Drivers/STM32F4xx_HAL_Driver/Src/stm32f4xx_hal_dma.o
                0x08004074                HAL_DMA_Start_IT
 .text.HAL_DMA_IRQHandler
                0x08004124      0x314 ./Drivers/STM32F4xx_HAL_Driver/Src/stm32f4xx_hal_dma.o
                0x08004124                HAL_DMA_IRQHandler
 .text.DMA_SetConfig
                0x08004438       0x5c ./Drivers/STM32F4xx_HAL_Driver/Src/stm32f4xx_hal_dma.o
 .text.DMA_CalcBaseAndBitshift
                0x08004494       0x6c ./Drivers/STM32F4xx_HAL_Driver/Src/stm32f4xx_hal_dma.o
 .text.DMA_CheckFifoParam
                0x08004500       0xf8 ./Drivers/STM32F4xx_HAL_Driver/Src/stm32f4xx_hal_dma.o
 .text.HAL_GPIO_Init
                0x080045f8      0x308 ./Drivers/STM32F4xx_HAL_Driver/Src/stm32f4xx_hal_gpio.o
                0x080045f8                HAL_GPIO_Init
 .text.HAL_GPIO_ReadPin
                0x08004900       0x30 ./Drivers/STM32F4xx_HAL_Driver/Src/stm32f4xx_hal_gpio.o
                0x08004900                HAL_GPIO_ReadPin
 .text.HAL_GPIO_WritePin
                0x08004930       0x32 ./Drivers/STM32F4xx_HAL_Driver/Src/stm32f4xx_hal_gpio.o
                0x08004930                HAL_GPIO_WritePin
 .text.HAL_GPIO_TogglePin
                0x08004962       0x34 ./Drivers/STM32F4xx_HAL_Driver/Src/stm32f4xx_hal_gpio.o
                0x08004962                HAL_GPIO_TogglePin
 *fill*         0x08004996        0x2 
 .text.HAL_I2C_Init
                0x08004998      0x288 ./Drivers/STM32F4xx_HAL_Driver/Src/stm32f4xx_hal_i2c.o
                0x08004998                HAL_I2C_Init
 .text.HAL_PCD_Init
                0x08004c20      0x21e ./Drivers/STM32F4xx_HAL_Driver/Src/stm32f4xx_hal_pcd.o
                0x08004c20                HAL_PCD_Init
 .text.HAL_PCD_Start
                0x08004e3e       0x6a ./Drivers/STM32F4xx_HAL_Driver/Src/stm32f4xx_hal_pcd.o
                0x08004e3e                HAL_PCD_Start
 .text.HAL_PCD_IRQHandler
                0x08004ea8      0x942 ./Drivers/STM32F4xx_HAL_Driver/Src/stm32f4xx_hal_pcd.o
                0x08004ea8                HAL_PCD_IRQHandler
 .text.HAL_PCD_SetAddress
                0x080057ea       0x48 ./Drivers/STM32F4xx_HAL_Driver/Src/stm32f4xx_hal_pcd.o
                0x080057ea                HAL_PCD_SetAddress
 .text.HAL_PCD_EP_Open
                0x08005832       0xd4 ./Drivers/STM32F4xx_HAL_Driver/Src/stm32f4xx_hal_pcd.o
                0x08005832                HAL_PCD_EP_Open
 .text.HAL_PCD_EP_Close
                0x08005906       0x94 ./Drivers/STM32F4xx_HAL_Driver/Src/stm32f4xx_hal_pcd.o
                0x08005906                HAL_PCD_EP_Close
 .text.HAL_PCD_EP_Receive
                0x0800599a       0x76 ./Drivers/STM32F4xx_HAL_Driver/Src/stm32f4xx_hal_pcd.o
                0x0800599a                HAL_PCD_EP_Receive
 .text.HAL_PCD_EP_GetRxCount
                0x08005a10       0x30 ./Drivers/STM32F4xx_HAL_Driver/Src/stm32f4xx_hal_pcd.o
                0x08005a10                HAL_PCD_EP_GetRxCount
 .text.HAL_PCD_EP_Transmit
                0x08005a40       0x74 ./Drivers/STM32F4xx_HAL_Driver/Src/stm32f4xx_hal_pcd.o
                0x08005a40                HAL_PCD_EP_Transmit
 .text.HAL_PCD_EP_SetStall
                0x08005ab4       0xc6 ./Drivers/STM32F4xx_HAL_Driver/Src/stm32f4xx_hal_pcd.o
                0x08005ab4                HAL_PCD_EP_SetStall
 .text.HAL_PCD_EP_ClrStall
                0x08005b7a       0xac ./Drivers/STM32F4xx_HAL_Driver/Src/stm32f4xx_hal_pcd.o
                0x08005b7a                HAL_PCD_EP_ClrStall
 .text.HAL_PCD_EP_Abort
                0x08005c26       0x62 ./Drivers/STM32F4xx_HAL_Driver/Src/stm32f4xx_hal_pcd.o
                0x08005c26                HAL_PCD_EP_Abort
 .text.PCD_WriteEmptyTxFifo
                0x08005c88      0x118 ./Drivers/STM32F4xx_HAL_Driver/Src/stm32f4xx_hal_pcd.o
 .text.PCD_EP_OutXfrComplete_int
                0x08005da0      0x1d0 ./Drivers/STM32F4xx_HAL_Driver/Src/stm32f4xx_hal_pcd.o
 .text.PCD_EP_OutSetupPacket_int
                0x08005f70       0x8c ./Drivers/STM32F4xx_HAL_Driver/Src/stm32f4xx_hal_pcd.o
 .text.HAL_PCDEx_SetTxFiFo
                0x08005ffc       0x8e ./Drivers/STM32F4xx_HAL_Driver/Src/stm32f4xx_hal_pcd_ex.o
                0x08005ffc                HAL_PCDEx_SetTxFiFo
 .text.HAL_PCDEx_SetRxFiFo
                0x0800608a       0x22 ./Drivers/STM32F4xx_HAL_Driver/Src/stm32f4xx_hal_pcd_ex.o
                0x0800608a                HAL_PCDEx_SetRxFiFo
 .text.HAL_PCDEx_LPM_Callback
                0x080060ac       0x18 ./Drivers/STM32F4xx_HAL_Driver/Src/stm32f4xx_hal_pcd_ex.o
                0x080060ac                HAL_PCDEx_LPM_Callback
 .text.HAL_RCC_OscConfig
                0x080060c4      0x4f0 ./Drivers/STM32F4xx_HAL_Driver/Src/stm32f4xx_hal_rcc.o
                0x080060c4                HAL_RCC_OscConfig
 .text.HAL_RCC_ClockConfig
                0x080065b4      0x1cc ./Drivers/STM32F4xx_HAL_Driver/Src/stm32f4xx_hal_rcc.o
                0x080065b4                HAL_RCC_ClockConfig
 .text.HAL_RCC_GetSysClockFreq
                0x08006780      0x18c ./Drivers/STM32F4xx_HAL_Driver/Src/stm32f4xx_hal_rcc.o
                0x08006780                HAL_RCC_GetSysClockFreq
 .text.HAL_RCC_GetHCLKFreq
                0x0800690c       0x18 ./Drivers/STM32F4xx_HAL_Driver/Src/stm32f4xx_hal_rcc.o
                0x0800690c                HAL_RCC_GetHCLKFreq
 .text.HAL_RCC_GetPCLK1Freq
                0x08006924       0x28 ./Drivers/STM32F4xx_HAL_Driver/Src/stm32f4xx_hal_rcc.o
                0x08006924                HAL_RCC_GetPCLK1Freq
 .text.HAL_TIM_Base_Init
                0x0800694c       0x9e ./Drivers/STM32F4xx_HAL_Driver/Src/stm32f4xx_hal_tim.o
                0x0800694c                HAL_TIM_Base_Init
 *fill*         0x080069ea        0x2 
 .text.HAL_TIM_Base_Start
                0x080069ec       0xb4 ./Drivers/STM32F4xx_HAL_Driver/Src/stm32f4xx_hal_tim.o
                0x080069ec                HAL_TIM_Base_Start
 .text.HAL_TIM_Base_Start_IT
                0x08006aa0       0xc4 ./Drivers/STM32F4xx_HAL_Driver/Src/stm32f4xx_hal_tim.o
                0x08006aa0                HAL_TIM_Base_Start_IT
 .text.HAL_TIM_PWM_Init
                0x08006b64       0x9e ./Drivers/STM32F4xx_HAL_Driver/Src/stm32f4xx_hal_tim.o
                0x08006b64                HAL_TIM_PWM_Init
 .text.HAL_TIM_PWM_MspInit
                0x08006c02       0x14 ./Drivers/STM32F4xx_HAL_Driver/Src/stm32f4xx_hal_tim.o
                0x08006c02                HAL_TIM_PWM_MspInit
 *fill*         0x08006c16        0x2 
 .text.HAL_TIM_PWM_Start
                0x08006c18      0x160 ./Drivers/STM32F4xx_HAL_Driver/Src/stm32f4xx_hal_tim.o
                0x08006c18                HAL_TIM_PWM_Start
 .text.HAL_TIM_Encoder_Init
                0x08006d78      0x14c ./Drivers/STM32F4xx_HAL_Driver/Src/stm32f4xx_hal_tim.o
                0x08006d78                HAL_TIM_Encoder_Init
 .text.HAL_TIM_Encoder_Start
                0x08006ec4      0x11c ./Drivers/STM32F4xx_HAL_Driver/Src/stm32f4xx_hal_tim.o
                0x08006ec4                HAL_TIM_Encoder_Start
 .text.HAL_TIM_IRQHandler
                0x08006fe0      0x1e0 ./Drivers/STM32F4xx_HAL_Driver/Src/stm32f4xx_hal_tim.o
                0x08006fe0                HAL_TIM_IRQHandler
 .text.HAL_TIM_PWM_ConfigChannel
                0x080071c0      0x184 ./Drivers/STM32F4xx_HAL_Driver/Src/stm32f4xx_hal_tim.o
                0x080071c0                HAL_TIM_PWM_ConfigChannel
 .text.HAL_TIM_ConfigClockSource
                0x08007344      0x18e ./Drivers/STM32F4xx_HAL_Driver/Src/stm32f4xx_hal_tim.o
                0x08007344                HAL_TIM_ConfigClockSource
 .text.HAL_TIM_OC_DelayElapsedCallback
                0x080074d2       0x14 ./Drivers/STM32F4xx_HAL_Driver/Src/stm32f4xx_hal_tim.o
                0x080074d2                HAL_TIM_OC_DelayElapsedCallback
 .text.HAL_TIM_IC_CaptureCallback
                0x080074e6       0x14 ./Drivers/STM32F4xx_HAL_Driver/Src/stm32f4xx_hal_tim.o
                0x080074e6                HAL_TIM_IC_CaptureCallback
 .text.HAL_TIM_PWM_PulseFinishedCallback
                0x080074fa       0x14 ./Drivers/STM32F4xx_HAL_Driver/Src/stm32f4xx_hal_tim.o
                0x080074fa                HAL_TIM_PWM_PulseFinishedCallback
 .text.HAL_TIM_TriggerCallback
                0x0800750e       0x14 ./Drivers/STM32F4xx_HAL_Driver/Src/stm32f4xx_hal_tim.o
                0x0800750e                HAL_TIM_TriggerCallback
 *fill*         0x08007522        0x2 
 .text.TIM_Base_SetConfig
                0x08007524      0x118 ./Drivers/STM32F4xx_HAL_Driver/Src/stm32f4xx_hal_tim.o
                0x08007524                TIM_Base_SetConfig
 .text.TIM_OC1_SetConfig
                0x0800763c       0xcc ./Drivers/STM32F4xx_HAL_Driver/Src/stm32f4xx_hal_tim.o
 .text.TIM_OC2_SetConfig
                0x08007708       0xd8 ./Drivers/STM32F4xx_HAL_Driver/Src/stm32f4xx_hal_tim.o
                0x08007708                TIM_OC2_SetConfig
 .text.TIM_OC3_SetConfig
                0x080077e0       0xd4 ./Drivers/STM32F4xx_HAL_Driver/Src/stm32f4xx_hal_tim.o
 .text.TIM_OC4_SetConfig
                0x080078b4       0xa0 ./Drivers/STM32F4xx_HAL_Driver/Src/stm32f4xx_hal_tim.o
 .text.TIM_TI1_ConfigInputStage
                0x08007954       0x5e ./Drivers/STM32F4xx_HAL_Driver/Src/stm32f4xx_hal_tim.o
 .text.TIM_TI2_ConfigInputStage
                0x080079b2       0x60 ./Drivers/STM32F4xx_HAL_Driver/Src/stm32f4xx_hal_tim.o
 .text.TIM_ITRx_SetConfig
                0x08007a12       0x36 ./Drivers/STM32F4xx_HAL_Driver/Src/stm32f4xx_hal_tim.o
 .text.TIM_ETR_SetConfig
                0x08007a48       0x40 ./Drivers/STM32F4xx_HAL_Driver/Src/stm32f4xx_hal_tim.o
                0x08007a48                TIM_ETR_SetConfig
 .text.TIM_CCxChannelCmd
                0x08007a88       0x4a ./Drivers/STM32F4xx_HAL_Driver/Src/stm32f4xx_hal_tim.o
                0x08007a88                TIM_CCxChannelCmd
 *fill*         0x08007ad2        0x2 
 .text.HAL_TIMEx_MasterConfigSynchronization
                0x08007ad4       0xdc ./Drivers/STM32F4xx_HAL_Driver/Src/stm32f4xx_hal_tim_ex.o
                0x08007ad4                HAL_TIMEx_MasterConfigSynchronization
 .text.HAL_TIMEx_CommutCallback
                0x08007bb0       0x14 ./Drivers/STM32F4xx_HAL_Driver/Src/stm32f4xx_hal_tim_ex.o
                0x08007bb0                HAL_TIMEx_CommutCallback
 .text.HAL_TIMEx_BreakCallback
                0x08007bc4       0x14 ./Drivers/STM32F4xx_HAL_Driver/Src/stm32f4xx_hal_tim_ex.o
                0x08007bc4                HAL_TIMEx_BreakCallback
 .text.USB_CoreInit
                0x08007bd8       0xc8 ./Drivers/STM32F4xx_HAL_Driver/Src/stm32f4xx_ll_usb.o
                0x08007bd8                USB_CoreInit
 .text.USB_SetTurnaroundTime
                0x08007ca0      0x144 ./Drivers/STM32F4xx_HAL_Driver/Src/stm32f4xx_ll_usb.o
                0x08007ca0                USB_SetTurnaroundTime
 .text.USB_EnableGlobalInt
                0x08007de4       0x22 ./Drivers/STM32F4xx_HAL_Driver/Src/stm32f4xx_ll_usb.o
                0x08007de4                USB_EnableGlobalInt
 .text.USB_DisableGlobalInt
                0x08007e06       0x22 ./Drivers/STM32F4xx_HAL_Driver/Src/stm32f4xx_ll_usb.o
                0x08007e06                USB_DisableGlobalInt
 .text.USB_SetCurrentMode
                0x08007e28       0x98 ./Drivers/STM32F4xx_HAL_Driver/Src/stm32f4xx_ll_usb.o
                0x08007e28                USB_SetCurrentMode
 .text.USB_DevInit
                0x08007ec0      0x2c8 ./Drivers/STM32F4xx_HAL_Driver/Src/stm32f4xx_ll_usb.o
                0x08007ec0                USB_DevInit
 .text.USB_FlushTxFifo
                0x08008188       0x64 ./Drivers/STM32F4xx_HAL_Driver/Src/stm32f4xx_ll_usb.o
                0x08008188                USB_FlushTxFifo
 .text.USB_FlushRxFifo
                0x080081ec       0x5c ./Drivers/STM32F4xx_HAL_Driver/Src/stm32f4xx_ll_usb.o
                0x080081ec                USB_FlushRxFifo
 .text.USB_SetDevSpeed
                0x08008248       0x32 ./Drivers/STM32F4xx_HAL_Driver/Src/stm32f4xx_ll_usb.o
                0x08008248                USB_SetDevSpeed
 .text.USB_GetDevSpeed
                0x0800827a       0x4a ./Drivers/STM32F4xx_HAL_Driver/Src/stm32f4xx_ll_usb.o
                0x0800827a                USB_GetDevSpeed
 .text.USB_ActivateEndpoint
                0x080082c4      0x10e ./Drivers/STM32F4xx_HAL_Driver/Src/stm32f4xx_ll_usb.o
                0x080082c4                USB_ActivateEndpoint
 *fill*         0x080083d2        0x2 
 .text.USB_DeactivateEndpoint
                0x080083d4      0x1b8 ./Drivers/STM32F4xx_HAL_Driver/Src/stm32f4xx_ll_usb.o
                0x080083d4                USB_DeactivateEndpoint
 .text.USB_EPStartXfer
                0x0800858c      0x53c ./Drivers/STM32F4xx_HAL_Driver/Src/stm32f4xx_ll_usb.o
                0x0800858c                USB_EPStartXfer
 .text.USB_EPStopXfer
                0x08008ac8      0x154 ./Drivers/STM32F4xx_HAL_Driver/Src/stm32f4xx_ll_usb.o
                0x08008ac8                USB_EPStopXfer
 .text.USB_WritePacket
                0x08008c1c       0x7c ./Drivers/STM32F4xx_HAL_Driver/Src/stm32f4xx_ll_usb.o
                0x08008c1c                USB_WritePacket
 .text.USB_ReadPacket
                0x08008c98       0xb0 ./Drivers/STM32F4xx_HAL_Driver/Src/stm32f4xx_ll_usb.o
                0x08008c98                USB_ReadPacket
 .text.USB_EPSetStall
                0x08008d48       0xdc ./Drivers/STM32F4xx_HAL_Driver/Src/stm32f4xx_ll_usb.o
                0x08008d48                USB_EPSetStall
 .text.USB_EPClearStall
                0x08008e24       0xcc ./Drivers/STM32F4xx_HAL_Driver/Src/stm32f4xx_ll_usb.o
                0x08008e24                USB_EPClearStall
 .text.USB_SetDevAddress
                0x08008ef0       0x4c ./Drivers/STM32F4xx_HAL_Driver/Src/stm32f4xx_ll_usb.o
                0x08008ef0                USB_SetDevAddress
 .text.USB_DevConnect
                0x08008f3c       0x42 ./Drivers/STM32F4xx_HAL_Driver/Src/stm32f4xx_ll_usb.o
                0x08008f3c                USB_DevConnect
 .text.USB_DevDisconnect
                0x08008f7e       0x42 ./Drivers/STM32F4xx_HAL_Driver/Src/stm32f4xx_ll_usb.o
                0x08008f7e                USB_DevDisconnect
 .text.USB_ReadInterrupts
                0x08008fc0       0x26 ./Drivers/STM32F4xx_HAL_Driver/Src/stm32f4xx_ll_usb.o
                0x08008fc0                USB_ReadInterrupts
 .text.USB_ReadDevAllOutEpInterrupt
                0x08008fe6       0x34 ./Drivers/STM32F4xx_HAL_Driver/Src/stm32f4xx_ll_usb.o
                0x08008fe6                USB_ReadDevAllOutEpInterrupt
 .text.USB_ReadDevAllInEpInterrupt
                0x0800901a       0x34 ./Drivers/STM32F4xx_HAL_Driver/Src/stm32f4xx_ll_usb.o
                0x0800901a                USB_ReadDevAllInEpInterrupt
 .text.USB_ReadDevOutEPInterrupt
                0x0800904e       0x3c ./Drivers/STM32F4xx_HAL_Driver/Src/stm32f4xx_ll_usb.o
                0x0800904e                USB_ReadDevOutEPInterrupt
 .text.USB_ReadDevInEPInterrupt
                0x0800908a       0x5c ./Drivers/STM32F4xx_HAL_Driver/Src/stm32f4xx_ll_usb.o
                0x0800908a                USB_ReadDevInEPInterrupt
 .text.USB_GetMode
                0x080090e6       0x1c ./Drivers/STM32F4xx_HAL_Driver/Src/stm32f4xx_ll_usb.o
                0x080090e6                USB_GetMode
 .text.USB_ActivateSetup
                0x08009102       0x46 ./Drivers/STM32F4xx_HAL_Driver/Src/stm32f4xx_ll_usb.o
                0x08009102                USB_ActivateSetup
 .text.USB_EP0_OutStart
                0x08009148       0xbc ./Drivers/STM32F4xx_HAL_Driver/Src/stm32f4xx_ll_usb.o
                0x08009148                USB_EP0_OutStart
 .text.USB_CoreReset
                0x08009204       0x62 ./Drivers/STM32F4xx_HAL_Driver/Src/stm32f4xx_ll_usb.o
 *fill*         0x08009266        0x2 
 .text.USBD_CDC_Init
                0x08009268      0x1f0 ./Middlewares/ST/STM32_USB_Device_Library/Class/CDC/Src/usbd_cdc.o
 .text.USBD_CDC_DeInit
                0x08009458      0x104 ./Middlewares/ST/STM32_USB_Device_Library/Class/CDC/Src/usbd_cdc.o
 .text.USBD_CDC_Setup
                0x0800955c      0x1b8 ./Middlewares/ST/STM32_USB_Device_Library/Class/CDC/Src/usbd_cdc.o
 .text.USBD_CDC_DataIn
                0x08009714       0xfe ./Middlewares/ST/STM32_USB_Device_Library/Class/CDC/Src/usbd_cdc.o
 .text.USBD_CDC_DataOut
                0x08009812       0x70 ./Middlewares/ST/STM32_USB_Device_Library/Class/CDC/Src/usbd_cdc.o
 .text.USBD_CDC_EP0_RxReady
                0x08009882       0x74 ./Middlewares/ST/STM32_USB_Device_Library/Class/CDC/Src/usbd_cdc.o
 *fill*         0x080098f6        0x2 
 .text.USBD_CDC_GetFSCfgDesc
                0x080098f8       0x70 ./Middlewares/ST/STM32_USB_Device_Library/Class/CDC/Src/usbd_cdc.o
 .text.USBD_CDC_GetHSCfgDesc
                0x08009968       0x70 ./Middlewares/ST/STM32_USB_Device_Library/Class/CDC/Src/usbd_cdc.o
 .text.USBD_CDC_GetOtherSpeedCfgDesc
                0x080099d8       0x70 ./Middlewares/ST/STM32_USB_Device_Library/Class/CDC/Src/usbd_cdc.o
 .text.USBD_CDC_GetDeviceQualifierDescriptor
                0x08009a48       0x20 ./Middlewares/ST/STM32_USB_Device_Library/Class/CDC/Src/usbd_cdc.o
                0x08009a48                USBD_CDC_GetDeviceQualifierDescriptor
 .text.USBD_CDC_RegisterInterface
                0x08009a68       0x34 ./Middlewares/ST/STM32_USB_Device_Library/Class/CDC/Src/usbd_cdc.o
                0x08009a68                USBD_CDC_RegisterInterface
 .text.USBD_CDC_SetTxBuffer
                0x08009a9c       0x44 ./Middlewares/ST/STM32_USB_Device_Library/Class/CDC/Src/usbd_cdc.o
                0x08009a9c                USBD_CDC_SetTxBuffer
 .text.USBD_CDC_SetRxBuffer
                0x08009ae0       0x3a ./Middlewares/ST/STM32_USB_Device_Library/Class/CDC/Src/usbd_cdc.o
                0x08009ae0                USBD_CDC_SetRxBuffer
 *fill*         0x08009b1a        0x2 
 .text.USBD_CDC_TransmitPacket
                0x08009b1c       0x80 ./Middlewares/ST/STM32_USB_Device_Library/Class/CDC/Src/usbd_cdc.o
                0x08009b1c                USBD_CDC_TransmitPacket
 .text.USBD_CDC_ReceivePacket
                0x08009b9c       0x6c ./Middlewares/ST/STM32_USB_Device_Library/Class/CDC/Src/usbd_cdc.o
                0x08009b9c                USBD_CDC_ReceivePacket
 .text.USBD_Init
                0x08009c08       0x60 ./Middlewares/ST/STM32_USB_Device_Library/Core/Src/usbd_core.o
                0x08009c08                USBD_Init
 .text.USBD_RegisterClass
                0x08009c68       0x6c ./Middlewares/ST/STM32_USB_Device_Library/Core/Src/usbd_core.o
                0x08009c68                USBD_RegisterClass
 .text.USBD_Start
                0x08009cd4       0x18 ./Middlewares/ST/STM32_USB_Device_Library/Core/Src/usbd_core.o
                0x08009cd4                USBD_Start
 .text.USBD_RunTestMode
                0x08009cec       0x16 ./Middlewares/ST/STM32_USB_Device_Library/Core/Src/usbd_core.o
                0x08009cec                USBD_RunTestMode
 .text.USBD_SetClassConfig
                0x08009d02       0x38 ./Middlewares/ST/STM32_USB_Device_Library/Core/Src/usbd_core.o
                0x08009d02                USBD_SetClassConfig
 .text.USBD_ClrClassConfig
                0x08009d3a       0x34 ./Middlewares/ST/STM32_USB_Device_Library/Core/Src/usbd_core.o
                0x08009d3a                USBD_ClrClassConfig
 .text.USBD_LL_SetupStage
                0x08009d6e       0xaa ./Middlewares/ST/STM32_USB_Device_Library/Core/Src/usbd_core.o
                0x08009d6e                USBD_LL_SetupStage
 .text.USBD_LL_DataOutStage
                0x08009e18      0x166 ./Middlewares/ST/STM32_USB_Device_Library/Core/Src/usbd_core.o
                0x08009e18                USBD_LL_DataOutStage
 .text.USBD_LL_DataInStage
                0x08009f7e      0x164 ./Middlewares/ST/STM32_USB_Device_Library/Core/Src/usbd_core.o
                0x08009f7e                USBD_LL_DataInStage
 .text.USBD_LL_Reset
                0x0800a0e2       0xa4 ./Middlewares/ST/STM32_USB_Device_Library/Core/Src/usbd_core.o
                0x0800a0e2                USBD_LL_Reset
 .text.USBD_LL_SetSpeed
                0x0800a186       0x20 ./Middlewares/ST/STM32_USB_Device_Library/Core/Src/usbd_core.o
                0x0800a186                USBD_LL_SetSpeed
 .text.USBD_LL_Suspend
                0x0800a1a6       0x38 ./Middlewares/ST/STM32_USB_Device_Library/Core/Src/usbd_core.o
                0x0800a1a6                USBD_LL_Suspend
 .text.USBD_LL_Resume
                0x0800a1de       0x30 ./Middlewares/ST/STM32_USB_Device_Library/Core/Src/usbd_core.o
                0x0800a1de                USBD_LL_Resume
 .text.USBD_LL_SOF
                0x0800a20e       0x40 ./Middlewares/ST/STM32_USB_Device_Library/Core/Src/usbd_core.o
                0x0800a20e                USBD_LL_SOF
 .text.USBD_LL_IsoINIncomplete
                0x0800a24e       0x64 ./Middlewares/ST/STM32_USB_Device_Library/Core/Src/usbd_core.o
                0x0800a24e                USBD_LL_IsoINIncomplete
 .text.USBD_LL_IsoOUTIncomplete
                0x0800a2b2       0x64 ./Middlewares/ST/STM32_USB_Device_Library/Core/Src/usbd_core.o
                0x0800a2b2                USBD_LL_IsoOUTIncomplete
 .text.USBD_LL_DevConnected
                0x0800a316       0x16 ./Middlewares/ST/STM32_USB_Device_Library/Core/Src/usbd_core.o
                0x0800a316                USBD_LL_DevConnected
 .text.USBD_LL_DevDisconnected
                0x0800a32c       0x46 ./Middlewares/ST/STM32_USB_Device_Library/Core/Src/usbd_core.o
                0x0800a32c                USBD_LL_DevDisconnected
 .text.USBD_CoreFindIF
                0x0800a372       0x1a ./Middlewares/ST/STM32_USB_Device_Library/Core/Src/usbd_core.o
                0x0800a372                USBD_CoreFindIF
 .text.USBD_CoreFindEP
                0x0800a38c       0x1a ./Middlewares/ST/STM32_USB_Device_Library/Core/Src/usbd_core.o
                0x0800a38c                USBD_CoreFindEP
 .text.USBD_GetEpDesc
                0x0800a3a6       0x70 ./Middlewares/ST/STM32_USB_Device_Library/Core/Src/usbd_core.o
                0x0800a3a6                USBD_GetEpDesc
 .text.USBD_GetNextDesc
                0x0800a416       0x38 ./Middlewares/ST/STM32_USB_Device_Library/Core/Src/usbd_core.o
                0x0800a416                USBD_GetNextDesc
 .text.SWAPBYTE
                0x0800a44e       0x3c ./Middlewares/ST/STM32_USB_Device_Library/Core/Src/usbd_ctlreq.o
 *fill*         0x0800a48a        0x2 
 .text.USBD_StdDevReq
                0x0800a48c       0xe4 ./Middlewares/ST/STM32_USB_Device_Library/Core/Src/usbd_ctlreq.o
                0x0800a48c                USBD_StdDevReq
 .text.USBD_StdItfReq
                0x0800a570       0xd8 ./Middlewares/ST/STM32_USB_Device_Library/Core/Src/usbd_ctlreq.o
                0x0800a570                USBD_StdItfReq
 .text.USBD_StdEPReq
                0x0800a648      0x33a ./Middlewares/ST/STM32_USB_Device_Library/Core/Src/usbd_ctlreq.o
                0x0800a648                USBD_StdEPReq
 *fill*         0x0800a982        0x2 
 .text.USBD_GetDescriptor
                0x0800a984      0x2d4 ./Middlewares/ST/STM32_USB_Device_Library/Core/Src/usbd_ctlreq.o
 .text.USBD_SetAddress
                0x0800ac58       0x88 ./Middlewares/ST/STM32_USB_Device_Library/Core/Src/usbd_ctlreq.o
 .text.USBD_SetConfig
                0x0800ace0      0x154 ./Middlewares/ST/STM32_USB_Device_Library/Core/Src/usbd_ctlreq.o
 .text.USBD_GetConfig
                0x0800ae34       0x6c ./Middlewares/ST/STM32_USB_Device_Library/Core/Src/usbd_ctlreq.o
 .text.USBD_GetStatus
                0x0800aea0       0x68 ./Middlewares/ST/STM32_USB_Device_Library/Core/Src/usbd_ctlreq.o
 .text.USBD_SetFeature
                0x0800af08       0x52 ./Middlewares/ST/STM32_USB_Device_Library/Core/Src/usbd_ctlreq.o
 .text.USBD_ClrFeature
                0x0800af5a       0x44 ./Middlewares/ST/STM32_USB_Device_Library/Core/Src/usbd_ctlreq.o
 .text.USBD_ParseSetupRequest
                0x0800af9e       0x74 ./Middlewares/ST/STM32_USB_Device_Library/Core/Src/usbd_ctlreq.o
                0x0800af9e                USBD_ParseSetupRequest
 .text.USBD_CtlError
                0x0800b012       0x22 ./Middlewares/ST/STM32_USB_Device_Library/Core/Src/usbd_ctlreq.o
                0x0800b012                USBD_CtlError
 .text.USBD_GetString
                0x0800b034       0xa4 ./Middlewares/ST/STM32_USB_Device_Library/Core/Src/usbd_ctlreq.o
                0x0800b034                USBD_GetString
 .text.USBD_GetLen
                0x0800b0d8       0x34 ./Middlewares/ST/STM32_USB_Device_Library/Core/Src/usbd_ctlreq.o
 .text.USBD_CtlSendData
                0x0800b10c       0x36 ./Middlewares/ST/STM32_USB_Device_Library/Core/Src/usbd_ioreq.o
                0x0800b10c                USBD_CtlSendData
 .text.USBD_CtlContinueSendData
                0x0800b142       0x22 ./Middlewares/ST/STM32_USB_Device_Library/Core/Src/usbd_ioreq.o
                0x0800b142                USBD_CtlContinueSendData
 .text.USBD_CtlPrepareRx
                0x0800b164       0x3a ./Middlewares/ST/STM32_USB_Device_Library/Core/Src/usbd_ioreq.o
                0x0800b164                USBD_CtlPrepareRx
 .text.USBD_CtlContinueRx
                0x0800b19e       0x22 ./Middlewares/ST/STM32_USB_Device_Library/Core/Src/usbd_ioreq.o
                0x0800b19e                USBD_CtlContinueRx
 .text.USBD_CtlSendStatus
                0x0800b1c0       0x26 ./Middlewares/ST/STM32_USB_Device_Library/Core/Src/usbd_ioreq.o
                0x0800b1c0                USBD_CtlSendStatus
 .text.USBD_CtlReceiveStatus
                0x0800b1e6       0x26 ./Middlewares/ST/STM32_USB_Device_Library/Core/Src/usbd_ioreq.o
                0x0800b1e6                USBD_CtlReceiveStatus
 .text.MX_USB_DEVICE_Init
                0x0800b20c       0x60 ./USB_DEVICE/App/usb_device.o
                0x0800b20c                MX_USB_DEVICE_Init
 .text.CDC_Init_FS
                0x0800b26c       0x28 ./USB_DEVICE/App/usbd_cdc_if.o
 .text.CDC_DeInit_FS
                0x0800b294       0x10 ./USB_DEVICE/App/usbd_cdc_if.o
 .text.CDC_Control_FS
                0x0800b2a4       0xbc ./USB_DEVICE/App/usbd_cdc_if.o
 .text.CDC_Receive_FS
                0x0800b360       0x34 ./USB_DEVICE/App/usbd_cdc_if.o
 .text.CDC_Transmit_FS
                0x0800b394       0x4c ./USB_DEVICE/App/usbd_cdc_if.o
                0x0800b394                CDC_Transmit_FS
 .text.CDC_TransmitCplt_FS
                0x0800b3e0       0x22 ./USB_DEVICE/App/usbd_cdc_if.o
 *fill*         0x0800b402        0x2 
 .text.USBD_FS_DeviceDescriptor
                0x0800b404       0x24 ./USB_DEVICE/App/usbd_desc.o
                0x0800b404                USBD_FS_DeviceDescriptor
 .text.USBD_FS_LangIDStrDescriptor
                0x0800b428       0x24 ./USB_DEVICE/App/usbd_desc.o
                0x0800b428                USBD_FS_LangIDStrDescriptor
 .text.USBD_FS_ProductStrDescriptor
                0x0800b44c       0x3c ./USB_DEVICE/App/usbd_desc.o
                0x0800b44c                USBD_FS_ProductStrDescriptor
 .text.USBD_FS_ManufacturerStrDescriptor
                0x0800b488       0x28 ./USB_DEVICE/App/usbd_desc.o
                0x0800b488                USBD_FS_ManufacturerStrDescriptor
 .text.USBD_FS_SerialStrDescriptor
                0x0800b4b0       0x24 ./USB_DEVICE/App/usbd_desc.o
                0x0800b4b0                USBD_FS_SerialStrDescriptor
 .text.USBD_FS_ConfigStrDescriptor
                0x0800b4d4       0x3c ./USB_DEVICE/App/usbd_desc.o
                0x0800b4d4                USBD_FS_ConfigStrDescriptor
 .text.USBD_FS_InterfaceStrDescriptor
                0x0800b510       0x3c ./USB_DEVICE/App/usbd_desc.o
                0x0800b510                USBD_FS_InterfaceStrDescriptor
 .text.Get_SerialNum
                0x0800b54c       0x58 ./USB_DEVICE/App/usbd_desc.o
 .text.IntToUnicode
                0x0800b5a4       0x7e ./USB_DEVICE/App/usbd_desc.o
 *fill*         0x0800b622        0x2 
 .text.HAL_PCD_MspInit
                0x0800b624       0xa8 ./USB_DEVICE/Target/usbd_conf.o
                0x0800b624                HAL_PCD_MspInit
 .text.HAL_PCD_SetupStageCallback
                0x0800b6cc       0x24 ./USB_DEVICE/Target/usbd_conf.o
                0x0800b6cc                HAL_PCD_SetupStageCallback
 .text.HAL_PCD_DataOutStageCallback
                0x0800b6f0       0x36 ./USB_DEVICE/Target/usbd_conf.o
                0x0800b6f0                HAL_PCD_DataOutStageCallback
 .text.HAL_PCD_DataInStageCallback
                0x0800b726       0x34 ./USB_DEVICE/Target/usbd_conf.o
                0x0800b726                HAL_PCD_DataInStageCallback
 .text.HAL_PCD_SOFCallback
                0x0800b75a       0x1c ./USB_DEVICE/Target/usbd_conf.o
                0x0800b75a                HAL_PCD_SOFCallback
 .text.HAL_PCD_ResetCallback
                0x0800b776       0x3c ./USB_DEVICE/Target/usbd_conf.o
                0x0800b776                HAL_PCD_ResetCallback
 *fill*         0x0800b7b2        0x2 
 .text.HAL_PCD_SuspendCallback
                0x0800b7b4       0x4c ./USB_DEVICE/Target/usbd_conf.o
                0x0800b7b4                HAL_PCD_SuspendCallback
 .text.HAL_PCD_ResumeCallback
                0x0800b800       0x1c ./USB_DEVICE/Target/usbd_conf.o
                0x0800b800                HAL_PCD_ResumeCallback
 .text.HAL_PCD_ISOOUTIncompleteCallback
                0x0800b81c       0x24 ./USB_DEVICE/Target/usbd_conf.o
                0x0800b81c                HAL_PCD_ISOOUTIncompleteCallback
 .text.HAL_PCD_ISOINIncompleteCallback
                0x0800b840       0x24 ./USB_DEVICE/Target/usbd_conf.o
                0x0800b840                HAL_PCD_ISOINIncompleteCallback
 .text.HAL_PCD_ConnectCallback
                0x0800b864       0x1c ./USB_DEVICE/Target/usbd_conf.o
                0x0800b864                HAL_PCD_ConnectCallback
 .text.HAL_PCD_DisconnectCallback
                0x0800b880       0x1c ./USB_DEVICE/Target/usbd_conf.o
                0x0800b880                HAL_PCD_DisconnectCallback
 .text.USBD_LL_Init
                0x0800b89c       0x98 ./USB_DEVICE/Target/usbd_conf.o
                0x0800b89c                USBD_LL_Init
 .text.USBD_LL_Start
                0x0800b934       0x36 ./USB_DEVICE/Target/usbd_conf.o
                0x0800b934                USBD_LL_Start
 .text.USBD_LL_OpenEP
                0x0800b96a       0x4c ./USB_DEVICE/Target/usbd_conf.o
                0x0800b96a                USBD_LL_OpenEP
 .text.USBD_LL_CloseEP
                0x0800b9b6       0x3e ./USB_DEVICE/Target/usbd_conf.o
                0x0800b9b6                USBD_LL_CloseEP
 .text.USBD_LL_StallEP
                0x0800b9f4       0x3e ./USB_DEVICE/Target/usbd_conf.o
                0x0800b9f4                USBD_LL_StallEP
 .text.USBD_LL_ClearStallEP
                0x0800ba32       0x3e ./USB_DEVICE/Target/usbd_conf.o
                0x0800ba32                USBD_LL_ClearStallEP
 .text.USBD_LL_IsStallEP
                0x0800ba70       0x58 ./USB_DEVICE/Target/usbd_conf.o
                0x0800ba70                USBD_LL_IsStallEP
 .text.USBD_LL_SetUSBAddress
                0x0800bac8       0x3e ./USB_DEVICE/Target/usbd_conf.o
                0x0800bac8                USBD_LL_SetUSBAddress
 .text.USBD_LL_Transmit
                0x0800bb06       0x42 ./USB_DEVICE/Target/usbd_conf.o
                0x0800bb06                USBD_LL_Transmit
 .text.USBD_LL_PrepareReceive
                0x0800bb48       0x42 ./USB_DEVICE/Target/usbd_conf.o
                0x0800bb48                USBD_LL_PrepareReceive
 .text.USBD_LL_GetRxDataSize
                0x0800bb8a       0x26 ./USB_DEVICE/Target/usbd_conf.o
                0x0800bb8a                USBD_LL_GetRxDataSize
 .text.USBD_static_malloc
                0x0800bbb0       0x1c ./USB_DEVICE/Target/usbd_conf.o
                0x0800bbb0                USBD_static_malloc
 .text.USBD_static_free
                0x0800bbcc       0x14 ./USB_DEVICE/Target/usbd_conf.o
                0x0800bbcc                USBD_static_free
 .text.USBD_Get_USB_Status
                0x0800bbe0       0x58 ./USB_DEVICE/Target/usbd_conf.o
                0x0800bbe0                USBD_Get_USB_Status
 .text.memset   0x0800bc38       0x10 C:/ST/STM32CubeIDE/STM32CubeIDE/plugins/com.st.stm32cube.ide.mcu.externaltools.gnu-tools-for-stm32.12.3.rel1.win32_1.1.0.202410251130/tools/bin/../lib/gcc/arm-none-eabi/12.3.1/../../../../arm-none-eabi/lib/thumb/v7e-m+fp/hard\libc_nano.a(libc_a-memset.o)
                0x0800bc38                memset
 .text.__errno  0x0800bc48        0xc C:/ST/STM32CubeIDE/STM32CubeIDE/plugins/com.st.stm32cube.ide.mcu.externaltools.gnu-tools-for-stm32.12.3.rel1.win32_1.1.0.202410251130/tools/bin/../lib/gcc/arm-none-eabi/12.3.1/../../../../arm-none-eabi/lib/thumb/v7e-m+fp/hard\libc_nano.a(libc_a-errno.o)
                0x0800bc48                __errno
 .text.__libc_init_array
                0x0800bc54       0x48 C:/ST/STM32CubeIDE/STM32CubeIDE/plugins/com.st.stm32cube.ide.mcu.externaltools.gnu-tools-for-stm32.12.3.rel1.win32_1.1.0.202410251130/tools/bin/../lib/gcc/arm-none-eabi/12.3.1/../../../../arm-none-eabi/lib/thumb/v7e-m+fp/hard\libc_nano.a(libc_a-init.o)
                0x0800bc54                __libc_init_array
 .text.memcpy   0x0800bc9c       0x1c C:/ST/STM32CubeIDE/STM32CubeIDE/plugins/com.st.stm32cube.ide.mcu.externaltools.gnu-tools-for-stm32.12.3.rel1.win32_1.1.0.202410251130/tools/bin/../lib/gcc/arm-none-eabi/12.3.1/../../../../arm-none-eabi/lib/thumb/v7e-m+fp/hard\libc_nano.a(libc_a-memcpy-stub.o)
                0x0800bc9c                memcpy
 .text.log      0x0800bcb8       0x7c C:/ST/STM32CubeIDE/STM32CubeIDE/plugins/com.st.stm32cube.ide.mcu.externaltools.gnu-tools-for-stm32.12.3.rel1.win32_1.1.0.202410251130/tools/bin/../lib/gcc/arm-none-eabi/12.3.1/../../../../arm-none-eabi/lib/thumb/v7e-m+fp/hard\libm.a(libm_a-w_log.o)
                0x0800bcb8                log
 .text.sqrtf    0x0800bd34       0x3c C:/ST/STM32CubeIDE/STM32CubeIDE/plugins/com.st.stm32cube.ide.mcu.externaltools.gnu-tools-for-stm32.12.3.rel1.win32_1.1.0.202410251130/tools/bin/../lib/gcc/arm-none-eabi/12.3.1/../../../../arm-none-eabi/lib/thumb/v7e-m+fp/hard\libm.a(libm_a-wf_sqrt.o)
                0x0800bd34                sqrtf
 .text.cosf     0x0800bd70       0x88 C:/ST/STM32CubeIDE/STM32CubeIDE/plugins/com.st.stm32cube.ide.mcu.externaltools.gnu-tools-for-stm32.12.3.rel1.win32_1.1.0.202410251130/tools/bin/../lib/gcc/arm-none-eabi/12.3.1/../../../../arm-none-eabi/lib/thumb/v7e-m+fp/hard\libm.a(libm_a-sf_cos.o)
                0x0800bd70                cosf
 .text.sinf     0x0800bdf8       0x8c C:/ST/STM32CubeIDE/STM32CubeIDE/plugins/com.st.stm32cube.ide.mcu.externaltools.gnu-tools-for-stm32.12.3.rel1.win32_1.1.0.202410251130/tools/bin/../lib/gcc/arm-none-eabi/12.3.1/../../../../arm-none-eabi/lib/thumb/v7e-m+fp/hard\libm.a(libm_a-sf_sin.o)
                0x0800bdf8                sinf
 *fill*         0x0800be84        0x4 
 .text.nan      0x0800be88       0x10 C:/ST/STM32CubeIDE/STM32CubeIDE/plugins/com.st.stm32cube.ide.mcu.externaltools.gnu-tools-for-stm32.12.3.rel1.win32_1.1.0.202410251130/tools/bin/../lib/gcc/arm-none-eabi/12.3.1/../../../../arm-none-eabi/lib/thumb/v7e-m+fp/hard\libm.a(libm_a-s_nan.o)
                0x0800be88                nan
 .text.__ieee754_sqrtf
                0x0800be98        0x6 C:/ST/STM32CubeIDE/STM32CubeIDE/plugins/com.st.stm32cube.ide.mcu.externaltools.gnu-tools-for-stm32.12.3.rel1.win32_1.1.0.202410251130/tools/bin/../lib/gcc/arm-none-eabi/12.3.1/../../../../arm-none-eabi/lib/thumb/v7e-m+fp/hard\libm.a(libm_a-ef_sqrt.o)
                0x0800be98                __ieee754_sqrtf
 *fill*         0x0800be9e        0x2 
 .text.roundf   0x0800bea0       0x48 C:/ST/STM32CubeIDE/STM32CubeIDE/plugins/com.st.stm32cube.ide.mcu.externaltools.gnu-tools-for-stm32.12.3.rel1.win32_1.1.0.202410251130/tools/bin/../lib/gcc/arm-none-eabi/12.3.1/../../../../arm-none-eabi/lib/thumb/v7e-m+fp/hard\libm.a(libm_a-sf_round.o)
                0x0800bea0                roundf
 .text.__ieee754_log
                0x0800bee8      0x36c C:/ST/STM32CubeIDE/STM32CubeIDE/plugins/com.st.stm32cube.ide.mcu.externaltools.gnu-tools-for-stm32.12.3.rel1.win32_1.1.0.202410251130/tools/bin/../lib/gcc/arm-none-eabi/12.3.1/../../../../arm-none-eabi/lib/thumb/v7e-m+fp/hard\libm.a(libm_a-e_log.o)
                0x0800bee8                __ieee754_log
 .text.__kernel_cosf
                0x0800c254       0xb0 C:/ST/STM32CubeIDE/STM32CubeIDE/plugins/com.st.stm32cube.ide.mcu.externaltools.gnu-tools-for-stm32.12.3.rel1.win32_1.1.0.202410251130/tools/bin/../lib/gcc/arm-none-eabi/12.3.1/../../../../arm-none-eabi/lib/thumb/v7e-m+fp/hard\libm.a(libm_a-kf_cos.o)
                0x0800c254                __kernel_cosf
 .text.__kernel_sinf
                0x0800c304       0x90 C:/ST/STM32CubeIDE/STM32CubeIDE/plugins/com.st.stm32cube.ide.mcu.externaltools.gnu-tools-for-stm32.12.3.rel1.win32_1.1.0.202410251130/tools/bin/../lib/gcc/arm-none-eabi/12.3.1/../../../../arm-none-eabi/lib/thumb/v7e-m+fp/hard\libm.a(libm_a-kf_sin.o)
                0x0800c304                __kernel_sinf
 .text.__ieee754_rem_pio2f
                0x0800c394      0x260 C:/ST/STM32CubeIDE/STM32CubeIDE/plugins/com.st.stm32cube.ide.mcu.externaltools.gnu-tools-for-stm32.12.3.rel1.win32_1.1.0.202410251130/tools/bin/../lib/gcc/arm-none-eabi/12.3.1/../../../../arm-none-eabi/lib/thumb/v7e-m+fp/hard\libm.a(libm_a-ef_rem_pio2.o)
                0x0800c394                __ieee754_rem_pio2f
 .text.fabsf    0x0800c5f4        0xe C:/ST/STM32CubeIDE/STM32CubeIDE/plugins/com.st.stm32cube.ide.mcu.externaltools.gnu-tools-for-stm32.12.3.rel1.win32_1.1.0.202410251130/tools/bin/../lib/gcc/arm-none-eabi/12.3.1/../../../../arm-none-eabi/lib/thumb/v7e-m+fp/hard\libm.a(libm_a-sf_fabs.o)
                0x0800c5f4                fabsf
 *fill*         0x0800c602        0x2 
 .text.__kernel_rem_pio2f
                0x0800c604      0x4e4 C:/ST/STM32CubeIDE/STM32CubeIDE/plugins/com.st.stm32cube.ide.mcu.externaltools.gnu-tools-for-stm32.12.3.rel1.win32_1.1.0.202410251130/tools/bin/../lib/gcc/arm-none-eabi/12.3.1/../../../../arm-none-eabi/lib/thumb/v7e-m+fp/hard\libm.a(libm_a-kf_rem_pio2.o)
                0x0800c604                __kernel_rem_pio2f
 .text.scalbnf  0x0800cae8       0xcc C:/ST/STM32CubeIDE/STM32CubeIDE/plugins/com.st.stm32cube.ide.mcu.externaltools.gnu-tools-for-stm32.12.3.rel1.win32_1.1.0.202410251130/tools/bin/../lib/gcc/arm-none-eabi/12.3.1/../../../../arm-none-eabi/lib/thumb/v7e-m+fp/hard\libm.a(libm_a-sf_scalbn.o)
                0x0800cae8                scalbnf
 .text.floorf   0x0800cbb4       0x88 C:/ST/STM32CubeIDE/STM32CubeIDE/plugins/com.st.stm32cube.ide.mcu.externaltools.gnu-tools-for-stm32.12.3.rel1.win32_1.1.0.202410251130/tools/bin/../lib/gcc/arm-none-eabi/12.3.1/../../../../arm-none-eabi/lib/thumb/v7e-m+fp/hard\libm.a(libm_a-sf_floor.o)
                0x0800cbb4                floorf
 *(.glue_7)
 .glue_7        0x0800cc3c        0x0 linker stubs
 *(.glue_7t)
 .glue_7t       0x0800cc3c        0x0 linker stubs
 *(.eh_frame)
 .eh_frame      0x0800cc3c        0x0 C:/ST/STM32CubeIDE/STM32CubeIDE/plugins/com.st.stm32cube.ide.mcu.externaltools.gnu-tools-for-stm32.12.3.rel1.win32_1.1.0.202410251130/tools/bin/../lib/gcc/arm-none-eabi/12.3.1/thumb/v7e-m+fp/hard/crtbegin.o
 *(.init)
 .init          0x0800cc3c        0x4 C:/ST/STM32CubeIDE/STM32CubeIDE/plugins/com.st.stm32cube.ide.mcu.externaltools.gnu-tools-for-stm32.12.3.rel1.win32_1.1.0.202410251130/tools/bin/../lib/gcc/arm-none-eabi/12.3.1/thumb/v7e-m+fp/hard/crti.o
                0x0800cc3c                _init
 .init          0x0800cc40        0x8 C:/ST/STM32CubeIDE/STM32CubeIDE/plugins/com.st.stm32cube.ide.mcu.externaltools.gnu-tools-for-stm32.12.3.rel1.win32_1.1.0.202410251130/tools/bin/../lib/gcc/arm-none-eabi/12.3.1/thumb/v7e-m+fp/hard/crtn.o
 *(.fini)
 .fini          0x0800cc48        0x4 C:/ST/STM32CubeIDE/STM32CubeIDE/plugins/com.st.stm32cube.ide.mcu.externaltools.gnu-tools-for-stm32.12.3.rel1.win32_1.1.0.202410251130/tools/bin/../lib/gcc/arm-none-eabi/12.3.1/thumb/v7e-m+fp/hard/crti.o
                0x0800cc48                _fini
 .fini          0x0800cc4c        0x8 C:/ST/STM32CubeIDE/STM32CubeIDE/plugins/com.st.stm32cube.ide.mcu.externaltools.gnu-tools-for-stm32.12.3.rel1.win32_1.1.0.202410251130/tools/bin/../lib/gcc/arm-none-eabi/12.3.1/thumb/v7e-m+fp/hard/crtn.o
                0x0800cc54                        . = ALIGN (0x4)
                0x0800cc54                        _etext = .

.vfp11_veneer   0x0800cc54        0x0
 .vfp11_veneer  0x0800cc54        0x0 linker stubs

.v4_bx          0x0800cc54        0x0
 .v4_bx         0x0800cc54        0x0 linker stubs

.iplt           0x0800cc54        0x0
 .iplt          0x0800cc54        0x0 C:/ST/STM32CubeIDE/STM32CubeIDE/plugins/com.st.stm32cube.ide.mcu.externaltools.gnu-tools-for-stm32.12.3.rel1.win32_1.1.0.202410251130/tools/bin/../lib/gcc/arm-none-eabi/12.3.1/thumb/v7e-m+fp/hard/crtbegin.o

.rodata         0x0800cc54      0x43c
                0x0800cc54                        . = ALIGN (0x4)
 *(.rodata)
 .rodata        0x0800cc54       0x46 ./USB_DEVICE/App/usbd_desc.o
 *(.rodata*)
 *fill*         0x0800cc9a        0x2 
 .rodata.AHBPrescTable
                0x0800cc9c       0x10 ./Core/Src/system_stm32f4xx.o
                0x0800cc9c                AHBPrescTable
 .rodata.APBPrescTable
                0x0800ccac        0x8 ./Core/Src/system_stm32f4xx.o
                0x0800ccac                APBPrescTable
 .rodata.flagBitshiftOffset.0
                0x0800ccb4        0x8 ./Drivers/STM32F4xx_HAL_Driver/Src/stm32f4xx_hal_dma.o
 .rodata.log.str1.1
                0x0800ccbc        0x1 C:/ST/STM32CubeIDE/STM32CubeIDE/plugins/com.st.stm32cube.ide.mcu.externaltools.gnu-tools-for-stm32.12.3.rel1.win32_1.1.0.202410251130/tools/bin/../lib/gcc/arm-none-eabi/12.3.1/../../../../arm-none-eabi/lib/thumb/v7e-m+fp/hard\libm.a(libm_a-w_log.o)
 *fill*         0x0800ccbd        0x3 
 .rodata.npio2_hw
                0x0800ccc0       0x80 C:/ST/STM32CubeIDE/STM32CubeIDE/plugins/com.st.stm32cube.ide.mcu.externaltools.gnu-tools-for-stm32.12.3.rel1.win32_1.1.0.202410251130/tools/bin/../lib/gcc/arm-none-eabi/12.3.1/../../../../arm-none-eabi/lib/thumb/v7e-m+fp/hard\libm.a(libm_a-ef_rem_pio2.o)
 .rodata.two_over_pi
                0x0800cd40      0x318 C:/ST/STM32CubeIDE/STM32CubeIDE/plugins/com.st.stm32cube.ide.mcu.externaltools.gnu-tools-for-stm32.12.3.rel1.win32_1.1.0.202410251130/tools/bin/../lib/gcc/arm-none-eabi/12.3.1/../../../../arm-none-eabi/lib/thumb/v7e-m+fp/hard\libm.a(libm_a-ef_rem_pio2.o)
 .rodata.PIo2   0x0800d058       0x2c C:/ST/STM32CubeIDE/STM32CubeIDE/plugins/com.st.stm32cube.ide.mcu.externaltools.gnu-tools-for-stm32.12.3.rel1.win32_1.1.0.202410251130/tools/bin/../lib/gcc/arm-none-eabi/12.3.1/../../../../arm-none-eabi/lib/thumb/v7e-m+fp/hard\libm.a(libm_a-kf_rem_pio2.o)
 .rodata.init_jk
                0x0800d084        0xc C:/ST/STM32CubeIDE/STM32CubeIDE/plugins/com.st.stm32cube.ide.mcu.externaltools.gnu-tools-for-stm32.12.3.rel1.win32_1.1.0.202410251130/tools/bin/../lib/gcc/arm-none-eabi/12.3.1/../../../../arm-none-eabi/lib/thumb/v7e-m+fp/hard\libm.a(libm_a-kf_rem_pio2.o)
                0x0800d090                        . = ALIGN (0x4)

.ARM.extab      0x0800d090        0x0
                0x0800d090                        . = ALIGN (0x4)
 *(.ARM.extab* .gnu.linkonce.armextab.*)
                0x0800d090                        . = ALIGN (0x4)

.ARM            0x0800d090        0x8
                0x0800d090                        . = ALIGN (0x4)
                0x0800d090                        __exidx_start = .
 *(.ARM.exidx*)
 .ARM.exidx     0x0800d090        0x8 C:/ST/STM32CubeIDE/STM32CubeIDE/plugins/com.st.stm32cube.ide.mcu.externaltools.gnu-tools-for-stm32.12.3.rel1.win32_1.1.0.202410251130/tools/bin/../lib/gcc/arm-none-eabi/12.3.1/thumb/v7e-m+fp/hard\libgcc.a(_udivmoddi4.o)
                0x0800d098                        __exidx_end = .
                0x0800d098                        . = ALIGN (0x4)

.preinit_array  0x0800d098        0x0
                0x0800d098                        . = ALIGN (0x4)
                0x0800d098                        PROVIDE (__preinit_array_start = .)
 *(.preinit_array*)
                0x0800d098                        PROVIDE (__preinit_array_end = .)
                0x0800d098                        . = ALIGN (0x4)

.init_array     0x0800d098        0x4
                0x0800d098                        . = ALIGN (0x4)
                0x0800d098                        PROVIDE (__init_array_start = .)
 *(SORT_BY_NAME(.init_array.*))
 *(.init_array*)
 .init_array    0x0800d098        0x4 C:/ST/STM32CubeIDE/STM32CubeIDE/plugins/com.st.stm32cube.ide.mcu.externaltools.gnu-tools-for-stm32.12.3.rel1.win32_1.1.0.202410251130/tools/bin/../lib/gcc/arm-none-eabi/12.3.1/thumb/v7e-m+fp/hard/crtbegin.o
                0x0800d09c                        PROVIDE (__init_array_end = .)
                0x0800d09c                        . = ALIGN (0x4)

.fini_array     0x0800d09c        0x4
                0x0800d09c                        . = ALIGN (0x4)
                [!provide]                        PROVIDE (__fini_array_start = .)
 *(SORT_BY_NAME(.fini_array.*))
 *(.fini_array*)
 .fini_array    0x0800d09c        0x4 C:/ST/STM32CubeIDE/STM32CubeIDE/plugins/com.st.stm32cube.ide.mcu.externaltools.gnu-tools-for-stm32.12.3.rel1.win32_1.1.0.202410251130/tools/bin/../lib/gcc/arm-none-eabi/12.3.1/thumb/v7e-m+fp/hard/crtbegin.o
                [!provide]                        PROVIDE (__fini_array_end = .)
                0x0800d0a0                        . = ALIGN (0x4)
                0x0800d0a0                        _sidata = LOADADDR (.data)

.rel.dyn        0x0800d0a0        0x0
 .rel.iplt      0x0800d0a0        0x0 C:/ST/STM32CubeIDE/STM32CubeIDE/plugins/com.st.stm32cube.ide.mcu.externaltools.gnu-tools-for-stm32.12.3.rel1.win32_1.1.0.202410251130/tools/bin/../lib/gcc/arm-none-eabi/12.3.1/thumb/v7e-m+fp/hard/crtbegin.o

.data           0x20000000      0x174 load address 0x0800d0a0
                0x20000000                        . = ALIGN (0x4)
                0x20000000                        _sdata = .
 *(.data)
 *(.data*)
 .data.canales  0x20000000       0x10 ./Core/Src/main.o
                0x20000000                canales
 .data.puertos_led
                0x20000010       0x10 ./Core/Src/main.o
                0x20000010                puertos_led
 .data.pines_led
                0x20000020        0x8 ./Core/Src/main.o
                0x20000020                pines_led
 .data.SystemCoreClock
                0x20000028        0x4 ./Core/Src/system_stm32f4xx.o
                0x20000028                SystemCoreClock
 .data.uwTickPrio
                0x2000002c        0x4 ./Drivers/STM32F4xx_HAL_Driver/Src/stm32f4xx_hal.o
                0x2000002c                uwTickPrio
 .data.uwTickFreq
                0x20000030        0x1 ./Drivers/STM32F4xx_HAL_Driver/Src/stm32f4xx_hal.o
                0x20000030                uwTickFreq
 *fill*         0x20000031        0x3 
 .data.USBD_CDC_DeviceQualifierDesc
                0x20000034        0xa ./Middlewares/ST/STM32_USB_Device_Library/Class/CDC/Src/usbd_cdc.o
 *fill*         0x2000003e        0x2 
 .data.USBD_CDC
                0x20000040       0x38 ./Middlewares/ST/STM32_USB_Device_Library/Class/CDC/Src/usbd_cdc.o
                0x20000040                USBD_CDC
 .data.USBD_CDC_CfgDesc
                0x20000078       0x43 ./Middlewares/ST/STM32_USB_Device_Library/Class/CDC/Src/usbd_cdc.o
 .data.CDCInEpAdd
                0x200000bb        0x1 ./Middlewares/ST/STM32_USB_Device_Library/Class/CDC/Src/usbd_cdc.o
 .data.CDCOutEpAdd
                0x200000bc        0x1 ./Middlewares/ST/STM32_USB_Device_Library/Class/CDC/Src/usbd_cdc.o
 .data.CDCCmdEpAdd
                0x200000bd        0x1 ./Middlewares/ST/STM32_USB_Device_Library/Class/CDC/Src/usbd_cdc.o
 *fill*         0x200000be        0x2 
 .data.USBD_Interface_fops_FS
                0x200000c0       0x14 ./USB_DEVICE/App/usbd_cdc_if.o
                0x200000c0                USBD_Interface_fops_FS
 .data.FS_Desc  0x200000d4       0x1c ./USB_DEVICE/App/usbd_desc.o
                0x200000d4                FS_Desc
 .data.USBD_FS_DeviceDesc
                0x200000f0       0x12 ./USB_DEVICE/App/usbd_desc.o
                0x200000f0                USBD_FS_DeviceDesc
 *fill*         0x20000102        0x2 
 .data.USBD_LangIDDesc
                0x20000104        0x4 ./USB_DEVICE/App/usbd_desc.o
                0x20000104                USBD_LangIDDesc
 .data.USBD_StringSerial
                0x20000108       0x1a ./USB_DEVICE/App/usbd_desc.o
                0x20000108                USBD_StringSerial
 *fill*         0x20000122        0x2 
 .data._impure_ptr
                0x20000124        0x4 C:/ST/STM32CubeIDE/STM32CubeIDE/plugins/com.st.stm32cube.ide.mcu.externaltools.gnu-tools-for-stm32.12.3.rel1.win32_1.1.0.202410251130/tools/bin/../lib/gcc/arm-none-eabi/12.3.1/../../../../arm-none-eabi/lib/thumb/v7e-m+fp/hard\libc_nano.a(libc_a-impure.o)
                0x20000124                _impure_ptr
 .data._impure_data
                0x20000128       0x4c C:/ST/STM32CubeIDE/STM32CubeIDE/plugins/com.st.stm32cube.ide.mcu.externaltools.gnu-tools-for-stm32.12.3.rel1.win32_1.1.0.202410251130/tools/bin/../lib/gcc/arm-none-eabi/12.3.1/../../../../arm-none-eabi/lib/thumb/v7e-m+fp/hard\libc_nano.a(libc_a-impure.o)
                0x20000128                _impure_data
 *(.RamFunc)
 *(.RamFunc*)
                0x20000174                        . = ALIGN (0x4)
                0x20000174                        _edata = .

.igot.plt       0x20000174        0x0 load address 0x0800d214
 .igot.plt      0x20000174        0x0 C:/ST/STM32CubeIDE/STM32CubeIDE/plugins/com.st.stm32cube.ide.mcu.externaltools.gnu-tools-for-stm32.12.3.rel1.win32_1.1.0.202410251130/tools/bin/../lib/gcc/arm-none-eabi/12.3.1/thumb/v7e-m+fp/hard/crtbegin.o
                0x20000174                        . = ALIGN (0x4)

.bss            0x20000174     0x221c load address 0x0800d214
                0x20000174                        _sbss = .
                0x20000174                        __bss_start__ = _sbss
 *(.bss)
 .bss           0x20000174       0x1c C:/ST/STM32CubeIDE/STM32CubeIDE/plugins/com.st.stm32cube.ide.mcu.externaltools.gnu-tools-for-stm32.12.3.rel1.win32_1.1.0.202410251130/tools/bin/../lib/gcc/arm-none-eabi/12.3.1/thumb/v7e-m+fp/hard/crtbegin.o
 *(.bss*)
 .bss.avgReadingsGLOBAL
                0x20000190        0x8 ./Core/Src/ADC_IR_SENSOR2.o
                0x20000190                avgReadingsGLOBAL
 .bss.sum       0x20000198        0x4 ./Core/Src/ADC_IR_SENSOR2.o
                0x20000198                sum
 .bss.idx       0x2000019c        0x1 ./Core/Src/ADC_IR_SENSOR2.o
                0x2000019c                idx
 *fill*         0x2000019d        0x3 
 .bss.ADCUSERGLOBAL
                0x200001a0        0x4 ./Core/Src/ADC_IR_SENSOR2.o
                0x200001a0                ADCUSERGLOBAL
 .bss.TIMGLOBAL
                0x200001a4        0x4 ./Core/Src/ADC_IR_SENSOR2.o
                0x200001a4                TIMGLOBAL
 .bss.ADC_CHANNELSGLOBAL
                0x200001a8       0x10 ./Core/Src/ADC_IR_SENSOR2.o
                0x200001a8                ADC_CHANNELSGLOBAL
 .bss.IR_PORTSGLOBAL
                0x200001b8       0x10 ./Core/Src/ADC_IR_SENSOR2.o
                0x200001b8                IR_PORTSGLOBAL
 .bss.IR_PINSGLOBAL
                0x200001c8        0x8 ./Core/Src/ADC_IR_SENSOR2.o
                0x200001c8                IR_PINSGLOBAL
 .bss.CONVS     0x200001d0       0x14 ./Core/Src/ADC_IR_SENSOR2.o
                0x200001d0                CONVS
 .bss.hadc1     0x200001e4       0x48 ./Core/Src/main.o
                0x200001e4                hadc1
 .bss.hdma_adc1
                0x2000022c       0x60 ./Core/Src/main.o
                0x2000022c                hdma_adc1
 .bss.hi2c1     0x2000028c       0x54 ./Core/Src/main.o
                0x2000028c                hi2c1
 .bss.htim1     0x200002e0       0x48 ./Core/Src/main.o
                0x200002e0                htim1
 .bss.htim2     0x20000328       0x48 ./Core/Src/main.o
                0x20000328                htim2
 .bss.htim3     0x20000370       0x48 ./Core/Src/main.o
                0x20000370                htim3
 .bss.htim4     0x200003b8       0x48 ./Core/Src/main.o
                0x200003b8                htim4
 .bss.htim9     0x20000400       0x48 ./Core/Src/main.o
                0x20000400                htim9
 .bss.htim10    0x20000448       0x48 ./Core/Src/main.o
                0x20000448                htim10
 .bss.htim11    0x20000490       0x48 ./Core/Src/main.o
                0x20000490                htim11
 .bss.v_desired
                0x200004d8        0x4 ./Core/Src/main.o
                0x200004d8                v_desired
 .bss.DIST_ACUM_L
                0x200004dc        0x4 ./Core/Src/main.o
                0x200004dc                DIST_ACUM_L
 .bss.VEL_FINAL_L
                0x200004e0        0x4 ./Core/Src/main.o
                0x200004e0                VEL_FINAL_L
 .bss.mm_FINAL_L
                0x200004e4        0x4 ./Core/Src/main.o
                0x200004e4                mm_FINAL_L
 .bss.AceleracionGlobal_L
                0x200004e8        0x4 ./Core/Src/main.o
                0x200004e8                AceleracionGlobal_L
 .bss.v_desired_L
                0x200004ec        0x4 ./Core/Src/main.o
                0x200004ec                v_desired_L
 .bss.velMotores
                0x200004f0        0x4 ./Core/Src/main.o
                0x200004f0                velMotores
 .bss.VELOCIDAD_BOT_REAL
                0x200004f4        0x4 ./Core/Src/main.o
                0x200004f4                VELOCIDAD_BOT_REAL
 .bss.avgReadings
                0x200004f8        0x8 ./Core/Src/main.o
                0x200004f8                avgReadings
 .bss.TRANS_CONVS
                0x20000500       0x14 ./Core/Src/main.o
                0x20000500                TRANS_CONVS
 .bss.PUNTOS_X  0x20000514        0x4 ./Core/Src/main.o
                0x20000514                PUNTOS_X
 .bss.PUNTOS_Y  0x20000518        0x4 ./Core/Src/main.o
                0x20000518                PUNTOS_Y
 .bss.DIS_MOTOR_L
                0x2000051c        0x4 ./Core/Src/main.o
                0x2000051c                DIS_MOTOR_L
 .bss.DIS_MOTOR_R
                0x20000520        0x4 ./Core/Src/main.o
                0x20000520                DIS_MOTOR_R
 .bss.THETA     0x20000524        0x4 ./Core/Src/main.o
                0x20000524                THETA
 .bss.VEL_MOTOR_L
                0x20000528        0x4 ./Core/Src/main.o
                0x20000528                VEL_MOTOR_L
 .bss.VEL_MOTOR_R
                0x2000052c        0x4 ./Core/Src/main.o
                0x2000052c                VEL_MOTOR_R
 .bss.VEL_LINEAL
                0x20000530        0x4 ./Core/Src/main.o
                0x20000530                VEL_LINEAL
 .bss.VEL_ANGULAR
                0x20000534        0x4 ./Core/Src/main.o
                0x20000534                VEL_ANGULAR
 .bss.AVANCE_LINEA
                0x20000538        0x4 ./Core/Src/main.o
                0x20000538                AVANCE_LINEA
 .bss.LEFT_DISTANCE_MM_ACUM
                0x2000053c        0x4 ./Core/Src/main.o
                0x2000053c                LEFT_DISTANCE_MM_ACUM
 .bss.RIGHT_DISTANCE_MM_ACUM
                0x20000540        0x4 ./Core/Src/main.o
                0x20000540                RIGHT_DISTANCE_MM_ACUM
 .bss.ps        0x20000544       0x30 ./Core/Src/main.o
                0x20000544                ps
 .bss.adcValue  0x20000574        0xa ./Core/Src/main.o
                0x20000574                adcValue
 .bss.numDatos  0x2000057e        0x1 ./Core/Src/main.o
                0x2000057e                numDatos
 *fill*         0x2000057f        0x1 
 .bss.SPEEDE    0x20000580        0x2 ./Core/Src/main.o
                0x20000580                SPEEDE
 *fill*         0x20000582        0x2 
 .bss.DatosRX   0x20000584       0x33 ./Core/Src/main.o
                0x20000584                DatosRX
 .bss.indexRX   0x200005b7        0x1 ./Core/Src/main.o
                0x200005b7                indexRX
 .bss.datosTX   0x200005b8       0x28 ./Core/Src/main.o
                0x200005b8                datosTX
 .bss.datosx    0x200005e0       0x28 ./Core/Src/main.o
                0x200005e0                datosx
 .bss.MMS       0x20000608        0x4 ./Core/Src/main.o
                0x20000608                MMS
 .bss.COMUNICACION
                0x2000060c       0x1e ./Core/Src/main.o
                0x2000060c                COMUNICACION
 .bss.pulsosR_temp
                0x2000062a        0x2 ./Core/Src/main.o
                0x2000062a                pulsosR_temp
 .bss.pulsosR   0x2000062c        0x4 ./Core/Src/main.o
                0x2000062c                pulsosR
 .bss.pulsosL   0x20000630        0x4 ./Core/Src/main.o
                0x20000630                pulsosL
 .bss.lastCountLeft
                0x20000634        0x4 ./Core/Src/main.o
 .bss.lastCountRight
                0x20000638        0x4 ./Core/Src/main.o
 .bss.dL        0x2000063c        0x4 ./Core/Src/main.o
                0x2000063c                dL
 .bss.dR        0x20000640        0x4 ./Core/Src/main.o
                0x20000640                dR
 .bss.pk1       0x20000644        0xc ./Core/Src/main.o
                0x20000644                pk1
 .bss.estado_mov
                0x20000650        0x1 ./Core/Src/main.o
                0x20000650                estado_mov
 *fill*         0x20000651        0x3 
 .bss.tim_pro   0x20000654       0x14 ./Core/Src/main.o
                0x20000654                tim_pro
 .bss.last_D.0  0x20000668        0x4 ./Core/Src/main.o
 .bss.timmotorGlobal
                0x2000066c        0x4 ./Core/Src/motorDriver.o
                0x2000066c                timmotorGlobal
 .bss.uwTick    0x20000670        0x4 ./Drivers/STM32F4xx_HAL_Driver/Src/stm32f4xx_hal.o
                0x20000670                uwTick
 .bss.cfgidx.0  0x20000674        0x1 ./Middlewares/ST/STM32_USB_Device_Library/Core/Src/usbd_ctlreq.o
 *fill*         0x20000675        0x3 
 .bss.hUsbDeviceFS
                0x20000678      0x2dc ./USB_DEVICE/App/usb_device.o
                0x20000678                hUsbDeviceFS
 .bss.UserRxBufferFS
                0x20000954      0x800 ./USB_DEVICE/App/usbd_cdc_if.o
                0x20000954                UserRxBufferFS
 .bss.UserTxBufferFS
                0x20001154      0x800 ./USB_DEVICE/App/usbd_cdc_if.o
                0x20001154                UserTxBufferFS
 .bss.USBD_StrDesc
                0x20001954      0x200 ./USB_DEVICE/App/usbd_desc.o
                0x20001954                USBD_StrDesc
 .bss.hpcd_USB_OTG_FS
                0x20001b54      0x4e4 ./USB_DEVICE/Target/usbd_conf.o
                0x20001b54                hpcd_USB_OTG_FS
 .bss.mem.0     0x20002038      0x220 ./USB_DEVICE/Target/usbd_conf.o
 .bss.__sf      0x20002258      0x138 C:/ST/STM32CubeIDE/STM32CubeIDE/plugins/com.st.stm32cube.ide.mcu.externaltools.gnu-tools-for-stm32.12.3.rel1.win32_1.1.0.202410251130/tools/bin/../lib/gcc/arm-none-eabi/12.3.1/../../../../arm-none-eabi/lib/thumb/v7e-m+fp/hard\libc_nano.a(libc_a-findfp.o)
                0x20002258                __sf
 *(COMMON)
                0x20002390                        . = ALIGN (0x4)
                0x20002390                        _ebss = .
                0x20002390                        __bss_end__ = _ebss

._user_heap_stack
                0x20002390      0x600 load address 0x0800d214
                0x20002390                        . = ALIGN (0x8)
                [!provide]                        PROVIDE (end = .)
                0x20002390                        PROVIDE (_end = .)
                0x20002590                        . = (. + _Min_Heap_Size)
 *fill*         0x20002390      0x200 
                0x20002990                        . = (. + _Min_Stack_Size)
 *fill*         0x20002590      0x400 
                0x20002990                        . = ALIGN (0x8)

/DISCARD/
 libc.a(*)
 libm.a(*)
 libgcc.a(*)

.ARM.attributes
                0x00000000       0x30
 *(.ARM.attributes)
 .ARM.attributes
                0x00000000       0x22 C:/ST/STM32CubeIDE/STM32CubeIDE/plugins/com.st.stm32cube.ide.mcu.externaltools.gnu-tools-for-stm32.12.3.rel1.win32_1.1.0.202410251130/tools/bin/../lib/gcc/arm-none-eabi/12.3.1/thumb/v7e-m+fp/hard/crti.o
 .ARM.attributes
                0x00000022       0x34 C:/ST/STM32CubeIDE/STM32CubeIDE/plugins/com.st.stm32cube.ide.mcu.externaltools.gnu-tools-for-stm32.12.3.rel1.win32_1.1.0.202410251130/tools/bin/../lib/gcc/arm-none-eabi/12.3.1/thumb/v7e-m+fp/hard/crtbegin.o
 .ARM.attributes
                0x00000056       0x34 ./Core/Src/ADC_IR_SENSOR2.o
 .ARM.attributes
                0x0000008a       0x34 ./Core/Src/main.o
 .ARM.attributes
                0x000000be       0x34 ./Core/Src/mms_odometria.o
 .ARM.attributes
                0x000000f2       0x34 ./Core/Src/motorDriver.o
 .ARM.attributes
                0x00000126       0x34 ./Core/Src/retardos.o
 .ARM.attributes
                0x0000015a       0x34 ./Core/Src/stm32f4xx_hal_msp.o
 .ARM.attributes
                0x0000018e       0x34 ./Core/Src/stm32f4xx_it.o
 .ARM.attributes
                0x000001c2       0x34 ./Core/Src/system_stm32f4xx.o
 .ARM.attributes
                0x000001f6       0x21 ./Core/Startup/startup_stm32f411ceux.o
 .ARM.attributes
                0x00000217       0x34 ./Drivers/STM32F4xx_HAL_Driver/Src/stm32f4xx_hal.o
 .ARM.attributes
                0x0000024b       0x34 ./Drivers/STM32F4xx_HAL_Driver/Src/stm32f4xx_hal_adc.o
 .ARM.attributes
                0x0000027f       0x34 ./Drivers/STM32F4xx_HAL_Driver/Src/stm32f4xx_hal_cortex.o
 .ARM.attributes
                0x000002b3       0x34 ./Drivers/STM32F4xx_HAL_Driver/Src/stm32f4xx_hal_dma.o
 .ARM.attributes
                0x000002e7       0x34 ./Drivers/STM32F4xx_HAL_Driver/Src/stm32f4xx_hal_gpio.o
 .ARM.attributes
                0x0000031b       0x34 ./Drivers/STM32F4xx_HAL_Driver/Src/stm32f4xx_hal_i2c.o
 .ARM.attributes
                0x0000034f       0x34 ./Drivers/STM32F4xx_HAL_Driver/Src/stm32f4xx_hal_pcd.o
 .ARM.attributes
                0x00000383       0x34 ./Drivers/STM32F4xx_HAL_Driver/Src/stm32f4xx_hal_pcd_ex.o
 .ARM.attributes
                0x000003b7       0x34 ./Drivers/STM32F4xx_HAL_Driver/Src/stm32f4xx_hal_rcc.o
 .ARM.attributes
                0x000003eb       0x34 ./Drivers/STM32F4xx_HAL_Driver/Src/stm32f4xx_hal_tim.o
 .ARM.attributes
                0x0000041f       0x34 ./Drivers/STM32F4xx_HAL_Driver/Src/stm32f4xx_hal_tim_ex.o
 .ARM.attributes
                0x00000453       0x34 ./Drivers/STM32F4xx_HAL_Driver/Src/stm32f4xx_ll_usb.o
 .ARM.attributes
                0x00000487       0x34 ./Middlewares/ST/STM32_USB_Device_Library/Class/CDC/Src/usbd_cdc.o
 .ARM.attributes
                0x000004bb       0x34 ./Middlewares/ST/STM32_USB_Device_Library/Core/Src/usbd_core.o
 .ARM.attributes
                0x000004ef       0x34 ./Middlewares/ST/STM32_USB_Device_Library/Core/Src/usbd_ctlreq.o
 .ARM.attributes
                0x00000523       0x34 ./Middlewares/ST/STM32_USB_Device_Library/Core/Src/usbd_ioreq.o
 .ARM.attributes
                0x00000557       0x34 ./USB_DEVICE/App/usb_device.o
 .ARM.attributes
                0x0000058b       0x34 ./USB_DEVICE/App/usbd_cdc_if.o
 .ARM.attributes
                0x000005bf       0x34 ./USB_DEVICE/App/usbd_desc.o
 .ARM.attributes
                0x000005f3       0x34 ./USB_DEVICE/Target/usbd_conf.o
 .ARM.attributes
                0x00000627       0x34 C:/ST/STM32CubeIDE/STM32CubeIDE/plugins/com.st.stm32cube.ide.mcu.externaltools.gnu-tools-for-stm32.12.3.rel1.win32_1.1.0.202410251130/tools/bin/../lib/gcc/arm-none-eabi/12.3.1/../../../../arm-none-eabi/lib/thumb/v7e-m+fp/hard\libc_nano.a(libc_a-findfp.o)
 .ARM.attributes
                0x0000065b       0x34 C:/ST/STM32CubeIDE/STM32CubeIDE/plugins/com.st.stm32cube.ide.mcu.externaltools.gnu-tools-for-stm32.12.3.rel1.win32_1.1.0.202410251130/tools/bin/../lib/gcc/arm-none-eabi/12.3.1/../../../../arm-none-eabi/lib/thumb/v7e-m+fp/hard\libc_nano.a(libc_a-memset.o)
 .ARM.attributes
                0x0000068f       0x34 C:/ST/STM32CubeIDE/STM32CubeIDE/plugins/com.st.stm32cube.ide.mcu.externaltools.gnu-tools-for-stm32.12.3.rel1.win32_1.1.0.202410251130/tools/bin/../lib/gcc/arm-none-eabi/12.3.1/../../../../arm-none-eabi/lib/thumb/v7e-m+fp/hard\libc_nano.a(libc_a-impure.o)
 .ARM.attributes
                0x000006c3       0x34 C:/ST/STM32CubeIDE/STM32CubeIDE/plugins/com.st.stm32cube.ide.mcu.externaltools.gnu-tools-for-stm32.12.3.rel1.win32_1.1.0.202410251130/tools/bin/../lib/gcc/arm-none-eabi/12.3.1/../../../../arm-none-eabi/lib/thumb/v7e-m+fp/hard\libc_nano.a(libc_a-errno.o)
 .ARM.attributes
                0x000006f7       0x34 C:/ST/STM32CubeIDE/STM32CubeIDE/plugins/com.st.stm32cube.ide.mcu.externaltools.gnu-tools-for-stm32.12.3.rel1.win32_1.1.0.202410251130/tools/bin/../lib/gcc/arm-none-eabi/12.3.1/../../../../arm-none-eabi/lib/thumb/v7e-m+fp/hard\libc_nano.a(libc_a-init.o)
 .ARM.attributes
                0x0000072b       0x34 C:/ST/STM32CubeIDE/STM32CubeIDE/plugins/com.st.stm32cube.ide.mcu.externaltools.gnu-tools-for-stm32.12.3.rel1.win32_1.1.0.202410251130/tools/bin/../lib/gcc/arm-none-eabi/12.3.1/../../../../arm-none-eabi/lib/thumb/v7e-m+fp/hard\libc_nano.a(libc_a-memcpy-stub.o)
 .ARM.attributes
                0x0000075f       0x34 C:/ST/STM32CubeIDE/STM32CubeIDE/plugins/com.st.stm32cube.ide.mcu.externaltools.gnu-tools-for-stm32.12.3.rel1.win32_1.1.0.202410251130/tools/bin/../lib/gcc/arm-none-eabi/12.3.1/../../../../arm-none-eabi/lib/thumb/v7e-m+fp/hard\libm.a(libm_a-w_log.o)
 .ARM.attributes
                0x00000793       0x34 C:/ST/STM32CubeIDE/STM32CubeIDE/plugins/com.st.stm32cube.ide.mcu.externaltools.gnu-tools-for-stm32.12.3.rel1.win32_1.1.0.202410251130/tools/bin/../lib/gcc/arm-none-eabi/12.3.1/../../../../arm-none-eabi/lib/thumb/v7e-m+fp/hard\libm.a(libm_a-wf_sqrt.o)
 .ARM.attributes
                0x000007c7       0x34 C:/ST/STM32CubeIDE/STM32CubeIDE/plugins/com.st.stm32cube.ide.mcu.externaltools.gnu-tools-for-stm32.12.3.rel1.win32_1.1.0.202410251130/tools/bin/../lib/gcc/arm-none-eabi/12.3.1/../../../../arm-none-eabi/lib/thumb/v7e-m+fp/hard\libm.a(libm_a-sf_cos.o)
 .ARM.attributes
                0x000007fb       0x34 C:/ST/STM32CubeIDE/STM32CubeIDE/plugins/com.st.stm32cube.ide.mcu.externaltools.gnu-tools-for-stm32.12.3.rel1.win32_1.1.0.202410251130/tools/bin/../lib/gcc/arm-none-eabi/12.3.1/../../../../arm-none-eabi/lib/thumb/v7e-m+fp/hard\libm.a(libm_a-sf_sin.o)
 .ARM.attributes
                0x0000082f       0x34 C:/ST/STM32CubeIDE/STM32CubeIDE/plugins/com.st.stm32cube.ide.mcu.externaltools.gnu-tools-for-stm32.12.3.rel1.win32_1.1.0.202410251130/tools/bin/../lib/gcc/arm-none-eabi/12.3.1/../../../../arm-none-eabi/lib/thumb/v7e-m+fp/hard\libm.a(libm_a-s_nan.o)
 .ARM.attributes
                0x00000863       0x34 C:/ST/STM32CubeIDE/STM32CubeIDE/plugins/com.st.stm32cube.ide.mcu.externaltools.gnu-tools-for-stm32.12.3.rel1.win32_1.1.0.202410251130/tools/bin/../lib/gcc/arm-none-eabi/12.3.1/../../../../arm-none-eabi/lib/thumb/v7e-m+fp/hard\libm.a(libm_a-ef_sqrt.o)
 .ARM.attributes
                0x00000897       0x34 C:/ST/STM32CubeIDE/STM32CubeIDE/plugins/com.st.stm32cube.ide.mcu.externaltools.gnu-tools-for-stm32.12.3.rel1.win32_1.1.0.202410251130/tools/bin/../lib/gcc/arm-none-eabi/12.3.1/../../../../arm-none-eabi/lib/thumb/v7e-m+fp/hard\libm.a(libm_a-sf_round.o)
 .ARM.attributes